2026-04-05 18:15:45.775 [info] [main] Log level: Info
2026-04-05 18:15:45.775 [info] [main] Validating found git in: "git"
2026-04-05 18:15:45.775 [info] [main] Using git "2.43.0" from "git"
2026-04-05 18:15:45.775 [info] [Model][doInitialScan] Initial repository scan started
2026-04-05 18:15:45.775 [info] > git rev-parse --show-toplevel [57ms]
2026-04-05 18:15:45.775 [info] > git rev-parse --git-dir --git-common-dir --show-superproject-working-tree [65ms]
2026-04-05 18:15:45.775 [info] [Model][openRepository] Opened repository (path): /home/rey_miller_chancahuana_almora
2026-04-05 18:15:45.775 [info] [Model][openRepository] Opened repository (real path): /home/rey_miller_chancahuana_almora
2026-04-05 18:15:45.775 [info] [Model][openRepository] Opened repository (kind): repository
2026-04-05 18:15:45.775 [info] > git rev-parse --show-toplevel [103ms]
2026-04-05 18:15:45.775 [info] > git config --get commit.template [126ms]
2026-04-05 18:15:45.775 [info] > git rev-parse --show-toplevel [43ms]
2026-04-05 18:15:45.775 [info] > git for-each-ref --format=%(refname)%00%(upstream:short)%00%(objectname)%00%(upstream:track)%00%(upstream:remotename)%00%(upstream:remoteref) refs/heads/master refs/remotes/master [21ms]
2026-04-05 18:15:45.775 [info] > git status -z -uall [3901ms]
2026-04-05 18:15:45.775 [info] > git rev-parse --show-toplevel [3915ms]
2026-04-05 18:15:45.968 [info] > git for-each-ref --sort -committerdate --format %(refname)%00%(objectname)%00%(*objectname) [4051ms]
2026-04-05 18:15:46.151 [info] > git for-each-ref --format=%(refname)%00%(upstream:short)%00%(objectname)%00%(upstream:track)%00%(upstream:remotename)%00%(upstream:remoteref) refs/heads/master refs/remotes/master [114ms]
2026-04-05 18:15:46.169 [info] > git rev-parse --show-toplevel [383ms]
2026-04-05 18:15:46.249 [info] > git config --get --local branch.master.vscode-merge-base [80ms]
2026-04-05 18:15:46.255 [warning] [Git][config] git config failed: Failed to execute git
2026-04-05 18:15:46.299 [info] > git config --get commit.template [163ms]
2026-04-05 18:15:46.576 [info] > git check-ignore -v -z --stdin [240ms]
2026-04-05 18:15:46.577 [info] > git reflog master --grep-reflog=branch: Created from *. [278ms]
2026-04-05 18:15:46.580 [info] > git rev-parse --show-toplevel [344ms]
2026-04-05 18:15:46.598 [info] > git rev-parse --show-toplevel [6ms]
2026-04-05 18:15:46.599 [info] > git for-each-ref --format=%(refname)%00%(upstream:short)%00%(objectname)%00%(upstream:track)%00%(upstream:remotename)%00%(upstream:remoteref) refs/heads/master refs/remotes/master [12ms]
2026-04-05 18:15:46.611 [info] > git symbolic-ref --short refs/remotes/origin/HEAD [31ms]
2026-04-05 18:15:46.611 [info] fatal: ref refs/remotes/origin/HEAD is not a symbolic ref
2026-04-05 18:15:46.611 [warning] [Repository][getDefaultBranch] Failed to get default branch details: Failed to execute git.
2026-04-05 18:15:46.631 [info] > git for-each-ref --sort -committerdate --format %(refname)%00%(objectname)%00%(*objectname) [21ms]
2026-04-05 18:15:46.666 [info] > git rev-parse --show-toplevel [47ms]
2026-04-05 18:15:46.667 [info] [Model][doInitialScan] Initial repository scan completed - repositories (1), closed repositories (0), parent repositories (0), unsafe repositories (0)
2026-04-05 18:15:46.670 [info] > git status -z -uall [68ms]
2026-04-05 18:15:46.684 [info] > git check-ignore -v -z --stdin [3ms]
2026-04-05 18:15:47.169 [info] > git ls-files --stage -- Code.js [3ms]
2026-04-05 18:15:47.182 [info] > git show --textconv :Code.js [24ms]
2026-04-05 18:15:47.183 [info] > git cat-file -s bb5324761bf9c2cc9d1d3c8a7991fa26f6c02822 [4ms]
2026-04-05 18:15:48.246 [info] > git config --get commit.template [43ms]
2026-04-05 18:15:48.247 [info] > git check-ignore -v -z --stdin [11ms]
2026-04-05 18:15:48.281 [info] > git for-each-ref --format=%(refname)%00%(upstream:short)%00%(objectname)%00%(upstream:track)%00%(upstream:remotename)%00%(upstream:remoteref) refs/heads/master refs/remotes/master [15ms]
2026-04-05 18:15:48.336 [info] > git for-each-ref --sort -committerdate --format %(refname)%00%(objectname)%00%(*objectname) [31ms]
2026-04-05 18:15:48.361 [info] > git status -z -uall [69ms]
2026-04-05 18:15:50.547 [info] > git check-ignore -v -z --stdin [6ms]
2026-04-05 18:15:53.454 [info] > git config --get commit.template [7ms]
2026-04-05 18:15:53.498 [info] > git for-each-ref --format=%(refname)%00%(upstream:short)%00%(objectname)%00%(upstream:track)%00%(upstream:remotename)%00%(upstream:remoteref) refs/heads/master refs/remotes/master [10ms]
2026-04-05 18:15:53.572 [info] > git for-each-ref --sort -committerdate --format %(refname)%00%(objectname)%00%(*objectname) [9ms]
2026-04-05 18:15:53.643 [info] > git status -z -uall [120ms]
2026-04-05 18:15:54.917 [info] > git check-ignore -v -z --stdin [31ms]
2026-04-05 18:16:20.218 [info] > git config --get commit.template [15ms]
2026-04-05 18:16:20.219 [info] > git for-each-ref --format=%(refname)%00%(upstream:short)%00%(objectname)%00%(upstream:track)%00%(upstream:remotename)%00%(upstream:remoteref) refs/heads/master refs/remotes/master [3ms]
2026-04-05 18:16:20.254 [info] > git for-each-ref --sort -committerdate --format %(refname)%00%(objectname)%00%(*objectname) [2ms]
2026-04-05 18:16:20.275 [info] > git status -z -uall [42ms]
2026-04-05 18:16:21.945 [info] > git check-ignore -v -z --stdin [3ms]
2026-04-05 18:16:25.307 [info] > git config --get commit.template [15ms]
2026-04-05 18:16:25.308 [info] > git for-each-ref --format=%(refname)%00%(upstream:short)%00%(objectname)%00%(upstream:track)%00%(upstream:remotename)%00%(upstream:remoteref) refs/heads/master refs/remotes/master [2ms]
2026-04-05 18:16:25.347 [info] > git for-each-ref --sort -committerdate --format %(refname)%00%(objectname)%00%(*objectname) [6ms]
2026-04-05 18:16:25.372 [info] > git status -z -uall [50ms]
2026-04-05 18:16:26.862 [info] > git check-ignore -v -z --stdin [2ms]
2026-04-05 18:17:03.425 [info] > git config --get commit.template [12ms]
2026-04-05 18:17:03.425 [info] > git for-each-ref --format=%(refname)%00%(upstream:short)%00%(objectname)%00%(upstream:track)%00%(upstream:remotename)%00%(upstream:remoteref) refs/heads/master refs/remotes/master [2ms]
2026-04-05 18:17:03.449 [info] > git for-each-ref --sort -committerdate --format %(refname)%00%(objectname)%00%(*objectname) [2ms]
2026-04-05 18:17:03.474 [info] > git status -z -uall [39ms]
2026-04-05 18:17:05.099 [info] > git check-ignore -v -z --stdin [2ms]
2026-04-05 18:17:08.489 [info] > git config --get commit.template [2ms]
2026-04-05 18:17:08.498 [info] > git for-each-ref --format=%(refname)%00%(upstream:short)%00%(objectname)%00%(upstream:track)%00%(upstream:remotename)%00%(upstream:remoteref) refs/heads/master refs/remotes/master [2ms]
2026-04-05 18:17:08.520 [info] > git for-each-ref --sort -committerdate --format %(refname)%00%(objectname)%00%(*objectname) [2ms]
2026-04-05 18:17:08.547 [info] > git status -z -uall [40ms]
2026-04-05 18:17:10.012 [info] > git check-ignore -v -z --stdin [2ms]
2026-04-05 18:17:14.399 [info] > git config --get commit.template [11ms]
2026-04-05 18:17:14.401 [info] > git for-each-ref --format=%(refname)%00%(upstream:short)%00%(objectname)%00%(upstream:track)%00%(upstream:remotename)%00%(upstream:remoteref) refs/heads/master refs/remotes/master [3ms]
2026-04-05 18:17:14.426 [info] > git for-each-ref --sort -committerdate --format %(refname)%00%(objectname)%00%(*objectname) [2ms]
2026-04-05 18:17:14.453 [info] > git status -z -uall [44ms]
2026-04-05 18:17:15.772 [info] > git check-ignore -v -z --stdin [3ms]
2026-04-05 18:17:17.992 [info] > git ls-files --stage -- Code.js [3ms]
2026-04-05 18:17:18.003 [info] > git cat-file -s bb5324761bf9c2cc9d1d3c8a7991fa26f6c02822 [2ms]
2026-04-05 18:17:18.430 [info] > git show --textconv :Code.js [13ms]
2026-04-05 18:17:19.530 [info] > git config --get commit.template [48ms]
2026-04-05 18:17:19.580 [info] > git for-each-ref --format=%(refname)%00%(upstream:short)%00%(objectname)%00%(upstream:track)%00%(upstream:remotename)%00%(upstream:remoteref) refs/heads/master refs/remotes/master [22ms]
2026-04-05 18:17:19.609 [info] > git for-each-ref --sort -committerdate --format %(refname)%00%(objectname)%00%(*objectname) [3ms]
2026-04-05 18:17:19.632 [info] > git status -z -uall [42ms]
2026-04-05 18:17:21.236 [info] > git check-ignore -v -z --stdin [3ms]
2026-04-05 18:17:25.561 [info] > git config --get commit.template [4ms]
2026-04-05 18:17:25.576 [info] > git for-each-ref --format=%(refname)%00%(upstream:short)%00%(objectname)%00%(upstream:track)%00%(upstream:remotename)%00%(upstream:remoteref) refs/heads/master refs/remotes/master [3ms]
2026-04-05 18:17:25.625 [info] > git for-each-ref --sort -committerdate --format %(refname)%00%(objectname)%00%(*objectname) [11ms]
2026-04-05 18:17:25.648 [info] > git status -z -uall [59ms]
2026-04-05 18:17:27.075 [info] > git check-ignore -v -z --stdin [3ms]
2026-04-05 18:17:30.672 [info] > git config --get commit.template [11ms]
2026-04-05 18:17:30.673 [info] > git for-each-ref --format=%(refname)%00%(upstream:short)%00%(objectname)%00%(upstream:track)%00%(upstream:remotename)%00%(upstream:remoteref) refs/heads/master refs/remotes/master [2ms]
2026-04-05 18:17:30.698 [info] > git for-each-ref --sort -committerdate --format %(refname)%00%(objectname)%00%(*objectname) [3ms]
2026-04-05 18:17:30.900 [info] > git ls-files --stage -- Code.js [3ms]
2026-04-05 18:17:30.912 [info] > git cat-file -s bb5324761bf9c2cc9d1d3c8a7991fa26f6c02822 [2ms]
2026-04-05 18:17:31.321 [info] > git show --textconv :Code.js [4ms]
2026-04-05 18:17:31.409 [info] > git status -z -uall [727ms]
2026-04-05 18:17:32.639 [info] > git check-ignore -v -z --stdin [3ms]
2026-04-05 18:17:36.435 [info] > git config --get commit.template [11ms]
2026-04-05 18:17:36.436 [info] > git for-each-ref --format=%(refname)%00%(upstream:short)%00%(objectname)%00%(upstream:track)%00%(upstream:remotename)%00%(upstream:remoteref) refs/heads/master refs/remotes/master [2ms]
2026-04-05 18:17:36.460 [info] > git for-each-ref --sort -committerdate --format %(refname)%00%(objectname)%00%(*objectname) [2ms]
2026-04-05 18:17:36.496 [info] > git status -z -uall [51ms]
2026-04-05 18:17:37.740 [info] > git check-ignore -v -z --stdin [3ms]
2026-04-05 18:17:41.519 [info] > git config --get commit.template [9ms]
2026-04-05 18:17:41.521 [info] > git for-each-ref --format=%(refname)%00%(upstream:short)%00%(objectname)%00%(upstream:track)%00%(upstream:remotename)%00%(upstream:remoteref) refs/heads/master refs/remotes/master [2ms]
2026-04-05 18:17:41.546 [info] > git for-each-ref --sort -committerdate --format %(refname)%00%(objectname)%00%(*objectname) [3ms]
2026-04-05 18:17:41.583 [info] > git status -z -uall [50ms]
2026-04-05 18:17:43.042 [info] > git check-ignore -v -z --stdin [2ms]
2026-04-05 18:17:50.598 [info] > git config --get commit.template [2ms]
2026-04-05 18:17:50.609 [info] > git for-each-ref --format=%(refname)%00%(upstream:short)%00%(objectname)%00%(upstream:track)%00%(upstream:remotename)%00%(upstream:remoteref) refs/heads/master refs/remotes/master [1ms]
2026-04-05 18:17:50.633 [info] > git for-each-ref --sort -committerdate --format %(refname)%00%(objectname)%00%(*objectname) [2ms]
2026-04-05 18:17:50.668 [info] > git status -z -uall [50ms]
2026-04-05 18:17:52.076 [info] > git check-ignore -v -z --stdin [3ms]
2026-04-05 18:17:55.686 [info] > git config --get commit.template [3ms]
2026-04-05 18:17:55.697 [info] > git for-each-ref --format=%(refname)%00%(upstream:short)%00%(objectname)%00%(upstream:track)%00%(upstream:remotename)%00%(upstream:remoteref) refs/heads/master refs/remotes/master [2ms]
2026-04-05 18:17:55.720 [info] > git for-each-ref --sort -committerdate --format %(refname)%00%(objectname)%00%(*objectname) [1ms]
2026-04-05 18:17:55.757 [info] > git status -z -uall [51ms]
2026-04-05 18:17:57.389 [info] > git check-ignore -v -z --stdin [2ms]
2026-04-05 18:18:29.804 [info] > git config --get commit.template [2ms]
2026-04-05 18:18:29.817 [info] > git for-each-ref --format=%(refname)%00%(upstream:short)%00%(objectname)%00%(upstream:track)%00%(upstream:remotename)%00%(upstream:remoteref) refs/heads/master refs/remotes/master [3ms]
2026-04-05 18:18:29.845 [info] > git for-each-ref --sort -committerdate --format %(refname)%00%(objectname)%00%(*objectname) [3ms]
2026-04-05 18:18:29.884 [info] > git status -z -uall [58ms]
2026-04-05 18:18:31.676 [info] > git check-ignore -v -z --stdin [4ms]
2026-04-05 18:18:34.906 [info] > git config --get commit.template [10ms]
2026-04-05 18:18:34.907 [info] > git for-each-ref --format=%(refname)%00%(upstream:short)%00%(objectname)%00%(upstream:track)%00%(upstream:remotename)%00%(upstream:remoteref) refs/heads/master refs/remotes/master [2ms]
2026-04-05 18:18:34.932 [info] > git for-each-ref --sort -committerdate --format %(refname)%00%(objectname)%00%(*objectname) [3ms]
2026-04-05 18:18:34.968 [info] > git status -z -uall [52ms]
2026-04-05 18:18:36.325 [info] > git check-ignore -v -z --stdin [3ms]
2026-04-05 18:18:39.994 [info] > git config --get commit.template [12ms]
2026-04-05 18:18:39.995 [info] > git for-each-ref --format=%(refname)%00%(upstream:short)%00%(objectname)%00%(upstream:track)%00%(upstream:remotename)%00%(upstream:remoteref) refs/heads/master refs/remotes/master [2ms]
2026-04-05 18:18:40.020 [info] > git for-each-ref --sort -committerdate --format %(refname)%00%(objectname)%00%(*objectname) [2ms]
2026-04-05 18:18:40.057 [info] > git status -z -uall [53ms]
2026-04-05 18:18:41.618 [info] > git check-ignore -v -z --stdin [3ms]
2026-04-05 18:18:59.733 [info] > git config --get commit.template [4ms]
2026-04-05 18:18:59.745 [info] > git for-each-ref --format=%(refname)%00%(upstream:short)%00%(objectname)%00%(upstream:track)%00%(upstream:remotename)%00%(upstream:remoteref) refs/heads/master refs/remotes/master [2ms]
2026-04-05 18:18:59.769 [info] > git for-each-ref --sort -committerdate --format %(refname)%00%(objectname)%00%(*objectname) [2ms]
2026-04-05 18:18:59.806 [info] > git status -z -uall [52ms]
2026-04-05 18:19:01.194 [info] > git check-ignore -v -z --stdin [2ms]
2026-04-05 18:19:04.822 [info] > git config --get commit.template [3ms]
2026-04-05 18:19:04.834 [info] > git for-each-ref --format=%(refname)%00%(upstream:short)%00%(objectname)%00%(upstream:track)%00%(upstream:remotename)%00%(upstream:remoteref) refs/heads/master refs/remotes/master [2ms]
2026-04-05 18:19:04.858 [info] > git for-each-ref --sort -committerdate --format %(refname)%00%(objectname)%00%(*objectname) [1ms]
2026-04-05 18:19:04.895 [info] > git status -z -uall [52ms]
2026-04-05 18:19:06.188 [info] > git check-ignore -v -z --stdin [3ms]
2026-04-05 18:19:09.919 [info] > git config --get commit.template [11ms]
2026-04-05 18:19:09.920 [info] > git for-each-ref --format=%(refname)%00%(upstream:short)%00%(objectname)%00%(upstream:track)%00%(upstream:remotename)%00%(upstream:remoteref) refs/heads/master refs/remotes/master [2ms]
2026-04-05 18:19:09.945 [info] > git for-each-ref --sort -committerdate --format %(refname)%00%(objectname)%00%(*objectname) [5ms]
2026-04-05 18:19:09.984 [info] > git status -z -uall [56ms]
2026-04-05 18:19:11.350 [info] > git check-ignore -v -z --stdin [3ms]
2026-04-05 18:19:15.007 [info] > git config --get commit.template [9ms]
2026-04-05 18:19:15.008 [info] > git for-each-ref --format=%(refname)%00%(upstream:short)%00%(objectname)%00%(upstream:track)%00%(upstream:remotename)%00%(upstream:remoteref) refs/heads/master refs/remotes/master [2ms]
2026-04-05 18:19:15.032 [info] > git for-each-ref --sort -committerdate --format %(refname)%00%(objectname)%00%(*objectname) [2ms]
2026-04-05 18:19:15.069 [info] > git status -z -uall [52ms]
2026-04-05 18:19:17.518 [info] > git check-ignore -v -z --stdin [3ms]
2026-04-05 18:19:29.749 [info] > git config --get commit.template [13ms]
2026-04-05 18:19:29.751 [info] > git for-each-ref --format=%(refname)%00%(upstream:short)%00%(objectname)%00%(upstream:track)%00%(upstream:remotename)%00%(upstream:remoteref) refs/heads/master refs/remotes/master [3ms]
2026-04-05 18:19:29.777 [info] > git for-each-ref --sort -committerdate --format %(refname)%00%(objectname)%00%(*objectname) [3ms]
2026-04-05 18:19:29.815 [info] > git status -z -uall [55ms]
2026-04-05 18:19:31.095 [info] > git check-ignore -v -z --stdin [3ms]
2026-04-05 18:19:33.307 [info] > git ls-files --stage -- Code.js [3ms]
2026-04-05 18:19:33.317 [info] > git cat-file -s bb5324761bf9c2cc9d1d3c8a7991fa26f6c02822 [2ms]
2026-04-05 18:19:33.870 [info] > git show --textconv :Code.js [3ms]
2026-04-05 18:19:34.841 [info] > git config --get commit.template [10ms]
2026-04-05 18:19:34.843 [info] > git for-each-ref --format=%(refname)%00%(upstream:short)%00%(objectname)%00%(upstream:track)%00%(upstream:remotename)%00%(upstream:remoteref) refs/heads/master refs/remotes/master [2ms]
2026-04-05 18:19:34.870 [info] > git for-each-ref --sort -committerdate --format %(refname)%00%(objectname)%00%(*objectname) [4ms]
2026-04-05 18:19:34.896 [info] > git status -z -uall [43ms]
2026-04-05 18:19:35.908 [info] > git check-ignore -v -z --stdin [2ms]
2026-04-05 18:19:39.917 [info] > git config --get commit.template [9ms]
2026-04-05 18:19:39.918 [info] > git for-each-ref --format=%(refname)%00%(upstream:short)%00%(objectname)%00%(upstream:track)%00%(upstream:remotename)%00%(upstream:remoteref) refs/heads/master refs/remotes/master [1ms]
2026-04-05 18:19:39.944 [info] > git for-each-ref --sort -committerdate --format %(refname)%00%(objectname)%00%(*objectname) [5ms]
2026-04-05 18:19:39.970 [info] > git status -z -uall [42ms]
2026-04-05 18:19:41.498 [info] > git check-ignore -v -z --stdin [3ms]
2026-04-05 18:19:44.987 [info] > git config --get commit.template [2ms]
2026-04-05 18:19:44.997 [info] > git for-each-ref --format=%(refname)%00%(upstream:short)%00%(objectname)%00%(upstream:track)%00%(upstream:remotename)%00%(upstream:remoteref) refs/heads/master refs/remotes/master [2ms]
2026-04-05 18:19:45.019 [info] > git for-each-ref --sort -committerdate --format %(refname)%00%(objectname)%00%(*objectname) [2ms]
2026-04-05 18:19:45.050 [info] > git status -z -uall [45ms]
2026-04-05 18:19:46.336 [info] > git check-ignore -v -z --stdin [3ms]
2026-04-05 18:19:50.065 [info] > git config --get commit.template [3ms]
2026-04-05 18:19:50.075 [info] > git for-each-ref --format=%(refname)%00%(upstream:short)%00%(objectname)%00%(upstream:track)%00%(upstream:remotename)%00%(upstream:remoteref) refs/heads/master refs/remotes/master [2ms]
2026-04-05 18:19:50.103 [info] > git for-each-ref --sort -committerdate --format %(refname)%00%(objectname)%00%(*objectname) [3ms]
2026-04-05 18:19:50.126 [info] > git status -z -uall [43ms]
2026-04-05 18:19:51.763 [info] > git check-ignore -v -z --stdin [3ms]
2026-04-05 18:19:55.143 [info] > git config --get commit.template [3ms]
2026-04-05 18:19:55.153 [info] > git for-each-ref --format=%(refname)%00%(upstream:short)%00%(objectname)%00%(upstream:track)%00%(upstream:remotename)%00%(upstream:remoteref) refs/heads/master refs/remotes/master [1ms]
2026-04-05 18:19:55.178 [info] > git for-each-ref --sort -committerdate --format %(refname)%00%(objectname)%00%(*objectname) [1ms]
2026-04-05 18:19:55.204 [info] > git status -z -uall [41ms]
2026-04-05 18:19:56.612 [info] > git check-ignore -v -z --stdin [3ms]
2026-04-05 18:20:13.721 [info] > git config --get commit.template [2ms]
2026-04-05 18:20:13.731 [info] > git for-each-ref --format=%(refname)%00%(upstream:short)%00%(objectname)%00%(upstream:track)%00%(upstream:remotename)%00%(upstream:remoteref) refs/heads/master refs/remotes/master [2ms]
2026-04-05 18:20:13.753 [info] > git for-each-ref --sort -committerdate --format %(refname)%00%(objectname)%00%(*objectname) [2ms]
2026-04-05 18:20:13.780 [info] > git status -z -uall [41ms]
2026-04-05 18:20:15.393 [info] > git check-ignore -v -z --stdin [2ms]
2026-04-05 18:20:18.805 [info] > git config --get commit.template [10ms]
2026-04-05 18:20:18.806 [info] > git for-each-ref --format=%(refname)%00%(upstream:short)%00%(objectname)%00%(upstream:track)%00%(upstream:remotename)%00%(upstream:remoteref) refs/heads/master refs/remotes/master [1ms]
2026-04-05 18:20:18.828 [info] > git for-each-ref --sort -committerdate --format %(refname)%00%(objectname)%00%(*objectname) [2ms]
2026-04-05 18:20:18.860 [info] > git status -z -uall [46ms]
2026-04-05 18:20:20.318 [info] > git check-ignore -v -z --stdin [3ms]
