2026-04-16 18:37:15.988 [warning] Dir "/home/rey_miller_chancahuana_almora/.pixi/envs" is not watchable (directory does not exist)
2026-04-16 18:37:17.834 [info] Starting Environment refresh
2026-04-16 18:37:17.834 [info] Searching for interpreters in posix paths locator
2026-04-16 18:37:17.863 [info] Searching for pyenv environments
2026-04-16 18:37:17.865 [info] Searching for conda environments
2026-04-16 18:37:17.866 [info] Searching for global virtual environments
2026-04-16 18:37:17.866 [info] Searching for custom virtual environments
2026-04-16 18:37:17.946 [info] Skipping ActivatedEnv Detection:  process.env.VSCODE_CLI !== '1'
2026-04-16 18:37:17.948 [info] Skipping ActivatedEnv Detection:  process.env.VSCODE_CLI !== '1'
2026-04-16 18:37:17.962 [info] pyenv is not installed
2026-04-16 18:37:17.962 [info] Finished searching for pyenv environments: 119 milliseconds
2026-04-16 18:37:17.963 [info] Finished searching for custom virtual envs: 118 milliseconds
2026-04-16 18:37:17.993 [info] > conda info --json
2026-04-16 18:37:18.043 [info] > hatch env show --json
2026-04-16 18:37:18.043 [info] cwd: .
2026-04-16 18:37:18.118 [info] > pyenv which python
2026-04-16 18:37:18.118 [info] cwd: .
2026-04-16 18:37:18.118 [info] Finished searching for global virtual envs: 276 milliseconds
2026-04-16 18:37:18.156 [info] Found: /bin/python --> /bin/python3.12
2026-04-16 18:37:18.163 [info] Found: /bin/python3 --> /bin/python3.12
2026-04-16 18:37:18.164 [info] Found: /bin/python3.12 --> /bin/python3.12
2026-04-16 18:37:18.252 [info] Found: /usr/bin/python --> /usr/bin/python3.12
2026-04-16 18:37:18.258 [info] Found: /usr/bin/python3 --> /usr/bin/python3.12
2026-04-16 18:37:18.258 [info] Found: /usr/bin/python3.12 --> /usr/bin/python3.12
2026-04-16 18:37:19.142 [info] Finished searching for interpreters in posix paths locator: 1288 milliseconds
2026-04-16 18:37:19.144 [info] > /bin/python -I /google/devshell/editor/code-oss-for-cloud-shell/extensions/ms-python.python/python_files/get_output_via_markers.py /google/devshell/editor/code-oss-for-cloud-shell/extensions/ms-python.python/python_files/interpreterInfo.py
2026-04-16 18:37:19.358 [info] > /usr/bin/python -I /google/devshell/editor/code-oss-for-cloud-shell/extensions/ms-python.python/python_files/get_output_via_markers.py /google/devshell/editor/code-oss-for-cloud-shell/extensions/ms-python.python/python_files/interpreterInfo.py
2026-04-16 18:37:19.358 [info] Environments refresh paths discovered (event): 1532 milliseconds
2026-04-16 18:37:19.358 [info] Environments refresh paths discovered: 1533 milliseconds
2026-04-16 18:37:19.647 [info] Environments refresh finished (event): 1815 milliseconds
2026-04-16 18:37:19.743 [info] Environment refresh took 1917 milliseconds
2026-04-16 18:37:19.891 [info] Python interpreter path: /bin/python
2026-04-16 18:37:29.730 [info] Starting Jedi language server for rey_miller_chancahuana_almora.
