2026-04-21 05:28:07.158 [info] [main] Log level: Info
2026-04-21 05:28:07.158 [info] [main] Validating found git in: "git"
2026-04-21 05:28:07.158 [info] [main] Using git "2.43.0" from "git"
2026-04-21 05:28:07.158 [info] [Model][doInitialScan] Initial repository scan started
2026-04-21 05:28:07.158 [info] > git rev-parse --show-toplevel [4ms]
2026-04-21 05:28:07.158 [info] [Model][doInitialScan] Initial repository scan completed - repositories (0), closed repositories (0), parent repositories (1), unsafe repositories (0)
2026-04-21 05:28:14.579 [info] > git rev-parse --show-toplevel [1320ms]
2026-04-21 05:28:38.170 [info] > git rev-parse --show-toplevel [8ms]
2026-04-21 05:28:42.675 [info] > git rev-parse --show-toplevel [8ms]
2026-04-21 05:28:42.952 [info] > git rev-parse --show-toplevel [13ms]
2026-04-21 05:28:42.991 [info] > git rev-parse --git-dir --git-common-dir --show-superproject-working-tree [11ms]
2026-04-21 05:28:43.148 [info] [Model][openRepository] Opened repository (path): /home/rey_miller_chancahuana_almora
2026-04-21 05:28:43.148 [info] [Model][openRepository] Opened repository (real path): /home/rey_miller_chancahuana_almora
2026-04-21 05:28:43.148 [info] [Model][openRepository] Opened repository (kind): repository
2026-04-21 05:28:43.224 [info] > git config --get commit.template [36ms]
2026-04-21 05:28:43.350 [info] > git for-each-ref --format=%(refname)%00%(upstream:short)%00%(objectname)%00%(upstream:track)%00%(upstream:remotename)%00%(upstream:remoteref) refs/heads/main refs/remotes/main [134ms]
2026-04-21 05:28:43.478 [info] > git for-each-ref --sort -committerdate --format %(refname)%00%(objectname)%00%(*objectname) [63ms]
2026-04-21 05:28:43.894 [info] > git check-ignore -v -z --stdin [25ms]
2026-04-21 05:28:44.971 [info] > git status -z -uall [1594ms]
2026-04-21 05:28:45.728 [info] > git for-each-ref --format=%(refname)%00%(upstream:short)%00%(objectname)%00%(upstream:track)%00%(upstream:remotename)%00%(upstream:remoteref) refs/heads/main refs/remotes/main [620ms]
2026-04-21 05:28:45.761 [info] > git config --get --local branch.main.vscode-merge-base [19ms]
2026-04-21 05:28:45.762 [warning] [Git][config] git config failed: Failed to execute git
2026-04-21 05:28:45.774 [info] > git config --get commit.template [51ms]
2026-04-21 05:28:45.803 [info] > git reflog main --grep-reflog=branch: Created from *. [30ms]
2026-04-21 05:28:45.815 [info] > git for-each-ref --format=%(refname)%00%(upstream:short)%00%(objectname)%00%(upstream:track)%00%(upstream:remotename)%00%(upstream:remoteref) refs/heads/main refs/remotes/main [21ms]
2026-04-21 05:28:45.848 [info] > git symbolic-ref --short refs/remotes/origin/HEAD [33ms]
2026-04-21 05:28:45.848 [info] fatal: ref refs/remotes/origin/HEAD is not a symbolic ref
2026-04-21 05:28:45.848 [warning] [Repository][getDefaultBranch] Failed to get default branch details: Failed to execute git.
2026-04-21 05:28:45.879 [info] > git merge-base refs/heads/main refs/remotes/origin/main [5ms]
2026-04-21 05:28:45.903 [info] > git for-each-ref --sort -committerdate --format %(refname)%00%(objectname)%00%(*objectname) [60ms]
2026-04-21 05:28:45.907 [info] > git diff --raw --numstat --diff-filter=ADMR -z --find-renames=50% f9a8faa24ef9e2ddb4dca70a186268a99a5c5817...refs/remotes/origin/main -- [5ms]
2026-04-21 05:28:46.009 [info] > git status -z -uall [179ms]
2026-04-21 05:28:48.190 [info] > git config --get commit.template [3ms]
2026-04-21 05:28:48.201 [info] > git for-each-ref --format=%(refname)%00%(upstream:short)%00%(objectname)%00%(upstream:track)%00%(upstream:remotename)%00%(upstream:remoteref) refs/heads/main refs/remotes/main [3ms]
2026-04-21 05:28:48.230 [info] > git for-each-ref --sort -committerdate --format %(refname)%00%(objectname)%00%(*objectname) [6ms]
2026-04-21 05:28:48.356 [info] > git status -z -uall [145ms]
2026-04-21 05:28:51.993 [info] > git check-ignore -v -z --stdin [83ms]
2026-04-21 05:28:52.006 [info] > git check-ignore -v -z --stdin [39ms]
2026-04-21 05:28:52.355 [info] > git show --textconv :JABA/Code.js [69ms]
2026-04-21 05:28:52.365 [info] > git ls-files --stage -- JABA/Code.js [23ms]
2026-04-21 05:28:52.428 [info] > git cat-file -s 51bfea3d503ae3edabbb6b7835d8edb71387ec1f [10ms]
2026-04-21 05:28:53.442 [info] > git config --get commit.template [26ms]
2026-04-21 05:28:53.449 [info] > git for-each-ref --format=%(refname)%00%(upstream:short)%00%(objectname)%00%(upstream:track)%00%(upstream:remotename)%00%(upstream:remoteref) refs/heads/main refs/remotes/main [10ms]
2026-04-21 05:28:53.510 [info] > git for-each-ref --sort -committerdate --format %(refname)%00%(objectname)%00%(*objectname) [7ms]
2026-04-21 05:28:53.835 [info] > git check-ignore -v -z --stdin [31ms]
2026-04-21 05:28:54.086 [info] > git status -z -uall [615ms]
2026-04-21 05:28:55.162 [info] > git log --format=%H%n%aN%n%aE%n%at%n%ct%n%P%n%D%n%B -z --shortstat --diff-merges=first-parent -n50 --skip=0 --topo-order --decorate=full --stdin [3795ms]
2026-04-21 05:28:57.210 [info] > git check-ignore -v -z --stdin [2ms]
2026-04-21 05:28:57.412 [info] > git check-ignore -v -z --stdin [4ms]
2026-04-21 05:28:57.782 [info] > git merge-base main origin/main [2ms]
2026-04-21 05:28:58.571 [info] > git log --format=%H%n%aN%n%aE%n%at%n%ct%n%P%n%D%n%B -z --shortstat --diff-merges=first-parent -n50 --skip=0 --topo-order --decorate=full --stdin [577ms]
2026-04-21 05:28:58.774 [info] > git merge-base main origin/main [3ms]
2026-04-21 05:28:59.177 [info] > git config --get commit.template [2ms]
2026-04-21 05:28:59.186 [info] > git for-each-ref --format=%(refname)%00%(upstream:short)%00%(objectname)%00%(upstream:track)%00%(upstream:remotename)%00%(upstream:remoteref) refs/heads/main refs/remotes/main [2ms]
2026-04-21 05:28:59.208 [info] > git for-each-ref --sort -committerdate --format %(refname)%00%(objectname)%00%(*objectname) [5ms]
2026-04-21 05:28:59.332 [info] > git status -z -uall [139ms]
2026-04-21 05:29:01.263 [info] > git check-ignore -v -z --stdin [3ms]
2026-04-21 05:29:04.375 [info] > git config --get commit.template [10ms]
2026-04-21 05:29:04.376 [info] > git for-each-ref --format=%(refname)%00%(upstream:short)%00%(objectname)%00%(upstream:track)%00%(upstream:remotename)%00%(upstream:remoteref) refs/heads/main refs/remotes/main [3ms]
2026-04-21 05:29:04.400 [info] > git for-each-ref --sort -committerdate --format %(refname)%00%(objectname)%00%(*objectname) [5ms]
2026-04-21 05:29:04.526 [info] > git status -z -uall [141ms]
2026-04-21 05:29:06.937 [info] > git check-ignore -v -z --stdin [3ms]
2026-04-21 05:29:09.991 [info] > git config --get commit.template [11ms]
2026-04-21 05:29:09.992 [info] > git for-each-ref --format=%(refname)%00%(upstream:short)%00%(objectname)%00%(upstream:track)%00%(upstream:remotename)%00%(upstream:remoteref) refs/heads/main refs/remotes/main [3ms]
2026-04-21 05:29:10.022 [info] > git for-each-ref --sort -committerdate --format %(refname)%00%(objectname)%00%(*objectname) [6ms]
2026-04-21 05:29:10.144 [info] > git status -z -uall [139ms]
2026-04-21 05:29:15.188 [info] > git config --get commit.template [6ms]
2026-04-21 05:29:15.200 [info] > git for-each-ref --format=%(refname)%00%(upstream:short)%00%(objectname)%00%(upstream:track)%00%(upstream:remotename)%00%(upstream:remoteref) refs/heads/main refs/remotes/main [3ms]
2026-04-21 05:29:15.229 [info] > git for-each-ref --sort -committerdate --format %(refname)%00%(objectname)%00%(*objectname) [5ms]
2026-04-21 05:29:15.370 [info] > git status -z -uall [159ms]
2026-04-21 05:29:30.000 [info] > git check-ignore -v -z --stdin [3ms]
2026-04-21 05:33:24.614 [info] > git config --get commit.template [5ms]
2026-04-21 05:33:24.659 [info] > git for-each-ref --format=%(refname)%00%(upstream:short)%00%(objectname)%00%(upstream:track)%00%(upstream:remotename)%00%(upstream:remoteref) refs/heads/main refs/remotes/main [37ms]
2026-04-21 05:33:24.685 [info] > git for-each-ref --sort -committerdate --format %(refname)%00%(objectname)%00%(*objectname) [5ms]
2026-04-21 05:33:24.859 [info] > git status -z -uall [191ms]
2026-04-21 05:33:28.100 [info] > git check-ignore -v -z --stdin [3ms]
2026-04-21 05:33:29.934 [info] > git for-each-ref --format=%(refname)%00%(upstream:short)%00%(objectname)%00%(upstream:track)%00%(upstream:remotename)%00%(upstream:remoteref) refs/heads/main refs/remotes/main [4ms]
2026-04-21 05:33:29.935 [info] > git config --get commit.template [15ms]
2026-04-21 05:33:29.959 [info] > git for-each-ref --sort -committerdate --format %(refname)%00%(objectname)%00%(*objectname) [4ms]
2026-04-21 05:33:30.084 [info] > git status -z -uall [141ms]
2026-04-21 05:33:32.869 [info] > git check-ignore -v -z --stdin [3ms]
2026-04-21 05:42:12.217 [info] > git config --get commit.template [3ms]
2026-04-21 05:42:12.228 [info] > git for-each-ref --format=%(refname)%00%(upstream:short)%00%(objectname)%00%(upstream:track)%00%(upstream:remotename)%00%(upstream:remoteref) refs/heads/main refs/remotes/main [2ms]
2026-04-21 05:42:12.250 [info] > git for-each-ref --sort -committerdate --format %(refname)%00%(objectname)%00%(*objectname) [5ms]
2026-04-21 05:42:12.376 [info] > git status -z -uall [141ms]
2026-04-21 05:42:13.487 [info] > git blame --root --incremental f9a8faa24ef9e2ddb4dca70a186268a99a5c5817 -- JABA/Code.js [6ms]
2026-04-21 05:42:15.480 [info] > git check-ignore -v -z --stdin [4ms]
2026-04-21 05:42:17.424 [info] > git config --get commit.template [2ms]
2026-04-21 05:42:17.433 [info] > git for-each-ref --format=%(refname)%00%(upstream:short)%00%(objectname)%00%(upstream:track)%00%(upstream:remotename)%00%(upstream:remoteref) refs/heads/main refs/remotes/main [3ms]
2026-04-21 05:42:17.457 [info] > git for-each-ref --sort -committerdate --format %(refname)%00%(objectname)%00%(*objectname) [7ms]
2026-04-21 05:42:17.576 [info] > git status -z -uall [136ms]
2026-04-21 05:42:23.106 [info] > git check-ignore -v -z --stdin [3ms]
2026-04-21 05:42:26.214 [info] > git config --get commit.template [10ms]
2026-04-21 05:42:26.216 [info] > git for-each-ref --format=%(refname)%00%(upstream:short)%00%(objectname)%00%(upstream:track)%00%(upstream:remotename)%00%(upstream:remoteref) refs/heads/main refs/remotes/main [3ms]
2026-04-21 05:42:26.237 [info] > git for-each-ref --sort -committerdate --format %(refname)%00%(objectname)%00%(*objectname) [4ms]
2026-04-21 05:42:26.359 [info] > git status -z -uall [136ms]
2026-04-21 05:42:28.909 [info] > git check-ignore -v -z --stdin [4ms]
2026-04-21 05:42:31.667 [info] > git config --get commit.template [10ms]
2026-04-21 05:42:31.669 [info] > git for-each-ref --format=%(refname)%00%(upstream:short)%00%(objectname)%00%(upstream:track)%00%(upstream:remotename)%00%(upstream:remoteref) refs/heads/main refs/remotes/main [3ms]
2026-04-21 05:42:31.694 [info] > git for-each-ref --sort -committerdate --format %(refname)%00%(objectname)%00%(*objectname) [7ms]
2026-04-21 05:42:31.812 [info] > git status -z -uall [136ms]
2026-04-21 05:42:33.729 [info] > git check-ignore -v -z --stdin [3ms]
2026-04-21 05:42:36.857 [info] > git config --get commit.template [9ms]
2026-04-21 05:42:36.858 [info] > git for-each-ref --format=%(refname)%00%(upstream:short)%00%(objectname)%00%(upstream:track)%00%(upstream:remotename)%00%(upstream:remoteref) refs/heads/main refs/remotes/main [2ms]
2026-04-21 05:42:36.881 [info] > git for-each-ref --sort -committerdate --format %(refname)%00%(objectname)%00%(*objectname) [5ms]
2026-04-21 05:42:37.005 [info] > git status -z -uall [140ms]
2026-04-21 05:42:38.933 [info] > git check-ignore -v -z --stdin [3ms]
2026-04-21 05:42:42.045 [info] > git config --get commit.template [3ms]
2026-04-21 05:42:42.054 [info] > git for-each-ref --format=%(refname)%00%(upstream:short)%00%(objectname)%00%(upstream:track)%00%(upstream:remotename)%00%(upstream:remoteref) refs/heads/main refs/remotes/main [3ms]
2026-04-21 05:42:42.077 [info] > git for-each-ref --sort -committerdate --format %(refname)%00%(objectname)%00%(*objectname) [6ms]
2026-04-21 05:42:42.199 [info] > git status -z -uall [137ms]
2026-04-21 05:42:44.126 [info] > git check-ignore -v -z --stdin [3ms]
2026-04-21 05:42:47.238 [info] > git config --get commit.template [10ms]
2026-04-21 05:42:47.242 [info] > git for-each-ref --format=%(refname)%00%(upstream:short)%00%(objectname)%00%(upstream:track)%00%(upstream:remotename)%00%(upstream:remoteref) refs/heads/main refs/remotes/main [5ms]
2026-04-21 05:42:47.266 [info] > git for-each-ref --sort -committerdate --format %(refname)%00%(objectname)%00%(*objectname) [6ms]
2026-04-21 05:42:47.386 [info] > git status -z -uall [136ms]
2026-04-21 05:42:49.373 [info] > git check-ignore -v -z --stdin [2ms]
2026-04-21 05:42:52.419 [info] > git config --get commit.template [9ms]
2026-04-21 05:42:52.421 [info] > git for-each-ref --format=%(refname)%00%(upstream:short)%00%(objectname)%00%(upstream:track)%00%(upstream:remotename)%00%(upstream:remoteref) refs/heads/main refs/remotes/main [3ms]
2026-04-21 05:42:52.443 [info] > git for-each-ref --sort -committerdate --format %(refname)%00%(objectname)%00%(*objectname) [5ms]
2026-04-21 05:42:52.562 [info] > git status -z -uall [134ms]
2026-04-21 05:42:54.507 [info] > git check-ignore -v -z --stdin [4ms]
2026-04-21 05:43:02.887 [info] > git config --get commit.template [9ms]
2026-04-21 05:43:02.889 [info] > git for-each-ref --format=%(refname)%00%(upstream:short)%00%(objectname)%00%(upstream:track)%00%(upstream:remotename)%00%(upstream:remoteref) refs/heads/main refs/remotes/main [3ms]
2026-04-21 05:43:02.911 [info] > git for-each-ref --sort -committerdate --format %(refname)%00%(objectname)%00%(*objectname) [6ms]
2026-04-21 05:43:03.032 [info] > git status -z -uall [137ms]
2026-04-21 05:43:05.009 [info] > git check-ignore -v -z --stdin [5ms]
2026-04-21 05:43:08.062 [info] > git config --get commit.template [2ms]
2026-04-21 05:43:08.071 [info] > git for-each-ref --format=%(refname)%00%(upstream:short)%00%(objectname)%00%(upstream:track)%00%(upstream:remotename)%00%(upstream:remoteref) refs/heads/main refs/remotes/main [2ms]
2026-04-21 05:43:08.096 [info] > git for-each-ref --sort -committerdate --format %(refname)%00%(objectname)%00%(*objectname) [7ms]
2026-04-21 05:43:08.220 [info] > git status -z -uall [141ms]
2026-04-21 05:43:11.761 [info] > git check-ignore -v -z --stdin [2ms]
2026-04-21 05:43:53.890 [info] > git config --get commit.template [13ms]
2026-04-21 05:43:53.892 [info] > git for-each-ref --format=%(refname)%00%(upstream:short)%00%(objectname)%00%(upstream:track)%00%(upstream:remotename)%00%(upstream:remoteref) refs/heads/main refs/remotes/main [3ms]
2026-04-21 05:43:53.924 [info] > git for-each-ref --sort -committerdate --format %(refname)%00%(objectname)%00%(*objectname) [5ms]
2026-04-21 05:43:54.046 [info] > git status -z -uall [144ms]
2026-04-21 05:43:56.033 [info] > git check-ignore -v -z --stdin [3ms]
2026-04-21 05:44:20.974 [info] > git config --get commit.template [2ms]
2026-04-21 05:44:20.985 [info] > git for-each-ref --format=%(refname)%00%(upstream:short)%00%(objectname)%00%(upstream:track)%00%(upstream:remotename)%00%(upstream:remoteref) refs/heads/main refs/remotes/main [3ms]
2026-04-21 05:44:21.009 [info] > git for-each-ref --sort -committerdate --format %(refname)%00%(objectname)%00%(*objectname) [5ms]
2026-04-21 05:44:21.131 [info] > git status -z -uall [139ms]
2026-04-21 05:44:23.142 [info] > git check-ignore -v -z --stdin [4ms]
2026-04-21 05:44:26.181 [info] > git config --get commit.template [3ms]
2026-04-21 05:44:26.193 [info] > git for-each-ref --format=%(refname)%00%(upstream:short)%00%(objectname)%00%(upstream:track)%00%(upstream:remotename)%00%(upstream:remoteref) refs/heads/main refs/remotes/main [3ms]
2026-04-21 05:44:26.221 [info] > git for-each-ref --sort -committerdate --format %(refname)%00%(objectname)%00%(*objectname) [6ms]
2026-04-21 05:44:26.346 [info] > git status -z -uall [144ms]
2026-04-21 05:44:28.607 [info] > git check-ignore -v -z --stdin [4ms]
2026-04-21 05:44:31.391 [info] > git config --get commit.template [11ms]
2026-04-21 05:44:31.393 [info] > git for-each-ref --format=%(refname)%00%(upstream:short)%00%(objectname)%00%(upstream:track)%00%(upstream:remotename)%00%(upstream:remoteref) refs/heads/main refs/remotes/main [3ms]
2026-04-21 05:44:31.423 [info] > git for-each-ref --sort -committerdate --format %(refname)%00%(objectname)%00%(*objectname) [5ms]
2026-04-21 05:44:31.544 [info] > git status -z -uall [141ms]
2026-04-21 05:44:33.500 [info] > git check-ignore -v -z --stdin [4ms]
2026-04-21 05:44:39.254 [info] > git config --get commit.template [10ms]
2026-04-21 05:44:39.256 [info] > git for-each-ref --format=%(refname)%00%(upstream:short)%00%(objectname)%00%(upstream:track)%00%(upstream:remotename)%00%(upstream:remoteref) refs/heads/main refs/remotes/main [3ms]
2026-04-21 05:44:39.278 [info] > git for-each-ref --sort -committerdate --format %(refname)%00%(objectname)%00%(*objectname) [4ms]
2026-04-21 05:44:39.402 [info] > git status -z -uall [139ms]
2026-04-21 05:44:41.843 [info] > git check-ignore -v -z --stdin [3ms]
2026-04-21 05:44:50.506 [info] > git config --get commit.template [9ms]
2026-04-21 05:44:50.507 [info] > git for-each-ref --format=%(refname)%00%(upstream:short)%00%(objectname)%00%(upstream:track)%00%(upstream:remotename)%00%(upstream:remoteref) refs/heads/main refs/remotes/main [4ms]
2026-04-21 05:44:50.530 [info] > git for-each-ref --sort -committerdate --format %(refname)%00%(objectname)%00%(*objectname) [6ms]
2026-04-21 05:44:50.651 [info] > git status -z -uall [137ms]
2026-04-21 05:44:52.594 [info] > git check-ignore -v -z --stdin [3ms]
2026-04-21 05:44:54.291 [info] > git check-ignore -v -z --stdin [16ms]
2026-04-21 05:44:55.703 [info] > git config --get commit.template [11ms]
2026-04-21 05:44:55.710 [info] > git for-each-ref --format=%(refname)%00%(upstream:short)%00%(objectname)%00%(upstream:track)%00%(upstream:remotename)%00%(upstream:remoteref) refs/heads/main refs/remotes/main [9ms]
2026-04-21 05:44:55.740 [info] > git for-each-ref --sort -committerdate --format %(refname)%00%(objectname)%00%(*objectname) [5ms]
2026-04-21 05:44:55.965 [info] > git status -z -uall [244ms]
2026-04-21 05:44:57.872 [info] > git check-ignore -v -z --stdin [5ms]
2026-04-21 05:45:04.085 [info] > git config --get commit.template [10ms]
2026-04-21 05:45:04.087 [info] > git for-each-ref --format=%(refname)%00%(upstream:short)%00%(objectname)%00%(upstream:track)%00%(upstream:remotename)%00%(upstream:remoteref) refs/heads/main refs/remotes/main [3ms]
2026-04-21 05:45:04.109 [info] > git for-each-ref --sort -committerdate --format %(refname)%00%(objectname)%00%(*objectname) [5ms]
2026-04-21 05:45:04.234 [info] > git status -z -uall [140ms]
2026-04-21 05:45:06.213 [info] > git check-ignore -v -z --stdin [3ms]
2026-04-21 06:18:27.677 [info] > git config --get commit.template [19ms]
2026-04-21 06:18:27.678 [info] > git for-each-ref --format=%(refname)%00%(upstream:short)%00%(objectname)%00%(upstream:track)%00%(upstream:remotename)%00%(upstream:remoteref) refs/heads/main refs/remotes/main [6ms]
2026-04-21 06:18:27.714 [info] > git for-each-ref --sort -committerdate --format %(refname)%00%(objectname)%00%(*objectname) [8ms]
2026-04-21 06:18:27.936 [info] > git status -z -uall [246ms]
2026-04-21 06:18:32.146 [info] > git check-ignore -v -z --stdin [3ms]
2026-04-21 06:18:32.994 [info] > git config --get commit.template [2ms]
2026-04-21 06:18:33.003 [info] > git for-each-ref --format=%(refname)%00%(upstream:short)%00%(objectname)%00%(upstream:track)%00%(upstream:remotename)%00%(upstream:remoteref) refs/heads/main refs/remotes/main [2ms]
2026-04-21 06:18:33.027 [info] > git for-each-ref --sort -committerdate --format %(refname)%00%(objectname)%00%(*objectname) [4ms]
2026-04-21 06:18:33.147 [info] > git status -z -uall [136ms]
2026-04-21 06:18:34.917 [info] > git check-ignore -v -z --stdin [4ms]
2026-04-21 06:18:38.184 [info] > git config --get commit.template [9ms]
2026-04-21 06:18:38.188 [info] > git for-each-ref --format=%(refname)%00%(upstream:short)%00%(objectname)%00%(upstream:track)%00%(upstream:remotename)%00%(upstream:remoteref) refs/heads/main refs/remotes/main [5ms]
2026-04-21 06:18:38.215 [info] > git for-each-ref --sort -committerdate --format %(refname)%00%(objectname)%00%(*objectname) [5ms]
2026-04-21 06:18:38.337 [info] > git status -z -uall [138ms]
2026-04-21 06:18:39.688 [info] > git check-ignore -v -z --stdin [5ms]
2026-04-21 06:18:43.371 [info] > git config --get commit.template [9ms]
2026-04-21 06:18:43.373 [info] > git for-each-ref --format=%(refname)%00%(upstream:short)%00%(objectname)%00%(upstream:track)%00%(upstream:remotename)%00%(upstream:remoteref) refs/heads/main refs/remotes/main [3ms]
2026-04-21 06:18:43.401 [info] > git for-each-ref --sort -committerdate --format %(refname)%00%(objectname)%00%(*objectname) [10ms]
2026-04-21 06:18:43.527 [info] > git status -z -uall [147ms]
2026-04-21 06:18:44.901 [info] > git check-ignore -v -z --stdin [6ms]
2026-04-21 06:19:10.802 [info] > git config --get commit.template [13ms]
2026-04-21 06:19:10.803 [info] > git for-each-ref --format=%(refname)%00%(upstream:short)%00%(objectname)%00%(upstream:track)%00%(upstream:remotename)%00%(upstream:remoteref) refs/heads/main refs/remotes/main [3ms]
2026-04-21 06:19:10.835 [info] > git for-each-ref --sort -committerdate --format %(refname)%00%(objectname)%00%(*objectname) [5ms]
2026-04-21 06:19:10.956 [info] > git status -z -uall [142ms]
2026-04-21 06:19:12.417 [info] > git check-ignore -v -z --stdin [4ms]
2026-04-21 06:19:20.358 [info] > git config --get commit.template [3ms]
2026-04-21 06:19:20.370 [info] > git for-each-ref --format=%(refname)%00%(upstream:short)%00%(objectname)%00%(upstream:track)%00%(upstream:remotename)%00%(upstream:remoteref) refs/heads/main refs/remotes/main [3ms]
2026-04-21 06:19:20.400 [info] > git for-each-ref --sort -committerdate --format %(refname)%00%(objectname)%00%(*objectname) [6ms]
2026-04-21 06:19:20.522 [info] > git status -z -uall [143ms]
2026-04-21 06:19:21.828 [info] > git check-ignore -v -z --stdin [4ms]
2026-04-21 06:19:25.562 [info] > git config --get commit.template [2ms]
2026-04-21 06:19:25.572 [info] > git for-each-ref --format=%(refname)%00%(upstream:short)%00%(objectname)%00%(upstream:track)%00%(upstream:remotename)%00%(upstream:remoteref) refs/heads/main refs/remotes/main [2ms]
2026-04-21 06:19:25.595 [info] > git for-each-ref --sort -committerdate --format %(refname)%00%(objectname)%00%(*objectname) [5ms]
2026-04-21 06:19:25.716 [info] > git status -z -uall [137ms]
2026-04-21 06:19:27.085 [info] > git check-ignore -v -z --stdin [12ms]
2026-04-21 06:19:38.958 [info] > git config --get commit.template [10ms]
2026-04-21 06:19:38.960 [info] > git for-each-ref --format=%(refname)%00%(upstream:short)%00%(objectname)%00%(upstream:track)%00%(upstream:remotename)%00%(upstream:remoteref) refs/heads/main refs/remotes/main [3ms]
2026-04-21 06:19:38.984 [info] > git for-each-ref --sort -committerdate --format %(refname)%00%(objectname)%00%(*objectname) [5ms]
2026-04-21 06:19:39.106 [info] > git status -z -uall [138ms]
2026-04-21 06:19:40.667 [info] > git check-ignore -v -z --stdin [3ms]
2026-04-21 06:19:44.168 [info] > git config --get commit.template [13ms]
2026-04-21 06:19:44.169 [info] > git for-each-ref --format=%(refname)%00%(upstream:short)%00%(objectname)%00%(upstream:track)%00%(upstream:remotename)%00%(upstream:remoteref) refs/heads/main refs/remotes/main [4ms]
2026-04-21 06:19:44.199 [info] > git for-each-ref --sort -committerdate --format %(refname)%00%(objectname)%00%(*objectname) [6ms]
2026-04-21 06:19:44.323 [info] > git status -z -uall [144ms]
2026-04-21 06:19:45.383 [info] > git check-ignore -v -z --stdin [6ms]
2026-04-21 06:19:49.376 [info] > git config --get commit.template [11ms]
2026-04-21 06:19:49.378 [info] > git for-each-ref --format=%(refname)%00%(upstream:short)%00%(objectname)%00%(upstream:track)%00%(upstream:remotename)%00%(upstream:remoteref) refs/heads/main refs/remotes/main [4ms]
2026-04-21 06:19:49.409 [info] > git for-each-ref --sort -committerdate --format %(refname)%00%(objectname)%00%(*objectname) [5ms]
2026-04-21 06:19:49.538 [info] > git status -z -uall [147ms]
2026-04-21 06:19:50.379 [info] > git check-ignore -v -z --stdin [3ms]
2026-04-21 06:19:58.168 [info] > git config --get commit.template [4ms]
2026-04-21 06:19:58.177 [info] > git for-each-ref --format=%(refname)%00%(upstream:short)%00%(objectname)%00%(upstream:track)%00%(upstream:remotename)%00%(upstream:remoteref) refs/heads/main refs/remotes/main [2ms]
2026-04-21 06:19:58.200 [info] > git for-each-ref --sort -committerdate --format %(refname)%00%(objectname)%00%(*objectname) [4ms]
2026-04-21 06:19:58.329 [info] > git status -z -uall [144ms]
2026-04-21 06:19:59.228 [info] > git check-ignore -v -z --stdin [3ms]
2026-04-21 06:20:03.368 [info] > git config --get commit.template [10ms]
2026-04-21 06:20:03.371 [info] > git for-each-ref --format=%(refname)%00%(upstream:short)%00%(objectname)%00%(upstream:track)%00%(upstream:remotename)%00%(upstream:remoteref) refs/heads/main refs/remotes/main [3ms]
2026-04-21 06:20:03.398 [info] > git for-each-ref --sort -committerdate --format %(refname)%00%(objectname)%00%(*objectname) [5ms]
2026-04-21 06:20:03.517 [info] > git status -z -uall [138ms]
2026-04-21 06:20:04.658 [info] > git check-ignore -v -z --stdin [6ms]
2026-04-21 06:21:45.226 [info] > git config --get commit.template [12ms]
2026-04-21 06:21:45.227 [info] > git for-each-ref --format=%(refname)%00%(upstream:short)%00%(objectname)%00%(upstream:track)%00%(upstream:remotename)%00%(upstream:remoteref) refs/heads/main refs/remotes/main [4ms]
2026-04-21 06:21:45.250 [info] > git for-each-ref --sort -committerdate --format %(refname)%00%(objectname)%00%(*objectname) [5ms]
2026-04-21 06:21:45.397 [info] > git status -z -uall [163ms]
2026-04-21 06:21:48.623 [info] > git check-ignore -v -z --stdin [3ms]
2026-04-21 06:21:50.454 [info] > git config --get commit.template [2ms]
2026-04-21 06:21:50.464 [info] > git for-each-ref --format=%(refname)%00%(upstream:short)%00%(objectname)%00%(upstream:track)%00%(upstream:remotename)%00%(upstream:remoteref) refs/heads/main refs/remotes/main [3ms]
2026-04-21 06:21:50.487 [info] > git for-each-ref --sort -committerdate --format %(refname)%00%(objectname)%00%(*objectname) [4ms]
2026-04-21 06:21:50.607 [info] > git status -z -uall [135ms]
2026-04-21 06:21:52.400 [info] > git check-ignore -v -z --stdin [3ms]
2026-04-21 06:22:05.329 [info] > git config --get commit.template [4ms]
2026-04-21 06:22:05.342 [info] > git for-each-ref --format=%(refname)%00%(upstream:short)%00%(objectname)%00%(upstream:track)%00%(upstream:remotename)%00%(upstream:remoteref) refs/heads/main refs/remotes/main [3ms]
2026-04-21 06:22:05.389 [info] > git for-each-ref --sort -committerdate --format %(refname)%00%(objectname)%00%(*objectname) [9ms]
2026-04-21 06:22:05.557 [info] > git status -z -uall [197ms]
2026-04-21 06:22:06.795 [info] > git check-ignore -v -z --stdin [3ms]
2026-04-21 06:22:10.605 [info] > git config --get commit.template [2ms]
2026-04-21 06:22:10.615 [info] > git for-each-ref --format=%(refname)%00%(upstream:short)%00%(objectname)%00%(upstream:track)%00%(upstream:remotename)%00%(upstream:remoteref) refs/heads/main refs/remotes/main [3ms]
2026-04-21 06:22:10.637 [info] > git for-each-ref --sort -committerdate --format %(refname)%00%(objectname)%00%(*objectname) [4ms]
2026-04-21 06:22:10.760 [info] > git status -z -uall [138ms]
2026-04-21 06:22:11.977 [info] > git check-ignore -v -z --stdin [3ms]
2026-04-21 06:22:15.791 [info] > git config --get commit.template [2ms]
2026-04-21 06:22:15.801 [info] > git for-each-ref --format=%(refname)%00%(upstream:short)%00%(objectname)%00%(upstream:track)%00%(upstream:remotename)%00%(upstream:remoteref) refs/heads/main refs/remotes/main [3ms]
2026-04-21 06:22:15.828 [info] > git for-each-ref --sort -committerdate --format %(refname)%00%(objectname)%00%(*objectname) [9ms]
2026-04-21 06:22:15.947 [info] > git status -z -uall [139ms]
2026-04-21 06:22:17.077 [info] > git check-ignore -v -z --stdin [3ms]
2026-04-21 06:22:32.377 [info] > git config --get commit.template [10ms]
2026-04-21 06:22:32.378 [info] > git for-each-ref --format=%(refname)%00%(upstream:short)%00%(objectname)%00%(upstream:track)%00%(upstream:remotename)%00%(upstream:remoteref) refs/heads/main refs/remotes/main [3ms]
2026-04-21 06:22:32.400 [info] > git for-each-ref --sort -committerdate --format %(refname)%00%(objectname)%00%(*objectname) [5ms]
2026-04-21 06:22:32.524 [info] > git status -z -uall [139ms]
2026-04-21 06:22:33.495 [info] > git check-ignore -v -z --stdin [3ms]
2026-04-21 06:22:37.574 [info] > git config --get commit.template [10ms]
2026-04-21 06:22:37.575 [info] > git for-each-ref --format=%(refname)%00%(upstream:short)%00%(objectname)%00%(upstream:track)%00%(upstream:remotename)%00%(upstream:remoteref) refs/heads/main refs/remotes/main [3ms]
2026-04-21 06:22:37.610 [info] > git for-each-ref --sort -committerdate --format %(refname)%00%(objectname)%00%(*objectname) [12ms]
2026-04-21 06:22:37.731 [info] > git status -z -uall [147ms]
2026-04-21 06:22:38.666 [info] > git check-ignore -v -z --stdin [3ms]
2026-04-21 06:22:44.385 [info] > git config --get commit.template [12ms]
2026-04-21 06:22:44.388 [info] > git for-each-ref --format=%(refname)%00%(upstream:short)%00%(objectname)%00%(upstream:track)%00%(upstream:remotename)%00%(upstream:remoteref) refs/heads/main refs/remotes/main [2ms]
2026-04-21 06:22:44.416 [info] > git for-each-ref --sort -committerdate --format %(refname)%00%(objectname)%00%(*objectname) [4ms]
2026-04-21 06:22:44.540 [info] > git status -z -uall [143ms]
2026-04-21 06:22:45.425 [info] > git check-ignore -v -z --stdin [7ms]
2026-04-21 06:22:56.342 [info] > git config --get commit.template [3ms]
2026-04-21 06:22:56.353 [info] > git for-each-ref --format=%(refname)%00%(upstream:short)%00%(objectname)%00%(upstream:track)%00%(upstream:remotename)%00%(upstream:remoteref) refs/heads/main refs/remotes/main [2ms]
2026-04-21 06:22:56.382 [info] > git for-each-ref --sort -committerdate --format %(refname)%00%(objectname)%00%(*objectname) [7ms]
2026-04-21 06:22:56.506 [info] > git status -z -uall [145ms]
2026-04-21 06:22:57.583 [info] > git check-ignore -v -z --stdin [3ms]
2026-04-21 06:24:11.457 [info] > git config --get commit.template [11ms]
2026-04-21 06:24:11.459 [info] > git for-each-ref --format=%(refname)%00%(upstream:short)%00%(objectname)%00%(upstream:track)%00%(upstream:remotename)%00%(upstream:remoteref) refs/heads/main refs/remotes/main [3ms]
2026-04-21 06:24:11.485 [info] > git for-each-ref --sort -committerdate --format %(refname)%00%(objectname)%00%(*objectname) [7ms]
2026-04-21 06:24:11.610 [info] > git status -z -uall [143ms]
2026-04-21 06:24:12.669 [info] > git check-ignore -v -z --stdin [3ms]
2026-04-21 06:24:16.657 [info] > git config --get commit.template [9ms]
2026-04-21 06:24:16.658 [info] > git for-each-ref --format=%(refname)%00%(upstream:short)%00%(objectname)%00%(upstream:track)%00%(upstream:remotename)%00%(upstream:remoteref) refs/heads/main refs/remotes/main [2ms]
2026-04-21 06:24:16.681 [info] > git for-each-ref --sort -committerdate --format %(refname)%00%(objectname)%00%(*objectname) [5ms]
2026-04-21 06:24:16.798 [info] > git status -z -uall [133ms]
2026-04-21 06:24:17.741 [info] > git check-ignore -v -z --stdin [3ms]
2026-04-21 06:24:44.084 [info] > git config --get commit.template [11ms]
2026-04-21 06:24:44.086 [info] > git for-each-ref --format=%(refname)%00%(upstream:short)%00%(objectname)%00%(upstream:track)%00%(upstream:remotename)%00%(upstream:remoteref) refs/heads/main refs/remotes/main [3ms]
2026-04-21 06:24:44.126 [info] > git for-each-ref --sort -committerdate --format %(refname)%00%(objectname)%00%(*objectname) [9ms]
2026-04-21 06:24:44.241 [info] > git status -z -uall [145ms]
2026-04-21 06:24:45.715 [info] > git check-ignore -v -z --stdin [4ms]
2026-04-21 06:24:59.114 [info] > git config --get commit.template [3ms]
2026-04-21 06:24:59.127 [info] > git for-each-ref --format=%(refname)%00%(upstream:short)%00%(objectname)%00%(upstream:track)%00%(upstream:remotename)%00%(upstream:remoteref) refs/heads/main refs/remotes/main [3ms]
2026-04-21 06:24:59.151 [info] > git for-each-ref --sort -committerdate --format %(refname)%00%(objectname)%00%(*objectname) [4ms]
2026-04-21 06:24:59.271 [info] > git status -z -uall [137ms]
2026-04-21 06:25:00.237 [info] > git check-ignore -v -z --stdin [3ms]
2026-04-21 06:25:03.843 [info] > git check-ignore -v -z --stdin [10ms]
2026-04-21 06:25:04.322 [info] > git config --get commit.template [9ms]
2026-04-21 06:25:04.323 [info] > git for-each-ref --format=%(refname)%00%(upstream:short)%00%(objectname)%00%(upstream:track)%00%(upstream:remotename)%00%(upstream:remoteref) refs/heads/main refs/remotes/main [3ms]
2026-04-21 06:25:04.358 [info] > git for-each-ref --sort -committerdate --format %(refname)%00%(objectname)%00%(*objectname) [13ms]
2026-04-21 06:25:04.484 [info] > git status -z -uall [154ms]
2026-04-21 06:25:05.465 [info] > git check-ignore -v -z --stdin [3ms]
2026-04-21 06:25:30.677 [info] > git config --get commit.template [13ms]
2026-04-21 06:25:30.679 [info] > git for-each-ref --format=%(refname)%00%(upstream:short)%00%(objectname)%00%(upstream:track)%00%(upstream:remotename)%00%(upstream:remoteref) refs/heads/main refs/remotes/main [3ms]
2026-04-21 06:25:30.701 [info] > git for-each-ref --sort -committerdate --format %(refname)%00%(objectname)%00%(*objectname) [4ms]
2026-04-21 06:25:30.823 [info] > git status -z -uall [137ms]
2026-04-21 06:25:31.835 [info] > git check-ignore -v -z --stdin [4ms]
2026-04-21 06:25:35.866 [info] > git config --get commit.template [9ms]
2026-04-21 06:25:35.868 [info] > git for-each-ref --format=%(refname)%00%(upstream:short)%00%(objectname)%00%(upstream:track)%00%(upstream:remotename)%00%(upstream:remoteref) refs/heads/main refs/remotes/main [3ms]
2026-04-21 06:25:35.895 [info] > git for-each-ref --sort -committerdate --format %(refname)%00%(objectname)%00%(*objectname) [9ms]
2026-04-21 06:25:36.014 [info] > git status -z -uall [139ms]
2026-04-21 06:25:36.973 [info] > git check-ignore -v -z --stdin [3ms]
2026-04-21 06:25:54.859 [info] > git config --get commit.template [11ms]
2026-04-21 06:25:54.861 [info] > git for-each-ref --format=%(refname)%00%(upstream:short)%00%(objectname)%00%(upstream:track)%00%(upstream:remotename)%00%(upstream:remoteref) refs/heads/main refs/remotes/main [3ms]
2026-04-21 06:25:54.884 [info] > git for-each-ref --sort -committerdate --format %(refname)%00%(objectname)%00%(*objectname) [5ms]
2026-04-21 06:25:55.006 [info] > git status -z -uall [138ms]
2026-04-21 06:25:59.058 [info] > git check-ignore -v -z --stdin [4ms]
2026-04-21 06:26:13.669 [info] > git config --get commit.template [11ms]
2026-04-21 06:26:13.670 [info] > git for-each-ref --format=%(refname)%00%(upstream:short)%00%(objectname)%00%(upstream:track)%00%(upstream:remotename)%00%(upstream:remoteref) refs/heads/main refs/remotes/main [3ms]
2026-04-21 06:26:13.693 [info] > git for-each-ref --sort -committerdate --format %(refname)%00%(objectname)%00%(*objectname) [5ms]
2026-04-21 06:26:13.813 [info] > git status -z -uall [136ms]
2026-04-21 06:26:14.757 [info] > git check-ignore -v -z --stdin [3ms]
2026-04-21 06:26:18.855 [info] > git config --get commit.template [3ms]
2026-04-21 06:26:18.867 [info] > git for-each-ref --format=%(refname)%00%(upstream:short)%00%(objectname)%00%(upstream:track)%00%(upstream:remotename)%00%(upstream:remoteref) refs/heads/main refs/remotes/main [3ms]
2026-04-21 06:26:18.897 [info] > git for-each-ref --sort -committerdate --format %(refname)%00%(objectname)%00%(*objectname) [4ms]
2026-04-21 06:26:19.020 [info] > git status -z -uall [143ms]
2026-04-21 06:26:20.041 [info] > git check-ignore -v -z --stdin [3ms]
2026-04-21 06:26:24.070 [info] > git config --get commit.template [12ms]
2026-04-21 06:26:24.072 [info] > git for-each-ref --format=%(refname)%00%(upstream:short)%00%(objectname)%00%(upstream:track)%00%(upstream:remotename)%00%(upstream:remoteref) refs/heads/main refs/remotes/main [4ms]
2026-04-21 06:26:24.105 [info] > git for-each-ref --sort -committerdate --format %(refname)%00%(objectname)%00%(*objectname) [9ms]
2026-04-21 06:26:24.234 [info] > git status -z -uall [153ms]
2026-04-21 06:26:25.131 [info] > git check-ignore -v -z --stdin [3ms]
2026-04-21 06:26:29.680 [info] > git config --get commit.template [4ms]
2026-04-21 06:26:29.691 [info] > git for-each-ref --format=%(refname)%00%(upstream:short)%00%(objectname)%00%(upstream:track)%00%(upstream:remotename)%00%(upstream:remoteref) refs/heads/main refs/remotes/main [3ms]
2026-04-21 06:26:29.713 [info] > git for-each-ref --sort -committerdate --format %(refname)%00%(objectname)%00%(*objectname) [5ms]
2026-04-21 06:26:29.835 [info] > git status -z -uall [137ms]
2026-04-21 06:26:30.761 [info] > git check-ignore -v -z --stdin [3ms]
2026-04-21 06:26:33.703 [info] > git check-ignore -v -z --stdin [4ms]
2026-04-21 06:26:36.720 [info] > git config --get commit.template [12ms]
2026-04-21 06:26:36.722 [info] > git for-each-ref --format=%(refname)%00%(upstream:short)%00%(objectname)%00%(upstream:track)%00%(upstream:remotename)%00%(upstream:remoteref) refs/heads/main refs/remotes/main [3ms]
2026-04-21 06:26:36.752 [info] > git for-each-ref --sort -committerdate --format %(refname)%00%(objectname)%00%(*objectname) [6ms]
2026-04-21 06:26:36.876 [info] > git status -z -uall [144ms]
2026-04-21 06:26:38.414 [info] > git check-ignore -v -z --stdin [3ms]
2026-04-21 06:27:14.752 [info] > git config --get commit.template [9ms]
2026-04-21 06:27:14.754 [info] > git for-each-ref --format=%(refname)%00%(upstream:short)%00%(objectname)%00%(upstream:track)%00%(upstream:remotename)%00%(upstream:remoteref) refs/heads/main refs/remotes/main [3ms]
2026-04-21 06:27:14.777 [info] > git for-each-ref --sort -committerdate --format %(refname)%00%(objectname)%00%(*objectname) [4ms]
2026-04-21 06:27:14.908 [info] > git status -z -uall [147ms]
2026-04-21 06:27:15.901 [info] > git check-ignore -v -z --stdin [3ms]
2026-04-21 06:27:19.964 [info] > git config --get commit.template [11ms]
2026-04-21 06:27:19.965 [info] > git for-each-ref --format=%(refname)%00%(upstream:short)%00%(objectname)%00%(upstream:track)%00%(upstream:remotename)%00%(upstream:remoteref) refs/heads/main refs/remotes/main [3ms]
2026-04-21 06:27:20.002 [info] > git for-each-ref --sort -committerdate --format %(refname)%00%(objectname)%00%(*objectname) [8ms]
2026-04-21 06:27:20.117 [info] > git status -z -uall [142ms]
2026-04-21 06:27:21.092 [info] > git check-ignore -v -z --stdin [4ms]
2026-04-21 06:27:27.741 [info] > git config --get commit.template [13ms]
2026-04-21 06:27:27.742 [info] > git for-each-ref --format=%(refname)%00%(upstream:short)%00%(objectname)%00%(upstream:track)%00%(upstream:remotename)%00%(upstream:remoteref) refs/heads/main refs/remotes/main [3ms]
2026-04-21 06:27:27.765 [info] > git for-each-ref --sort -committerdate --format %(refname)%00%(objectname)%00%(*objectname) [5ms]
2026-04-21 06:27:27.886 [info] > git status -z -uall [137ms]
2026-04-21 06:27:28.781 [info] > git check-ignore -v -z --stdin [3ms]
2026-04-21 06:27:32.926 [info] > git config --get commit.template [12ms]
2026-04-21 06:27:32.928 [info] > git for-each-ref --format=%(refname)%00%(upstream:short)%00%(objectname)%00%(upstream:track)%00%(upstream:remotename)%00%(upstream:remoteref) refs/heads/main refs/remotes/main [3ms]
2026-04-21 06:27:32.956 [info] > git for-each-ref --sort -committerdate --format %(refname)%00%(objectname)%00%(*objectname) [5ms]
2026-04-21 06:27:33.085 [info] > git status -z -uall [148ms]
2026-04-21 06:27:34.007 [info] > git check-ignore -v -z --stdin [9ms]
2026-04-21 06:27:38.124 [info] > git config --get commit.template [10ms]
2026-04-21 06:27:38.126 [info] > git for-each-ref --format=%(refname)%00%(upstream:short)%00%(objectname)%00%(upstream:track)%00%(upstream:remotename)%00%(upstream:remoteref) refs/heads/main refs/remotes/main [3ms]
2026-04-21 06:27:38.150 [info] > git for-each-ref --sort -committerdate --format %(refname)%00%(objectname)%00%(*objectname) [5ms]
2026-04-21 06:27:38.273 [info] > git status -z -uall [139ms]
2026-04-21 06:27:39.404 [info] > git check-ignore -v -z --stdin [5ms]
2026-04-21 06:28:16.124 [info] > git config --get commit.template [10ms]
2026-04-21 06:28:16.126 [info] > git for-each-ref --format=%(refname)%00%(upstream:short)%00%(objectname)%00%(upstream:track)%00%(upstream:remotename)%00%(upstream:remoteref) refs/heads/main refs/remotes/main [3ms]
2026-04-21 06:28:16.149 [info] > git for-each-ref --sort -committerdate --format %(refname)%00%(objectname)%00%(*objectname) [5ms]
2026-04-21 06:28:16.272 [info] > git status -z -uall [139ms]
2026-04-21 06:28:17.258 [info] > git check-ignore -v -z --stdin [3ms]
2026-04-21 06:28:21.326 [info] > git config --get commit.template [12ms]
2026-04-21 06:28:21.329 [info] > git for-each-ref --format=%(refname)%00%(upstream:short)%00%(objectname)%00%(upstream:track)%00%(upstream:remotename)%00%(upstream:remoteref) refs/heads/main refs/remotes/main [4ms]
2026-04-21 06:28:21.354 [info] > git for-each-ref --sort -committerdate --format %(refname)%00%(objectname)%00%(*objectname) [4ms]
2026-04-21 06:28:21.474 [info] > git status -z -uall [137ms]
2026-04-21 06:28:22.439 [info] > git check-ignore -v -z --stdin [3ms]
2026-04-21 06:28:40.240 [info] > git config --get commit.template [5ms]
2026-04-21 06:28:40.264 [info] > git for-each-ref --format=%(refname)%00%(upstream:short)%00%(objectname)%00%(upstream:track)%00%(upstream:remotename)%00%(upstream:remoteref) refs/heads/main refs/remotes/main [6ms]
2026-04-21 06:28:40.318 [info] > git for-each-ref --sort -committerdate --format %(refname)%00%(objectname)%00%(*objectname) [11ms]
2026-04-21 06:28:40.598 [info] > git status -z -uall [316ms]
2026-04-21 06:28:42.870 [info] > git check-ignore -v -z --stdin [42ms]
2026-04-21 06:28:46.744 [info] > git config --get commit.template [24ms]
2026-04-21 06:28:46.798 [info] > git for-each-ref --format=%(refname)%00%(upstream:short)%00%(objectname)%00%(upstream:track)%00%(upstream:remotename)%00%(upstream:remoteref) refs/heads/main refs/remotes/main [11ms]
2026-04-21 06:28:46.911 [info] > git for-each-ref --sort -committerdate --format %(refname)%00%(objectname)%00%(*objectname) [15ms]
2026-04-21 06:28:47.267 [info] > git status -z -uall [427ms]
2026-04-21 06:28:49.086 [info] > git check-ignore -v -z --stdin [36ms]
2026-04-21 06:28:52.310 [info] > git config --get commit.template [3ms]
2026-04-21 06:28:52.326 [info] > git for-each-ref --format=%(refname)%00%(upstream:short)%00%(objectname)%00%(upstream:track)%00%(upstream:remotename)%00%(upstream:remoteref) refs/heads/main refs/remotes/main [2ms]
2026-04-21 06:28:52.363 [info] > git for-each-ref --sort -committerdate --format %(refname)%00%(objectname)%00%(*objectname) [3ms]
2026-04-21 06:28:52.478 [info] > git status -z -uall [139ms]
2026-04-21 06:28:53.354 [info] > git check-ignore -v -z --stdin [3ms]
2026-04-21 06:28:58.540 [info] > git check-ignore -v -z --stdin [4ms]
2026-04-21 06:29:15.896 [info] > git config --get commit.template [20ms]
2026-04-21 06:29:15.898 [info] > git for-each-ref --format=%(refname)%00%(upstream:short)%00%(objectname)%00%(upstream:track)%00%(upstream:remotename)%00%(upstream:remoteref) refs/heads/main refs/remotes/main [3ms]
2026-04-21 06:29:15.942 [info] > git for-each-ref --sort -committerdate --format %(refname)%00%(objectname)%00%(*objectname) [4ms]
2026-04-21 06:29:16.057 [info] > git status -z -uall [142ms]
2026-04-21 06:29:17.045 [info] > git check-ignore -v -z --stdin [3ms]
2026-04-21 06:29:21.120 [info] > git config --get commit.template [19ms]
2026-04-21 06:29:21.122 [info] > git for-each-ref --format=%(refname)%00%(upstream:short)%00%(objectname)%00%(upstream:track)%00%(upstream:remotename)%00%(upstream:remoteref) refs/heads/main refs/remotes/main [3ms]
2026-04-21 06:29:21.171 [info] > git for-each-ref --sort -committerdate --format %(refname)%00%(objectname)%00%(*objectname) [5ms]
2026-04-21 06:29:21.285 [info] > git status -z -uall [145ms]
2026-04-21 06:29:22.204 [info] > git check-ignore -v -z --stdin [3ms]
2026-04-21 06:29:27.763 [info] > git config --get commit.template [17ms]
2026-04-21 06:29:27.764 [info] > git for-each-ref --format=%(refname)%00%(upstream:short)%00%(objectname)%00%(upstream:track)%00%(upstream:remotename)%00%(upstream:remoteref) refs/heads/main refs/remotes/main [3ms]
2026-04-21 06:29:27.804 [info] > git for-each-ref --sort -committerdate --format %(refname)%00%(objectname)%00%(*objectname) [4ms]
2026-04-21 06:29:27.922 [info] > git status -z -uall [142ms]
2026-04-21 06:29:28.795 [info] > git check-ignore -v -z --stdin [4ms]
2026-04-21 06:29:45.093 [info] > git config --get commit.template [20ms]
2026-04-21 06:29:45.095 [info] > git for-each-ref --format=%(refname)%00%(upstream:short)%00%(objectname)%00%(upstream:track)%00%(upstream:remotename)%00%(upstream:remoteref) refs/heads/main refs/remotes/main [4ms]
2026-04-21 06:29:45.146 [info] > git for-each-ref --sort -committerdate --format %(refname)%00%(objectname)%00%(*objectname) [5ms]
2026-04-21 06:29:45.260 [info] > git status -z -uall [147ms]
2026-04-21 06:29:46.303 [info] > git check-ignore -v -z --stdin [4ms]
2026-04-21 06:29:52.966 [info] > git config --get commit.template [2ms]
2026-04-21 06:29:52.982 [info] > git for-each-ref --format=%(refname)%00%(upstream:short)%00%(objectname)%00%(upstream:track)%00%(upstream:remotename)%00%(upstream:remoteref) refs/heads/main refs/remotes/main [2ms]
2026-04-21 06:29:53.022 [info] > git for-each-ref --sort -committerdate --format %(refname)%00%(objectname)%00%(*objectname) [4ms]
2026-04-21 06:29:53.139 [info] > git status -z -uall [142ms]
2026-04-21 06:29:54.065 [info] > git check-ignore -v -z --stdin [3ms]
2026-04-21 06:29:58.202 [info] > git config --get commit.template [20ms]
2026-04-21 06:29:58.203 [info] > git for-each-ref --format=%(refname)%00%(upstream:short)%00%(objectname)%00%(upstream:track)%00%(upstream:remotename)%00%(upstream:remoteref) refs/heads/main refs/remotes/main [3ms]
2026-04-21 06:29:58.252 [info] > git for-each-ref --sort -committerdate --format %(refname)%00%(objectname)%00%(*objectname) [5ms]
2026-04-21 06:29:58.366 [info] > git status -z -uall [146ms]
2026-04-21 06:29:59.254 [info] > git check-ignore -v -z --stdin [7ms]
2026-04-21 06:30:14.901 [info] > git config --get commit.template [15ms]
2026-04-21 06:30:14.902 [info] > git for-each-ref --format=%(refname)%00%(upstream:short)%00%(objectname)%00%(upstream:track)%00%(upstream:remotename)%00%(upstream:remoteref) refs/heads/main refs/remotes/main [3ms]
2026-04-21 06:30:14.940 [info] > git for-each-ref --sort -committerdate --format %(refname)%00%(objectname)%00%(*objectname) [4ms]
2026-04-21 06:30:15.063 [info] > git status -z -uall [148ms]
2026-04-21 06:30:16.016 [info] > git check-ignore -v -z --stdin [3ms]
2026-04-21 06:30:20.104 [info] > git config --get commit.template [2ms]
2026-04-21 06:30:20.121 [info] > git for-each-ref --format=%(refname)%00%(upstream:short)%00%(objectname)%00%(upstream:track)%00%(upstream:remotename)%00%(upstream:remoteref) refs/heads/main refs/remotes/main [3ms]
2026-04-21 06:30:20.160 [info] > git for-each-ref --sort -committerdate --format %(refname)%00%(objectname)%00%(*objectname) [3ms]
2026-04-21 06:30:20.275 [info] > git status -z -uall [139ms]
2026-04-21 06:30:21.110 [info] > git check-ignore -v -z --stdin [3ms]
2026-04-21 06:30:32.271 [info] > git config --get commit.template [16ms]
2026-04-21 06:30:32.272 [info] > git for-each-ref --format=%(refname)%00%(upstream:short)%00%(objectname)%00%(upstream:track)%00%(upstream:remotename)%00%(upstream:remoteref) refs/heads/main refs/remotes/main [3ms]
2026-04-21 06:30:32.310 [info] > git for-each-ref --sort -committerdate --format %(refname)%00%(objectname)%00%(*objectname) [4ms]
2026-04-21 06:30:32.433 [info] > git status -z -uall [148ms]
2026-04-21 06:30:33.503 [info] > git check-ignore -v -z --stdin [4ms]
2026-04-21 06:30:46.718 [info] > git config --get commit.template [20ms]
2026-04-21 06:30:46.719 [info] > git for-each-ref --format=%(refname)%00%(upstream:short)%00%(objectname)%00%(upstream:track)%00%(upstream:remotename)%00%(upstream:remoteref) refs/heads/main refs/remotes/main [3ms]
2026-04-21 06:30:46.773 [info] > git for-each-ref --sort -committerdate --format %(refname)%00%(objectname)%00%(*objectname) [5ms]
2026-04-21 06:30:46.891 [info] > git status -z -uall [152ms]
2026-04-21 06:30:48.060 [info] > git check-ignore -v -z --stdin [4ms]
2026-04-21 06:30:50.656 [info] > git check-ignore -v -z --stdin [6ms]
2026-04-21 06:30:51.952 [info] > git config --get commit.template [16ms]
2026-04-21 06:30:51.954 [info] > git for-each-ref --format=%(refname)%00%(upstream:short)%00%(objectname)%00%(upstream:track)%00%(upstream:remotename)%00%(upstream:remoteref) refs/heads/main refs/remotes/main [3ms]
2026-04-21 06:30:51.994 [info] > git for-each-ref --sort -committerdate --format %(refname)%00%(objectname)%00%(*objectname) [6ms]
2026-04-21 06:30:52.116 [info] > git status -z -uall [148ms]
2026-04-21 06:30:53.418 [info] > git check-ignore -v -z --stdin [4ms]
2026-04-21 06:31:31.141 [info] > git config --get commit.template [3ms]
2026-04-21 06:31:31.158 [info] > git for-each-ref --format=%(refname)%00%(upstream:short)%00%(objectname)%00%(upstream:track)%00%(upstream:remotename)%00%(upstream:remoteref) refs/heads/main refs/remotes/main [3ms]
2026-04-21 06:31:31.209 [info] > git for-each-ref --sort -committerdate --format %(refname)%00%(objectname)%00%(*objectname) [3ms]
2026-04-21 06:31:31.329 [info] > git status -z -uall [150ms]
2026-04-21 06:31:32.506 [info] > git check-ignore -v -z --stdin [4ms]
2026-04-21 06:31:36.389 [info] > git config --get commit.template [16ms]
2026-04-21 06:31:36.391 [info] > git for-each-ref --format=%(refname)%00%(upstream:short)%00%(objectname)%00%(upstream:track)%00%(upstream:remotename)%00%(upstream:remoteref) refs/heads/main refs/remotes/main [3ms]
2026-04-21 06:31:36.437 [info] > git for-each-ref --sort -committerdate --format %(refname)%00%(objectname)%00%(*objectname) [8ms]
2026-04-21 06:31:36.578 [info] > git status -z -uall [172ms]
2026-04-21 06:31:37.657 [info] > git check-ignore -v -z --stdin [3ms]
2026-04-21 06:31:45.821 [info] > git config --get commit.template [4ms]
2026-04-21 06:31:45.837 [info] > git for-each-ref --format=%(refname)%00%(upstream:short)%00%(objectname)%00%(upstream:track)%00%(upstream:remotename)%00%(upstream:remoteref) refs/heads/main refs/remotes/main [2ms]
2026-04-21 06:31:45.877 [info] > git for-each-ref --sort -committerdate --format %(refname)%00%(objectname)%00%(*objectname) [5ms]
2026-04-21 06:31:45.991 [info] > git status -z -uall [140ms]
2026-04-21 06:31:47.063 [info] > git check-ignore -v -z --stdin [3ms]
2026-04-21 06:31:59.796 [info] > git config --get commit.template [16ms]
2026-04-21 06:31:59.798 [info] > git for-each-ref --format=%(refname)%00%(upstream:short)%00%(objectname)%00%(upstream:track)%00%(upstream:remotename)%00%(upstream:remoteref) refs/heads/main refs/remotes/main [3ms]
2026-04-21 06:31:59.836 [info] > git for-each-ref --sort -committerdate --format %(refname)%00%(objectname)%00%(*objectname) [5ms]
2026-04-21 06:31:59.955 [info] > git status -z -uall [144ms]
2026-04-21 06:32:01.038 [info] > git check-ignore -v -z --stdin [4ms]
2026-04-21 06:32:04.996 [info] > git config --get commit.template [2ms]
2026-04-21 06:32:05.014 [info] > git for-each-ref --format=%(refname)%00%(upstream:short)%00%(objectname)%00%(upstream:track)%00%(upstream:remotename)%00%(upstream:remoteref) refs/heads/main refs/remotes/main [4ms]
2026-04-21 06:32:05.053 [info] > git for-each-ref --sort -committerdate --format %(refname)%00%(objectname)%00%(*objectname) [4ms]
2026-04-21 06:32:05.167 [info] > git status -z -uall [139ms]
2026-04-21 06:32:06.280 [info] > git check-ignore -v -z --stdin [4ms]
2026-04-21 06:32:09.659 [info] > git check-ignore -v -z --stdin [4ms]
2026-04-21 06:32:12.545 [info] > git config --get commit.template [2ms]
2026-04-21 06:32:12.560 [info] > git for-each-ref --format=%(refname)%00%(upstream:short)%00%(objectname)%00%(upstream:track)%00%(upstream:remotename)%00%(upstream:remoteref) refs/heads/main refs/remotes/main [2ms]
2026-04-21 06:32:12.599 [info] > git for-each-ref --sort -committerdate --format %(refname)%00%(objectname)%00%(*objectname) [4ms]
2026-04-21 06:32:12.712 [info] > git status -z -uall [138ms]
2026-04-21 06:32:14.446 [info] > git check-ignore -v -z --stdin [3ms]
2026-04-21 06:32:25.520 [info] > git config --get commit.template [16ms]
2026-04-21 06:32:25.522 [info] > git for-each-ref --format=%(refname)%00%(upstream:short)%00%(objectname)%00%(upstream:track)%00%(upstream:remotename)%00%(upstream:remoteref) refs/heads/main refs/remotes/main [2ms]
2026-04-21 06:32:25.560 [info] > git for-each-ref --sort -committerdate --format %(refname)%00%(objectname)%00%(*objectname) [3ms]
2026-04-21 06:32:25.673 [info] > git status -z -uall [138ms]
2026-04-21 06:32:26.608 [info] > git check-ignore -v -z --stdin [3ms]
2026-04-21 06:32:30.725 [info] > git config --get commit.template [15ms]
2026-04-21 06:32:30.727 [info] > git for-each-ref --format=%(refname)%00%(upstream:short)%00%(objectname)%00%(upstream:track)%00%(upstream:remotename)%00%(upstream:remoteref) refs/heads/main refs/remotes/main [3ms]
2026-04-21 06:32:30.765 [info] > git for-each-ref --sort -committerdate --format %(refname)%00%(objectname)%00%(*objectname) [5ms]
2026-04-21 06:32:30.883 [info] > git status -z -uall [143ms]
2026-04-21 06:32:31.881 [info] > git check-ignore -v -z --stdin [4ms]
2026-04-21 06:32:35.935 [info] > git config --get commit.template [15ms]
2026-04-21 06:32:35.936 [info] > git for-each-ref --format=%(refname)%00%(upstream:short)%00%(objectname)%00%(upstream:track)%00%(upstream:remotename)%00%(upstream:remoteref) refs/heads/main refs/remotes/main [2ms]
2026-04-21 06:32:35.978 [info] > git for-each-ref --sort -committerdate --format %(refname)%00%(objectname)%00%(*objectname) [8ms]
2026-04-21 06:32:36.090 [info] > git status -z -uall [140ms]
2026-04-21 06:32:37.471 [info] > git check-ignore -v -z --stdin [3ms]
2026-04-21 06:32:43.306 [info] > git config --get commit.template [20ms]
2026-04-21 06:32:43.307 [info] > git for-each-ref --format=%(refname)%00%(upstream:short)%00%(objectname)%00%(upstream:track)%00%(upstream:remotename)%00%(upstream:remoteref) refs/heads/main refs/remotes/main [4ms]
2026-04-21 06:32:43.383 [info] > git for-each-ref --sort -committerdate --format %(refname)%00%(objectname)%00%(*objectname) [22ms]
2026-04-21 06:32:43.551 [info] > git status -z -uall [222ms]
2026-04-21 06:32:44.949 [info] > git check-ignore -v -z --stdin [5ms]
2026-04-21 06:32:49.111 [info] > git config --get commit.template [10ms]
2026-04-21 06:32:49.113 [info] > git for-each-ref --format=%(refname)%00%(upstream:short)%00%(objectname)%00%(upstream:track)%00%(upstream:remotename)%00%(upstream:remoteref) refs/heads/main refs/remotes/main [3ms]
2026-04-21 06:32:49.137 [info] > git for-each-ref --sort -committerdate --format %(refname)%00%(objectname)%00%(*objectname) [4ms]
2026-04-21 06:32:49.258 [info] > git status -z -uall [137ms]
2026-04-21 06:32:50.116 [info] > git check-ignore -v -z --stdin [7ms]
2026-04-21 06:33:01.470 [info] > git config --get commit.template [3ms]
2026-04-21 06:33:01.479 [info] > git for-each-ref --format=%(refname)%00%(upstream:short)%00%(objectname)%00%(upstream:track)%00%(upstream:remotename)%00%(upstream:remoteref) refs/heads/main refs/remotes/main [2ms]
2026-04-21 06:33:01.507 [info] > git for-each-ref --sort -committerdate --format %(refname)%00%(objectname)%00%(*objectname) [6ms]
2026-04-21 06:33:01.627 [info] > git status -z -uall [140ms]
2026-04-21 06:33:03.418 [info] > git check-ignore -v -z --stdin [3ms]
2026-04-21 06:33:14.530 [info] > git config --get commit.template [10ms]
2026-04-21 06:33:14.532 [info] > git for-each-ref --format=%(refname)%00%(upstream:short)%00%(objectname)%00%(upstream:track)%00%(upstream:remotename)%00%(upstream:remoteref) refs/heads/main refs/remotes/main [3ms]
2026-04-21 06:33:14.558 [info] > git for-each-ref --sort -committerdate --format %(refname)%00%(objectname)%00%(*objectname) [7ms]
2026-04-21 06:33:14.675 [info] > git status -z -uall [135ms]
2026-04-21 06:33:15.566 [info] > git check-ignore -v -z --stdin [3ms]
2026-04-21 06:33:18.718 [info] > git check-ignore -v -z --stdin [10ms]
2026-04-21 06:33:19.752 [info] > git config --get commit.template [32ms]
2026-04-21 06:33:19.759 [info] > git for-each-ref --format=%(refname)%00%(upstream:short)%00%(objectname)%00%(upstream:track)%00%(upstream:remotename)%00%(upstream:remoteref) refs/heads/main refs/remotes/main [15ms]
2026-04-21 06:33:19.793 [info] > git for-each-ref --sort -committerdate --format %(refname)%00%(objectname)%00%(*objectname) [5ms]
2026-04-21 06:33:19.938 [info] > git status -z -uall [164ms]
2026-04-21 06:33:20.799 [info] > git check-ignore -v -z --stdin [8ms]
2026-04-21 06:33:24.974 [info] > git config --get commit.template [10ms]
2026-04-21 06:33:24.976 [info] > git for-each-ref --format=%(refname)%00%(upstream:short)%00%(objectname)%00%(upstream:track)%00%(upstream:remotename)%00%(upstream:remoteref) refs/heads/main refs/remotes/main [3ms]
2026-04-21 06:33:25.001 [info] > git for-each-ref --sort -committerdate --format %(refname)%00%(objectname)%00%(*objectname) [4ms]
2026-04-21 06:33:25.121 [info] > git status -z -uall [136ms]
2026-04-21 06:33:26.051 [info] > git check-ignore -v -z --stdin [7ms]
2026-04-21 06:33:34.655 [info] > git config --get commit.template [15ms]
2026-04-21 06:33:34.657 [info] > git for-each-ref --format=%(refname)%00%(upstream:short)%00%(objectname)%00%(upstream:track)%00%(upstream:remotename)%00%(upstream:remoteref) refs/heads/main refs/remotes/main [3ms]
2026-04-21 06:33:34.687 [info] > git for-each-ref --sort -committerdate --format %(refname)%00%(objectname)%00%(*objectname) [5ms]
2026-04-21 06:33:34.810 [info] > git status -z -uall [143ms]
2026-04-21 06:33:35.728 [info] > git check-ignore -v -z --stdin [3ms]
2026-04-21 06:33:39.846 [info] > git config --get commit.template [9ms]
2026-04-21 06:33:39.848 [info] > git for-each-ref --format=%(refname)%00%(upstream:short)%00%(objectname)%00%(upstream:track)%00%(upstream:remotename)%00%(upstream:remoteref) refs/heads/main refs/remotes/main [3ms]
2026-04-21 06:33:39.871 [info] > git for-each-ref --sort -committerdate --format %(refname)%00%(objectname)%00%(*objectname) [4ms]
2026-04-21 06:33:39.995 [info] > git status -z -uall [140ms]
2026-04-21 06:33:40.959 [info] > git check-ignore -v -z --stdin [2ms]
2026-04-21 06:33:54.707 [info] > git config --get commit.template [3ms]
2026-04-21 06:33:54.717 [info] > git for-each-ref --format=%(refname)%00%(upstream:short)%00%(objectname)%00%(upstream:track)%00%(upstream:remotename)%00%(upstream:remoteref) refs/heads/main refs/remotes/main [3ms]
2026-04-21 06:33:54.742 [info] > git for-each-ref --sort -committerdate --format %(refname)%00%(objectname)%00%(*objectname) [6ms]
2026-04-21 06:33:54.871 [info] > git status -z -uall [146ms]
2026-04-21 06:33:55.851 [info] > git check-ignore -v -z --stdin [3ms]
2026-04-21 06:33:59.915 [info] > git config --get commit.template [10ms]
2026-04-21 06:33:59.917 [info] > git for-each-ref --format=%(refname)%00%(upstream:short)%00%(objectname)%00%(upstream:track)%00%(upstream:remotename)%00%(upstream:remoteref) refs/heads/main refs/remotes/main [3ms]
2026-04-21 06:33:59.941 [info] > git for-each-ref --sort -committerdate --format %(refname)%00%(objectname)%00%(*objectname) [4ms]
2026-04-21 06:34:00.063 [info] > git status -z -uall [138ms]
2026-04-21 06:34:01.016 [info] > git check-ignore -v -z --stdin [3ms]
2026-04-21 06:34:12.121 [info] > git config --get commit.template [13ms]
2026-04-21 06:34:12.122 [info] > git for-each-ref --format=%(refname)%00%(upstream:short)%00%(objectname)%00%(upstream:track)%00%(upstream:remotename)%00%(upstream:remoteref) refs/heads/main refs/remotes/main [3ms]
2026-04-21 06:34:12.157 [info] > git for-each-ref --sort -committerdate --format %(refname)%00%(objectname)%00%(*objectname) [6ms]
2026-04-21 06:34:12.277 [info] > git status -z -uall [145ms]
2026-04-21 06:34:13.290 [info] > git check-ignore -v -z --stdin [3ms]
2026-04-21 06:34:22.822 [info] > git config --get commit.template [5ms]
2026-04-21 06:34:22.837 [info] > git for-each-ref --format=%(refname)%00%(upstream:short)%00%(objectname)%00%(upstream:track)%00%(upstream:remotename)%00%(upstream:remoteref) refs/heads/main refs/remotes/main [3ms]
2026-04-21 06:34:22.870 [info] > git for-each-ref --sort -committerdate --format %(refname)%00%(objectname)%00%(*objectname) [6ms]
2026-04-21 06:34:22.993 [info] > git status -z -uall [146ms]
2026-04-21 06:34:24.282 [info] > git check-ignore -v -z --stdin [4ms]
