2026-04-16 18:36:59.122 [info] [main] Log level: Info
2026-04-16 18:36:59.123 [info] [main] Validating found git in: "git"
2026-04-16 18:36:59.123 [info] [main] Using git "2.43.0" from "git"
2026-04-16 18:36:59.123 [info] [Model][doInitialScan] Initial repository scan started
2026-04-16 18:36:59.123 [info] > git rev-parse --show-toplevel [372ms]
2026-04-16 18:36:59.123 [info] > git rev-parse --git-dir --git-common-dir --show-superproject-working-tree [2882ms]
2026-04-16 18:36:59.831 [info] [Model][openRepository] Opened repository (path): /home/rey_miller_chancahuana_almora
2026-04-16 18:36:59.831 [info] [Model][openRepository] Opened repository (real path): /home/rey_miller_chancahuana_almora
2026-04-16 18:36:59.831 [info] [Model][openRepository] Opened repository (kind): repository
2026-04-16 18:37:00.335 [info] > git rev-parse --show-toplevel [179ms]
2026-04-16 18:37:00.341 [info] > git config --get commit.template [196ms]
2026-04-16 18:37:00.468 [info] > git rev-parse --show-toplevel [102ms]
2026-04-16 18:37:00.501 [info] > git for-each-ref --format=%(refname)%00%(upstream:short)%00%(objectname)%00%(upstream:track)%00%(upstream:remotename)%00%(upstream:remoteref) refs/heads/main refs/remotes/main [57ms]
2026-04-16 18:37:00.620 [info] > git rev-parse --show-toplevel [106ms]
2026-04-16 18:37:00.718 [info] > git rev-parse --show-toplevel [64ms]
2026-04-16 18:37:00.741 [info] > git for-each-ref --sort -committerdate --format %(refname)%00%(objectname)%00%(*objectname) [32ms]
2026-04-16 18:37:00.802 [info] > git rev-parse --show-toplevel [34ms]
2026-04-16 18:37:00.835 [info] > git rev-parse --show-toplevel [17ms]
2026-04-16 18:37:00.857 [info] > git rev-parse --show-toplevel [5ms]
2026-04-16 18:37:00.891 [info] > git rev-parse --show-toplevel [16ms]
2026-04-16 18:37:00.908 [info] > git rev-parse --show-toplevel [2ms]
2026-04-16 18:37:00.929 [info] > git rev-parse --show-toplevel [5ms]
2026-04-16 18:37:00.942 [info] > git rev-parse --show-toplevel [2ms]
2026-04-16 18:37:00.944 [info] [Model][doInitialScan] Initial repository scan completed - repositories (1), closed repositories (0), parent repositories (0), unsafe repositories (0)
2026-04-16 18:37:01.057 [info] > git status -z -uall [367ms]
2026-04-16 18:37:01.058 [info] > git check-ignore -v -z --stdin [4ms]
2026-04-16 18:37:01.139 [info] > git for-each-ref --format=%(refname)%00%(upstream:short)%00%(objectname)%00%(upstream:track)%00%(upstream:remotename)%00%(upstream:remoteref) refs/heads/main refs/remotes/main [16ms]
2026-04-16 18:37:01.164 [info] > git config --get commit.template [28ms]
2026-04-16 18:37:01.393 [info] > git check-ignore -v -z --stdin [232ms]
2026-04-16 18:37:01.394 [info] > git config --get --local branch.main.vscode-merge-base [249ms]
2026-04-16 18:37:01.395 [warning] [Git][config] git config failed: Failed to execute git
2026-04-16 18:37:01.422 [info] > git reflog main --grep-reflog=branch: Created from *. [21ms]
2026-04-16 18:37:01.435 [info] > git for-each-ref --format=%(refname)%00%(upstream:short)%00%(objectname)%00%(upstream:track)%00%(upstream:remotename)%00%(upstream:remoteref) refs/heads/main refs/remotes/main [20ms]
2026-04-16 18:37:01.438 [info] > git symbolic-ref --short refs/remotes/origin/HEAD [4ms]
2026-04-16 18:37:01.438 [info] fatal: ref refs/remotes/origin/HEAD is not a symbolic ref
2026-04-16 18:37:01.438 [warning] [Repository][getDefaultBranch] Failed to get default branch details: Failed to execute git.
2026-04-16 18:37:01.452 [info] > git merge-base refs/heads/main refs/remotes/origin/main [5ms]
2026-04-16 18:37:01.483 [info] > git diff --raw --numstat --diff-filter=ADMR -z --find-renames=50% f9a8faa24ef9e2ddb4dca70a186268a99a5c5817...refs/remotes/origin/main -- [23ms]
2026-04-16 18:37:01.495 [info] > git for-each-ref --sort -committerdate --format %(refname)%00%(objectname)%00%(*objectname) [14ms]
2026-04-16 18:37:01.674 [info] > git status -z -uall [206ms]
2026-04-16 18:37:04.365 [info] > git show --textconv :JABA/Code.js [17ms]
2026-04-16 18:37:04.369 [info] > git ls-files --stage -- JABA/Code.js [8ms]
2026-04-16 18:37:04.386 [info] > git cat-file -s 51bfea3d503ae3edabbb6b7835d8edb71387ec1f [6ms]
2026-04-16 18:37:04.550 [info] > git config --get commit.template [3ms]
2026-04-16 18:37:04.570 [info] > git for-each-ref --format=%(refname)%00%(upstream:short)%00%(objectname)%00%(upstream:track)%00%(upstream:remotename)%00%(upstream:remoteref) refs/heads/main refs/remotes/main [5ms]
2026-04-16 18:37:04.630 [info] > git for-each-ref --sort -committerdate --format %(refname)%00%(objectname)%00%(*objectname) [18ms]
2026-04-16 18:37:04.808 [info] > git status -z -uall [221ms]
2026-04-16 18:37:05.819 [info] > git check-ignore -v -z --stdin [13ms]
2026-04-16 18:37:07.342 [info] > git check-ignore -v -z --stdin [13ms]
2026-04-16 18:37:09.897 [info] > git config --get commit.template [22ms]
2026-04-16 18:37:09.923 [info] > git for-each-ref --format=%(refname)%00%(upstream:short)%00%(objectname)%00%(upstream:track)%00%(upstream:remotename)%00%(upstream:remoteref) refs/heads/main refs/remotes/main [7ms]
2026-04-16 18:37:10.001 [info] > git for-each-ref --sort -committerdate --format %(refname)%00%(objectname)%00%(*objectname) [12ms]
2026-04-16 18:37:10.193 [info] > git status -z -uall [238ms]
2026-04-16 18:37:13.117 [info] > git check-ignore -v -z --stdin [8ms]
2026-04-16 18:37:15.667 [info] > git config --get commit.template [10ms]
2026-04-16 18:37:15.703 [info] > git for-each-ref --format=%(refname)%00%(upstream:short)%00%(objectname)%00%(upstream:track)%00%(upstream:remotename)%00%(upstream:remoteref) refs/heads/main refs/remotes/main [22ms]
2026-04-16 18:37:15.762 [info] > git for-each-ref --sort -committerdate --format %(refname)%00%(objectname)%00%(*objectname) [7ms]
2026-04-16 18:37:15.908 [info] > git status -z -uall [175ms]
2026-04-16 18:37:18.059 [info] > git check-ignore -v -z --stdin [330ms]
2026-04-16 18:37:21.028 [info] > git config --get commit.template [36ms]
2026-04-16 18:37:21.039 [info] > git for-each-ref --format=%(refname)%00%(upstream:short)%00%(objectname)%00%(upstream:track)%00%(upstream:remotename)%00%(upstream:remoteref) refs/heads/main refs/remotes/main [13ms]
2026-04-16 18:37:21.107 [info] > git for-each-ref --sort -committerdate --format %(refname)%00%(objectname)%00%(*objectname) [11ms]
2026-04-16 18:37:22.135 [info] > git status -z -uall [1069ms]
2026-04-16 18:37:24.370 [info] > git check-ignore -v -z --stdin [14ms]
2026-04-16 18:37:27.331 [info] > git config --get commit.template [42ms]
2026-04-16 18:37:27.338 [info] > git for-each-ref --format=%(refname)%00%(upstream:short)%00%(objectname)%00%(upstream:track)%00%(upstream:remotename)%00%(upstream:remoteref) refs/heads/main refs/remotes/main [9ms]
2026-04-16 18:37:27.455 [info] > git for-each-ref --sort -committerdate --format %(refname)%00%(objectname)%00%(*objectname) [16ms]
2026-04-16 18:37:28.226 [info] > git status -z -uall [854ms]
2026-04-16 18:37:30.223 [info] > git blame --root --incremental f9a8faa24ef9e2ddb4dca70a186268a99a5c5817 -- JABA/Code.js [37ms]
2026-04-16 18:37:30.510 [info] > git check-ignore -v -z --stdin [37ms]
2026-04-16 18:37:33.398 [info] > git config --get commit.template [6ms]
2026-04-16 18:37:33.456 [info] > git for-each-ref --format=%(refname)%00%(upstream:short)%00%(objectname)%00%(upstream:track)%00%(upstream:remotename)%00%(upstream:remoteref) refs/heads/main refs/remotes/main [13ms]
2026-04-16 18:37:33.569 [info] > git for-each-ref --sort -committerdate --format %(refname)%00%(objectname)%00%(*objectname) [20ms]
2026-04-16 18:37:34.141 [info] > git status -z -uall [652ms]
2026-04-16 18:37:35.784 [info] > git check-ignore -v -z --stdin [42ms]
2026-04-16 18:37:39.256 [info] > git config --get commit.template [6ms]
2026-04-16 18:37:39.271 [info] > git for-each-ref --format=%(refname)%00%(upstream:short)%00%(objectname)%00%(upstream:track)%00%(upstream:remotename)%00%(upstream:remoteref) refs/heads/main refs/remotes/main [5ms]
2026-04-16 18:37:39.308 [info] > git for-each-ref --sort -committerdate --format %(refname)%00%(objectname)%00%(*objectname) [4ms]
2026-04-16 18:37:39.535 [info] > git status -z -uall [254ms]
2026-04-16 18:37:41.259 [info] > git check-ignore -v -z --stdin [5ms]
2026-04-16 18:38:23.564 [info] > git config --get commit.template [3ms]
2026-04-16 18:38:23.574 [info] > git for-each-ref --format=%(refname)%00%(upstream:short)%00%(objectname)%00%(upstream:track)%00%(upstream:remotename)%00%(upstream:remoteref) refs/heads/main refs/remotes/main [3ms]
2026-04-16 18:38:23.595 [info] > git for-each-ref --sort -committerdate --format %(refname)%00%(objectname)%00%(*objectname) [4ms]
2026-04-16 18:38:23.713 [info] > git status -z -uall [132ms]
2026-04-16 18:38:24.633 [info] > git check-ignore -v -z --stdin [3ms]
2026-04-16 18:38:40.772 [info] > git config --get commit.template [3ms]
2026-04-16 18:38:40.780 [info] > git for-each-ref --format=%(refname)%00%(upstream:short)%00%(objectname)%00%(upstream:track)%00%(upstream:remotename)%00%(upstream:remoteref) refs/heads/main refs/remotes/main [2ms]
2026-04-16 18:38:40.805 [info] > git for-each-ref --sort -committerdate --format %(refname)%00%(objectname)%00%(*objectname) [8ms]
2026-04-16 18:38:40.927 [info] > git status -z -uall [140ms]
2026-04-16 18:38:41.993 [info] > git check-ignore -v -z --stdin [3ms]
2026-04-16 18:38:45.964 [info] > git config --get commit.template [9ms]
2026-04-16 18:38:45.965 [info] > git for-each-ref --format=%(refname)%00%(upstream:short)%00%(objectname)%00%(upstream:track)%00%(upstream:remotename)%00%(upstream:remoteref) refs/heads/main refs/remotes/main [3ms]
2026-04-16 18:38:45.987 [info] > git for-each-ref --sort -committerdate --format %(refname)%00%(objectname)%00%(*objectname) [4ms]
2026-04-16 18:38:46.100 [info] > git status -z -uall [128ms]
2026-04-16 18:38:46.904 [info] > git check-ignore -v -z --stdin [3ms]
2026-04-16 18:38:54.669 [info] > git config --get commit.template [10ms]
2026-04-16 18:38:54.672 [info] > git for-each-ref --format=%(refname)%00%(upstream:short)%00%(objectname)%00%(upstream:track)%00%(upstream:remotename)%00%(upstream:remoteref) refs/heads/main refs/remotes/main [4ms]
2026-04-16 18:38:54.695 [info] > git for-each-ref --sort -committerdate --format %(refname)%00%(objectname)%00%(*objectname) [5ms]
2026-04-16 18:38:54.810 [info] > git status -z -uall [131ms]
2026-04-16 18:38:55.584 [info] > git check-ignore -v -z --stdin [4ms]
2026-04-16 18:38:59.840 [info] > git config --get commit.template [9ms]
2026-04-16 18:38:59.842 [info] > git for-each-ref --format=%(refname)%00%(upstream:short)%00%(objectname)%00%(upstream:track)%00%(upstream:remotename)%00%(upstream:remoteref) refs/heads/main refs/remotes/main [3ms]
2026-04-16 18:38:59.863 [info] > git for-each-ref --sort -committerdate --format %(refname)%00%(objectname)%00%(*objectname) [3ms]
2026-04-16 18:38:59.975 [info] > git status -z -uall [127ms]
2026-04-16 18:39:00.789 [info] > git check-ignore -v -z --stdin [3ms]
2026-04-16 18:39:34.190 [info] > git for-each-ref --format=%(refname)%00%(upstream:short)%00%(objectname)%00%(upstream:track)%00%(upstream:remotename)%00%(upstream:remoteref) refs/heads/main refs/remotes/main [33ms]
2026-04-16 18:39:34.191 [info] > git config --get commit.template [42ms]
2026-04-16 18:39:34.215 [info] > git for-each-ref --sort -committerdate --format %(refname)%00%(objectname)%00%(*objectname) [5ms]
2026-04-16 18:39:34.332 [info] > git status -z -uall [133ms]
2026-04-16 18:39:35.196 [info] > git check-ignore -v -z --stdin [3ms]
2026-04-16 18:39:42.618 [info] > git config --get commit.template [12ms]
2026-04-16 18:39:42.619 [info] > git for-each-ref --format=%(refname)%00%(upstream:short)%00%(objectname)%00%(upstream:track)%00%(upstream:remotename)%00%(upstream:remoteref) refs/heads/main refs/remotes/main [4ms]
2026-04-16 18:39:42.639 [info] > git for-each-ref --sort -committerdate --format %(refname)%00%(objectname)%00%(*objectname) [3ms]
2026-04-16 18:39:42.753 [info] > git status -z -uall [127ms]
2026-04-16 18:39:44.302 [info] > git check-ignore -v -z --stdin [3ms]
2026-04-16 18:39:47.810 [info] > git config --get commit.template [9ms]
2026-04-16 18:39:47.811 [info] > git for-each-ref --format=%(refname)%00%(upstream:short)%00%(objectname)%00%(upstream:track)%00%(upstream:remotename)%00%(upstream:remoteref) refs/heads/main refs/remotes/main [2ms]
2026-04-16 18:39:47.833 [info] > git for-each-ref --sort -committerdate --format %(refname)%00%(objectname)%00%(*objectname) [5ms]
2026-04-16 18:39:47.947 [info] > git status -z -uall [129ms]
2026-04-16 18:39:48.836 [info] > git check-ignore -v -z --stdin [5ms]
2026-04-16 18:39:52.985 [info] > git config --get commit.template [9ms]
2026-04-16 18:39:52.987 [info] > git for-each-ref --format=%(refname)%00%(upstream:short)%00%(objectname)%00%(upstream:track)%00%(upstream:remotename)%00%(upstream:remoteref) refs/heads/main refs/remotes/main [3ms]
2026-04-16 18:39:53.011 [info] > git for-each-ref --sort -committerdate --format %(refname)%00%(objectname)%00%(*objectname) [8ms]
2026-04-16 18:39:53.126 [info] > git status -z -uall [133ms]
2026-04-16 18:39:54.050 [info] > git check-ignore -v -z --stdin [3ms]
2026-04-16 18:40:10.776 [info] > git config --get commit.template [2ms]
2026-04-16 18:40:10.787 [info] > git for-each-ref --format=%(refname)%00%(upstream:short)%00%(objectname)%00%(upstream:track)%00%(upstream:remotename)%00%(upstream:remoteref) refs/heads/main refs/remotes/main [3ms]
2026-04-16 18:40:10.807 [info] > git for-each-ref --sort -committerdate --format %(refname)%00%(objectname)%00%(*objectname) [4ms]
2026-04-16 18:40:10.924 [info] > git status -z -uall [131ms]
2026-04-16 18:40:12.160 [info] > git check-ignore -v -z --stdin [3ms]
2026-04-16 18:40:16.781 [info] > git config --get commit.template [8ms]
2026-04-16 18:40:16.783 [info] > git for-each-ref --format=%(refname)%00%(upstream:short)%00%(objectname)%00%(upstream:track)%00%(upstream:remotename)%00%(upstream:remoteref) refs/heads/main refs/remotes/main [3ms]
2026-04-16 18:40:16.803 [info] > git for-each-ref --sort -committerdate --format %(refname)%00%(objectname)%00%(*objectname) [3ms]
2026-04-16 18:40:16.918 [info] > git status -z -uall [129ms]
2026-04-16 18:40:18.154 [info] > git check-ignore -v -z --stdin [3ms]
2026-04-16 18:40:21.951 [info] > git config --get commit.template [9ms]
2026-04-16 18:40:21.953 [info] > git for-each-ref --format=%(refname)%00%(upstream:short)%00%(objectname)%00%(upstream:track)%00%(upstream:remotename)%00%(upstream:remoteref) refs/heads/main refs/remotes/main [3ms]
2026-04-16 18:40:21.973 [info] > git for-each-ref --sort -committerdate --format %(refname)%00%(objectname)%00%(*objectname) [4ms]
2026-04-16 18:40:22.087 [info] > git status -z -uall [127ms]
2026-04-16 18:40:23.956 [info] > git check-ignore -v -z --stdin [3ms]
2026-04-16 18:40:27.123 [info] > git config --get commit.template [8ms]
2026-04-16 18:40:27.124 [info] > git for-each-ref --format=%(refname)%00%(upstream:short)%00%(objectname)%00%(upstream:track)%00%(upstream:remotename)%00%(upstream:remoteref) refs/heads/main refs/remotes/main [2ms]
2026-04-16 18:40:27.145 [info] > git for-each-ref --sort -committerdate --format %(refname)%00%(objectname)%00%(*objectname) [3ms]
2026-04-16 18:40:27.259 [info] > git status -z -uall [129ms]
2026-04-16 18:40:28.426 [info] > git check-ignore -v -z --stdin [5ms]
2026-04-16 18:40:32.289 [info] > git config --get commit.template [9ms]
2026-04-16 18:40:32.290 [info] > git for-each-ref --format=%(refname)%00%(upstream:short)%00%(objectname)%00%(upstream:track)%00%(upstream:remotename)%00%(upstream:remoteref) refs/heads/main refs/remotes/main [2ms]
2026-04-16 18:40:32.312 [info] > git for-each-ref --sort -committerdate --format %(refname)%00%(objectname)%00%(*objectname) [4ms]
2026-04-16 18:40:32.431 [info] > git status -z -uall [134ms]
2026-04-16 18:40:33.659 [info] > git check-ignore -v -z --stdin [2ms]
2026-04-16 18:40:59.893 [info] > git config --get commit.template [8ms]
2026-04-16 18:40:59.894 [info] > git for-each-ref --format=%(refname)%00%(upstream:short)%00%(objectname)%00%(upstream:track)%00%(upstream:remotename)%00%(upstream:remoteref) refs/heads/main refs/remotes/main [2ms]
2026-04-16 18:40:59.914 [info] > git for-each-ref --sort -committerdate --format %(refname)%00%(objectname)%00%(*objectname) [3ms]
2026-04-16 18:41:00.030 [info] > git status -z -uall [129ms]
2026-04-16 18:41:00.847 [info] > git check-ignore -v -z --stdin [3ms]
2026-04-16 18:41:07.894 [info] > git config --get commit.template [8ms]
2026-04-16 18:41:07.895 [info] > git for-each-ref --format=%(refname)%00%(upstream:short)%00%(objectname)%00%(upstream:track)%00%(upstream:remotename)%00%(upstream:remoteref) refs/heads/main refs/remotes/main [2ms]
2026-04-16 18:41:07.915 [info] > git for-each-ref --sort -committerdate --format %(refname)%00%(objectname)%00%(*objectname) [2ms]
2026-04-16 18:41:08.031 [info] > git status -z -uall [129ms]
2026-04-16 18:41:08.876 [info] > git check-ignore -v -z --stdin [3ms]
2026-04-16 18:41:10.303 [info] > git check-ignore -v -z --stdin [13ms]
2026-04-16 18:41:13.066 [info] > git config --get commit.template [9ms]
2026-04-16 18:41:13.067 [info] > git for-each-ref --format=%(refname)%00%(upstream:short)%00%(objectname)%00%(upstream:track)%00%(upstream:remotename)%00%(upstream:remoteref) refs/heads/main refs/remotes/main [2ms]
2026-04-16 18:41:13.089 [info] > git for-each-ref --sort -committerdate --format %(refname)%00%(objectname)%00%(*objectname) [5ms]
2026-04-16 18:41:13.205 [info] > git status -z -uall [130ms]
2026-04-16 18:41:14.329 [info] > git check-ignore -v -z --stdin [3ms]
2026-04-16 18:41:26.553 [info] > git config --get commit.template [10ms]
2026-04-16 18:41:26.554 [info] > git for-each-ref --format=%(refname)%00%(upstream:short)%00%(objectname)%00%(upstream:track)%00%(upstream:remotename)%00%(upstream:remoteref) refs/heads/main refs/remotes/main [3ms]
2026-04-16 18:41:26.583 [info] > git for-each-ref --sort -committerdate --format %(refname)%00%(objectname)%00%(*objectname) [4ms]
2026-04-16 18:41:26.699 [info] > git status -z -uall [138ms]
2026-04-16 18:41:28.483 [info] > git check-ignore -v -z --stdin [3ms]
2026-04-16 18:41:31.737 [info] > git config --get commit.template [8ms]
2026-04-16 18:41:31.738 [info] > git for-each-ref --format=%(refname)%00%(upstream:short)%00%(objectname)%00%(upstream:track)%00%(upstream:remotename)%00%(upstream:remoteref) refs/heads/main refs/remotes/main [2ms]
2026-04-16 18:41:31.760 [info] > git for-each-ref --sort -committerdate --format %(refname)%00%(objectname)%00%(*objectname) [4ms]
2026-04-16 18:41:31.874 [info] > git status -z -uall [128ms]
2026-04-16 18:41:33.265 [info] > git check-ignore -v -z --stdin [2ms]
2026-04-16 18:41:34.533 [info] > git check-ignore -v -z --stdin [3ms]
2026-04-16 18:41:35.749 [info] > git check-ignore -v -z --stdin [3ms]
2026-04-16 18:41:37.895 [info] > git config --get commit.template [9ms]
2026-04-16 18:41:37.897 [info] > git for-each-ref --format=%(refname)%00%(upstream:short)%00%(objectname)%00%(upstream:track)%00%(upstream:remotename)%00%(upstream:remoteref) refs/heads/main refs/remotes/main [2ms]
2026-04-16 18:41:37.918 [info] > git for-each-ref --sort -committerdate --format %(refname)%00%(objectname)%00%(*objectname) [4ms]
2026-04-16 18:41:38.036 [info] > git status -z -uall [132ms]
2026-04-16 18:41:39.155 [info] > git check-ignore -v -z --stdin [2ms]
2026-04-16 18:41:40.377 [info] > git check-ignore -v -z --stdin [5ms]
2026-04-16 18:41:41.246 [info] > git check-ignore -v -z --stdin [3ms]
2026-04-16 18:42:12.787 [info] > git config --get commit.template [9ms]
2026-04-16 18:42:12.788 [info] > git for-each-ref --format=%(refname)%00%(upstream:short)%00%(objectname)%00%(upstream:track)%00%(upstream:remotename)%00%(upstream:remoteref) refs/heads/main refs/remotes/main [2ms]
2026-04-16 18:42:12.810 [info] > git for-each-ref --sort -committerdate --format %(refname)%00%(objectname)%00%(*objectname) [4ms]
2026-04-16 18:42:12.924 [info] > git status -z -uall [129ms]
2026-04-16 18:42:14.327 [info] > git check-ignore -v -z --stdin [3ms]
2026-04-16 18:42:17.964 [info] > git config --get commit.template [8ms]
2026-04-16 18:42:17.965 [info] > git for-each-ref --format=%(refname)%00%(upstream:short)%00%(objectname)%00%(upstream:track)%00%(upstream:remotename)%00%(upstream:remoteref) refs/heads/main refs/remotes/main [2ms]
2026-04-16 18:42:17.988 [info] > git for-each-ref --sort -committerdate --format %(refname)%00%(objectname)%00%(*objectname) [5ms]
2026-04-16 18:42:18.100 [info] > git status -z -uall [126ms]
2026-04-16 18:42:19.547 [info] > git check-ignore -v -z --stdin [5ms]
2026-04-16 18:42:23.133 [info] > git config --get commit.template [8ms]
2026-04-16 18:42:23.135 [info] > git for-each-ref --format=%(refname)%00%(upstream:short)%00%(objectname)%00%(upstream:track)%00%(upstream:remotename)%00%(upstream:remoteref) refs/heads/main refs/remotes/main [2ms]
2026-04-16 18:42:23.154 [info] > git for-each-ref --sort -committerdate --format %(refname)%00%(objectname)%00%(*objectname) [3ms]
2026-04-16 18:42:23.267 [info] > git status -z -uall [126ms]
2026-04-16 18:42:24.590 [info] > git check-ignore -v -z --stdin [3ms]
2026-04-16 18:42:38.974 [info] > git config --get commit.template [2ms]
2026-04-16 18:42:38.985 [info] > git for-each-ref --format=%(refname)%00%(upstream:short)%00%(objectname)%00%(upstream:track)%00%(upstream:remotename)%00%(upstream:remoteref) refs/heads/main refs/remotes/main [4ms]
2026-04-16 18:42:39.007 [info] > git for-each-ref --sort -committerdate --format %(refname)%00%(objectname)%00%(*objectname) [4ms]
2026-04-16 18:42:39.121 [info] > git status -z -uall [129ms]
2026-04-16 18:42:40.665 [info] > git check-ignore -v -z --stdin [3ms]
2026-04-16 18:42:44.161 [info] > git config --get commit.template [3ms]
2026-04-16 18:42:44.173 [info] > git for-each-ref --format=%(refname)%00%(upstream:short)%00%(objectname)%00%(upstream:track)%00%(upstream:remotename)%00%(upstream:remoteref) refs/heads/main refs/remotes/main [4ms]
2026-04-16 18:42:44.195 [info] > git for-each-ref --sort -committerdate --format %(refname)%00%(objectname)%00%(*objectname) [4ms]
2026-04-16 18:42:44.308 [info] > git status -z -uall [127ms]
2026-04-16 18:42:45.812 [info] > git check-ignore -v -z --stdin [5ms]
2026-04-16 18:42:49.346 [info] > git config --get commit.template [9ms]
2026-04-16 18:42:49.347 [info] > git for-each-ref --format=%(refname)%00%(upstream:short)%00%(objectname)%00%(upstream:track)%00%(upstream:remotename)%00%(upstream:remoteref) refs/heads/main refs/remotes/main [3ms]
2026-04-16 18:42:49.370 [info] > git for-each-ref --sort -committerdate --format %(refname)%00%(objectname)%00%(*objectname) [5ms]
2026-04-16 18:42:49.484 [info] > git status -z -uall [130ms]
2026-04-16 18:42:50.901 [info] > git check-ignore -v -z --stdin [3ms]
2026-04-16 18:42:55.906 [info] > git config --get commit.template [3ms]
2026-04-16 18:42:55.915 [info] > git for-each-ref --format=%(refname)%00%(upstream:short)%00%(objectname)%00%(upstream:track)%00%(upstream:remotename)%00%(upstream:remoteref) refs/heads/main refs/remotes/main [3ms]
2026-04-16 18:42:55.936 [info] > git for-each-ref --sort -committerdate --format %(refname)%00%(objectname)%00%(*objectname) [3ms]
2026-04-16 18:42:56.052 [info] > git status -z -uall [130ms]
2026-04-16 18:42:57.338 [info] > git check-ignore -v -z --stdin [3ms]
2026-04-16 18:43:14.931 [info] > git config --get commit.template [9ms]
2026-04-16 18:43:14.932 [info] > git for-each-ref --format=%(refname)%00%(upstream:short)%00%(objectname)%00%(upstream:track)%00%(upstream:remotename)%00%(upstream:remoteref) refs/heads/main refs/remotes/main [2ms]
2026-04-16 18:43:14.954 [info] > git for-each-ref --sort -committerdate --format %(refname)%00%(objectname)%00%(*objectname) [4ms]
2026-04-16 18:43:15.069 [info] > git status -z -uall [129ms]
2026-04-16 18:43:16.223 [info] > git check-ignore -v -z --stdin [3ms]
2026-04-16 18:43:39.755 [info] > git config --get commit.template [8ms]
2026-04-16 18:43:39.756 [info] > git for-each-ref --format=%(refname)%00%(upstream:short)%00%(objectname)%00%(upstream:track)%00%(upstream:remotename)%00%(upstream:remoteref) refs/heads/main refs/remotes/main [2ms]
2026-04-16 18:43:39.776 [info] > git for-each-ref --sort -committerdate --format %(refname)%00%(objectname)%00%(*objectname) [4ms]
2026-04-16 18:43:39.896 [info] > git status -z -uall [134ms]
2026-04-16 18:43:40.740 [info] > git check-ignore -v -z --stdin [4ms]
2026-04-16 18:43:44.925 [info] > git config --get commit.template [2ms]
2026-04-16 18:43:44.934 [info] > git for-each-ref --format=%(refname)%00%(upstream:short)%00%(objectname)%00%(upstream:track)%00%(upstream:remotename)%00%(upstream:remoteref) refs/heads/main refs/remotes/main [2ms]
2026-04-16 18:43:44.954 [info] > git for-each-ref --sort -committerdate --format %(refname)%00%(objectname)%00%(*objectname) [4ms]
2026-04-16 18:43:45.069 [info] > git status -z -uall [128ms]
2026-04-16 18:43:46.177 [info] > git check-ignore -v -z --stdin [11ms]
2026-04-16 18:43:46.854 [info] > git check-ignore -v -z --stdin [3ms]
2026-04-16 18:44:00.725 [info] > git config --get commit.template [6ms]
2026-04-16 18:44:00.736 [info] > git for-each-ref --format=%(refname)%00%(upstream:short)%00%(objectname)%00%(upstream:track)%00%(upstream:remotename)%00%(upstream:remoteref) refs/heads/main refs/remotes/main [3ms]
2026-04-16 18:44:00.759 [info] > git for-each-ref --sort -committerdate --format %(refname)%00%(objectname)%00%(*objectname) [8ms]
2026-04-16 18:44:00.879 [info] > git status -z -uall [135ms]
2026-04-16 18:44:01.644 [info] > git check-ignore -v -z --stdin [3ms]
2026-04-16 18:44:18.950 [info] > git config --get commit.template [10ms]
2026-04-16 18:44:18.951 [info] > git for-each-ref --format=%(refname)%00%(upstream:short)%00%(objectname)%00%(upstream:track)%00%(upstream:remotename)%00%(upstream:remoteref) refs/heads/main refs/remotes/main [3ms]
2026-04-16 18:44:18.971 [info] > git for-each-ref --sort -committerdate --format %(refname)%00%(objectname)%00%(*objectname) [4ms]
2026-04-16 18:44:19.084 [info] > git status -z -uall [127ms]
2026-04-16 18:44:20.003 [info] > git check-ignore -v -z --stdin [3ms]
2026-04-16 18:44:34.750 [info] > git config --get commit.template [8ms]
2026-04-16 18:44:34.751 [info] > git for-each-ref --format=%(refname)%00%(upstream:short)%00%(objectname)%00%(upstream:track)%00%(upstream:remotename)%00%(upstream:remoteref) refs/heads/main refs/remotes/main [2ms]
2026-04-16 18:44:34.770 [info] > git for-each-ref --sort -committerdate --format %(refname)%00%(objectname)%00%(*objectname) [4ms]
2026-04-16 18:44:34.885 [info] > git status -z -uall [127ms]
2026-04-16 18:44:36.407 [info] > git check-ignore -v -z --stdin [3ms]
2026-04-16 18:44:39.915 [info] > git config --get commit.template [1ms]
2026-04-16 18:44:39.923 [info] > git for-each-ref --format=%(refname)%00%(upstream:short)%00%(objectname)%00%(upstream:track)%00%(upstream:remotename)%00%(upstream:remoteref) refs/heads/main refs/remotes/main [2ms]
2026-04-16 18:44:39.943 [info] > git for-each-ref --sort -committerdate --format %(refname)%00%(objectname)%00%(*objectname) [4ms]
2026-04-16 18:44:40.058 [info] > git status -z -uall [128ms]
2026-04-16 18:44:41.039 [info] > git check-ignore -v -z --stdin [3ms]
2026-04-16 18:44:45.089 [info] > git config --get commit.template [9ms]
2026-04-16 18:44:45.090 [info] > git for-each-ref --format=%(refname)%00%(upstream:short)%00%(objectname)%00%(upstream:track)%00%(upstream:remotename)%00%(upstream:remoteref) refs/heads/main refs/remotes/main [2ms]
2026-04-16 18:44:45.109 [info] > git for-each-ref --sort -committerdate --format %(refname)%00%(objectname)%00%(*objectname) [4ms]
2026-04-16 18:44:45.223 [info] > git status -z -uall [126ms]
2026-04-16 18:44:46.174 [info] > git check-ignore -v -z --stdin [3ms]
2026-04-16 18:44:50.257 [info] > git config --get commit.template [8ms]
2026-04-16 18:44:50.258 [info] > git for-each-ref --format=%(refname)%00%(upstream:short)%00%(objectname)%00%(upstream:track)%00%(upstream:remotename)%00%(upstream:remoteref) refs/heads/main refs/remotes/main [3ms]
2026-04-16 18:44:50.288 [info] > git for-each-ref --sort -committerdate --format %(refname)%00%(objectname)%00%(*objectname) [13ms]
2026-04-16 18:44:50.605 [info] > git status -z -uall [340ms]
2026-04-16 18:44:52.442 [info] > git check-ignore -v -z --stdin [3ms]
2026-04-16 18:45:14.949 [info] > git config --get commit.template [10ms]
2026-04-16 18:45:14.950 [info] > git for-each-ref --format=%(refname)%00%(upstream:short)%00%(objectname)%00%(upstream:track)%00%(upstream:remotename)%00%(upstream:remoteref) refs/heads/main refs/remotes/main [3ms]
2026-04-16 18:45:14.971 [info] > git for-each-ref --sort -committerdate --format %(refname)%00%(objectname)%00%(*objectname) [4ms]
2026-04-16 18:45:15.089 [info] > git status -z -uall [132ms]
2026-04-16 18:45:16.104 [info] > git check-ignore -v -z --stdin [3ms]
2026-04-16 18:45:20.128 [info] > git config --get commit.template [3ms]
2026-04-16 18:45:20.137 [info] > git for-each-ref --format=%(refname)%00%(upstream:short)%00%(objectname)%00%(upstream:track)%00%(upstream:remotename)%00%(upstream:remoteref) refs/heads/main refs/remotes/main [2ms]
2026-04-16 18:45:20.157 [info] > git for-each-ref --sort -committerdate --format %(refname)%00%(objectname)%00%(*objectname) [5ms]
2026-04-16 18:45:20.274 [info] > git status -z -uall [131ms]
2026-04-16 18:45:21.558 [info] > git check-ignore -v -z --stdin [3ms]
2026-04-16 18:45:25.309 [info] > git config --get commit.template [8ms]
2026-04-16 18:45:25.310 [info] > git for-each-ref --format=%(refname)%00%(upstream:short)%00%(objectname)%00%(upstream:track)%00%(upstream:remotename)%00%(upstream:remoteref) refs/heads/main refs/remotes/main [2ms]
2026-04-16 18:45:25.333 [info] > git for-each-ref --sort -committerdate --format %(refname)%00%(objectname)%00%(*objectname) [8ms]
2026-04-16 18:45:25.444 [info] > git status -z -uall [128ms]
2026-04-16 18:45:26.229 [info] > git check-ignore -v -z --stdin [2ms]
2026-04-16 18:45:30.477 [info] > git config --get commit.template [10ms]
2026-04-16 18:45:30.478 [info] > git for-each-ref --format=%(refname)%00%(upstream:short)%00%(objectname)%00%(upstream:track)%00%(upstream:remotename)%00%(upstream:remoteref) refs/heads/main refs/remotes/main [2ms]
2026-04-16 18:45:30.499 [info] > git for-each-ref --sort -committerdate --format %(refname)%00%(objectname)%00%(*objectname) [4ms]
2026-04-16 18:45:30.615 [info] > git status -z -uall [130ms]
2026-04-16 18:45:31.653 [info] > git check-ignore -v -z --stdin [3ms]
2026-04-16 18:45:35.650 [info] > git config --get commit.template [12ms]
2026-04-16 18:45:35.653 [info] > git for-each-ref --format=%(refname)%00%(upstream:short)%00%(objectname)%00%(upstream:track)%00%(upstream:remotename)%00%(upstream:remoteref) refs/heads/main refs/remotes/main [4ms]
2026-04-16 18:45:35.683 [info] > git for-each-ref --sort -committerdate --format %(refname)%00%(objectname)%00%(*objectname) [5ms]
2026-04-16 18:45:35.793 [info] > git status -z -uall [127ms]
2026-04-16 18:45:36.802 [info] > git check-ignore -v -z --stdin [3ms]
2026-04-16 18:45:43.183 [info] > git config --get commit.template [10ms]
2026-04-16 18:45:43.184 [info] > git for-each-ref --format=%(refname)%00%(upstream:short)%00%(objectname)%00%(upstream:track)%00%(upstream:remotename)%00%(upstream:remoteref) refs/heads/main refs/remotes/main [2ms]
2026-04-16 18:45:43.209 [info] > git for-each-ref --sort -committerdate --format %(refname)%00%(objectname)%00%(*objectname) [8ms]
2026-04-16 18:45:43.326 [info] > git status -z -uall [135ms]
2026-04-16 18:45:44.200 [info] > git check-ignore -v -z --stdin [3ms]
2026-04-16 18:45:48.366 [info] > git config --get commit.template [3ms]
2026-04-16 18:45:48.384 [info] > git for-each-ref --format=%(refname)%00%(upstream:short)%00%(objectname)%00%(upstream:track)%00%(upstream:remotename)%00%(upstream:remoteref) refs/heads/main refs/remotes/main [3ms]
2026-04-16 18:45:48.416 [info] > git for-each-ref --sort -committerdate --format %(refname)%00%(objectname)%00%(*objectname) [4ms]
2026-04-16 18:45:48.566 [info] > git status -z -uall [170ms]
2026-04-16 18:45:49.544 [info] > git check-ignore -v -z --stdin [3ms]
2026-04-16 18:45:57.189 [info] > git config --get commit.template [10ms]
2026-04-16 18:45:57.191 [info] > git for-each-ref --format=%(refname)%00%(upstream:short)%00%(objectname)%00%(upstream:track)%00%(upstream:remotename)%00%(upstream:remoteref) refs/heads/main refs/remotes/main [3ms]
2026-04-16 18:45:57.212 [info] > git for-each-ref --sort -committerdate --format %(refname)%00%(objectname)%00%(*objectname) [4ms]
2026-04-16 18:45:57.326 [info] > git status -z -uall [128ms]
2026-04-16 18:45:58.905 [info] > git check-ignore -v -z --stdin [4ms]
2026-04-16 18:46:02.357 [info] > git config --get commit.template [2ms]
2026-04-16 18:46:02.366 [info] > git for-each-ref --format=%(refname)%00%(upstream:short)%00%(objectname)%00%(upstream:track)%00%(upstream:remotename)%00%(upstream:remoteref) refs/heads/main refs/remotes/main [2ms]
2026-04-16 18:46:02.387 [info] > git for-each-ref --sort -committerdate --format %(refname)%00%(objectname)%00%(*objectname) [4ms]
2026-04-16 18:46:02.501 [info] > git status -z -uall [128ms]
2026-04-16 18:46:03.706 [info] > git check-ignore -v -z --stdin [4ms]
2026-04-16 18:47:46.461 [info] > git config --get commit.template [4ms]
2026-04-16 18:47:46.471 [info] > git for-each-ref --format=%(refname)%00%(upstream:short)%00%(objectname)%00%(upstream:track)%00%(upstream:remotename)%00%(upstream:remoteref) refs/heads/main refs/remotes/main [4ms]
2026-04-16 18:47:46.494 [info] > git for-each-ref --sort -committerdate --format %(refname)%00%(objectname)%00%(*objectname) [6ms]
2026-04-16 18:47:46.623 [info] > git status -z -uall [143ms]
2026-04-16 18:47:47.525 [info] > git check-ignore -v -z --stdin [3ms]
2026-04-16 18:47:51.662 [info] > git config --get commit.template [9ms]
2026-04-16 18:47:51.663 [info] > git for-each-ref --format=%(refname)%00%(upstream:short)%00%(objectname)%00%(upstream:track)%00%(upstream:remotename)%00%(upstream:remoteref) refs/heads/main refs/remotes/main [2ms]
2026-04-16 18:47:51.685 [info] > git for-each-ref --sort -committerdate --format %(refname)%00%(objectname)%00%(*objectname) [4ms]
2026-04-16 18:47:51.803 [info] > git status -z -uall [133ms]
2026-04-16 18:47:53.272 [info] > git check-ignore -v -z --stdin [3ms]
2026-04-16 18:48:08.571 [info] > git config --get commit.template [9ms]
2026-04-16 18:48:08.572 [info] > git for-each-ref --format=%(refname)%00%(upstream:short)%00%(objectname)%00%(upstream:track)%00%(upstream:remotename)%00%(upstream:remoteref) refs/heads/main refs/remotes/main [2ms]
2026-04-16 18:48:08.595 [info] > git for-each-ref --sort -committerdate --format %(refname)%00%(objectname)%00%(*objectname) [5ms]
2026-04-16 18:48:08.714 [info] > git status -z -uall [134ms]
2026-04-16 18:48:09.530 [info] > git check-ignore -v -z --stdin [3ms]
2026-04-16 18:48:13.748 [info] > git config --get commit.template [3ms]
2026-04-16 18:48:13.757 [info] > git for-each-ref --format=%(refname)%00%(upstream:short)%00%(objectname)%00%(upstream:track)%00%(upstream:remotename)%00%(upstream:remoteref) refs/heads/main refs/remotes/main [3ms]
2026-04-16 18:48:13.777 [info] > git for-each-ref --sort -committerdate --format %(refname)%00%(objectname)%00%(*objectname) [3ms]
2026-04-16 18:48:13.897 [info] > git status -z -uall [133ms]
2026-04-16 18:48:16.028 [info] > git check-ignore -v -z --stdin [3ms]
2026-04-16 18:48:25.296 [info] > git config --get commit.template [9ms]
2026-04-16 18:48:25.298 [info] > git for-each-ref --format=%(refname)%00%(upstream:short)%00%(objectname)%00%(upstream:track)%00%(upstream:remotename)%00%(upstream:remoteref) refs/heads/main refs/remotes/main [3ms]
2026-04-16 18:48:25.318 [info] > git for-each-ref --sort -committerdate --format %(refname)%00%(objectname)%00%(*objectname) [4ms]
2026-04-16 18:48:25.432 [info] > git status -z -uall [128ms]
2026-04-16 18:48:26.221 [info] > git check-ignore -v -z --stdin [5ms]
2026-04-16 18:48:27.550 [info] > git check-ignore -v -z --stdin [2ms]
2026-04-16 18:48:29.242 [info] > git check-ignore -v -z --stdin [3ms]
2026-04-16 18:48:33.312 [info] > git config --get commit.template [9ms]
2026-04-16 18:48:33.313 [info] > git for-each-ref --format=%(refname)%00%(upstream:short)%00%(objectname)%00%(upstream:track)%00%(upstream:remotename)%00%(upstream:remoteref) refs/heads/main refs/remotes/main [2ms]
2026-04-16 18:48:33.334 [info] > git for-each-ref --sort -committerdate --format %(refname)%00%(objectname)%00%(*objectname) [4ms]
2026-04-16 18:48:33.447 [info] > git status -z -uall [127ms]
2026-04-16 18:48:35.394 [info] > git check-ignore -v -z --stdin [4ms]
2026-04-16 18:50:07.598 [info] > git for-each-ref --format=%(refname)%00%(upstream:short)%00%(objectname)%00%(upstream:track)%00%(upstream:remotename)%00%(upstream:remoteref) refs/heads/main refs/remotes/main [3ms]
2026-04-16 18:50:07.598 [info] > git config --get commit.template [11ms]
2026-04-16 18:50:07.618 [info] > git for-each-ref --sort -committerdate --format %(refname)%00%(objectname)%00%(*objectname) [4ms]
2026-04-16 18:50:07.736 [info] > git status -z -uall [131ms]
2026-04-16 18:50:08.722 [info] > git check-ignore -v -z --stdin [6ms]
2026-04-16 18:50:11.120 [info] > git check-ignore -v -z --stdin [18ms]
2026-04-16 18:50:12.786 [info] > git config --get commit.template [8ms]
2026-04-16 18:50:12.788 [info] > git for-each-ref --format=%(refname)%00%(upstream:short)%00%(objectname)%00%(upstream:track)%00%(upstream:remotename)%00%(upstream:remoteref) refs/heads/main refs/remotes/main [3ms]
2026-04-16 18:50:12.808 [info] > git for-each-ref --sort -committerdate --format %(refname)%00%(objectname)%00%(*objectname) [2ms]
2026-04-16 18:50:12.942 [info] > git status -z -uall [147ms]
2026-04-16 18:50:13.720 [info] > git check-ignore -v -z --stdin [2ms]
2026-04-16 18:50:32.399 [info] > git config --get commit.template [10ms]
2026-04-16 18:50:32.400 [info] > git for-each-ref --format=%(refname)%00%(upstream:short)%00%(objectname)%00%(upstream:track)%00%(upstream:remotename)%00%(upstream:remoteref) refs/heads/main refs/remotes/main [2ms]
2026-04-16 18:50:32.421 [info] > git for-each-ref --sort -committerdate --format %(refname)%00%(objectname)%00%(*objectname) [5ms]
2026-04-16 18:50:32.536 [info] > git status -z -uall [129ms]
2026-04-16 18:50:34.268 [info] > git check-ignore -v -z --stdin [2ms]
2026-04-16 18:50:38.218 [info] > git config --get commit.template [10ms]
2026-04-16 18:50:38.220 [info] > git for-each-ref --format=%(refname)%00%(upstream:short)%00%(objectname)%00%(upstream:track)%00%(upstream:remotename)%00%(upstream:remoteref) refs/heads/main refs/remotes/main [3ms]
2026-04-16 18:50:38.241 [info] > git for-each-ref --sort -committerdate --format %(refname)%00%(objectname)%00%(*objectname) [3ms]
2026-04-16 18:50:38.408 [info] > git status -z -uall [180ms]
2026-04-16 18:50:39.508 [info] > git check-ignore -v -z --stdin [3ms]
2026-04-16 18:50:43.457 [info] > git config --get commit.template [10ms]
2026-04-16 18:50:43.458 [info] > git for-each-ref --format=%(refname)%00%(upstream:short)%00%(objectname)%00%(upstream:track)%00%(upstream:remotename)%00%(upstream:remoteref) refs/heads/main refs/remotes/main [2ms]
2026-04-16 18:50:43.483 [info] > git for-each-ref --sort -committerdate --format %(refname)%00%(objectname)%00%(*objectname) [6ms]
2026-04-16 18:50:43.605 [info] > git status -z -uall [139ms]
2026-04-16 18:50:44.496 [info] > git check-ignore -v -z --stdin [3ms]
2026-04-16 18:50:59.402 [info] > git config --get commit.template [2ms]
2026-04-16 18:50:59.411 [info] > git for-each-ref --format=%(refname)%00%(upstream:short)%00%(objectname)%00%(upstream:track)%00%(upstream:remotename)%00%(upstream:remoteref) refs/heads/main refs/remotes/main [2ms]
2026-04-16 18:50:59.432 [info] > git for-each-ref --sort -committerdate --format %(refname)%00%(objectname)%00%(*objectname) [4ms]
2026-04-16 18:50:59.547 [info] > git status -z -uall [129ms]
2026-04-16 18:51:00.333 [info] > git check-ignore -v -z --stdin [3ms]
2026-04-16 18:51:11.212 [info] > git config --get commit.template [9ms]
2026-04-16 18:51:11.213 [info] > git for-each-ref --format=%(refname)%00%(upstream:short)%00%(objectname)%00%(upstream:track)%00%(upstream:remotename)%00%(upstream:remoteref) refs/heads/main refs/remotes/main [3ms]
2026-04-16 18:51:11.232 [info] > git for-each-ref --sort -committerdate --format %(refname)%00%(objectname)%00%(*objectname) [3ms]
2026-04-16 18:51:11.352 [info] > git status -z -uall [133ms]
2026-04-16 18:51:12.237 [info] > git check-ignore -v -z --stdin [3ms]
2026-04-16 18:51:16.376 [info] > git config --get commit.template [2ms]
2026-04-16 18:51:16.384 [info] > git for-each-ref --format=%(refname)%00%(upstream:short)%00%(objectname)%00%(upstream:track)%00%(upstream:remotename)%00%(upstream:remoteref) refs/heads/main refs/remotes/main [2ms]
2026-04-16 18:51:16.405 [info] > git for-each-ref --sort -committerdate --format %(refname)%00%(objectname)%00%(*objectname) [4ms]
2026-04-16 18:51:16.522 [info] > git status -z -uall [131ms]
2026-04-16 18:51:17.322 [info] > git check-ignore -v -z --stdin [4ms]
2026-04-16 18:51:22.422 [info] > git config --get commit.template [10ms]
2026-04-16 18:51:22.423 [info] > git for-each-ref --format=%(refname)%00%(upstream:short)%00%(objectname)%00%(upstream:track)%00%(upstream:remotename)%00%(upstream:remoteref) refs/heads/main refs/remotes/main [2ms]
2026-04-16 18:51:22.444 [info] > git for-each-ref --sort -committerdate --format %(refname)%00%(objectname)%00%(*objectname) [4ms]
2026-04-16 18:51:22.557 [info] > git status -z -uall [127ms]
2026-04-16 18:51:24.259 [info] > git check-ignore -v -z --stdin [3ms]
2026-04-16 18:51:32.120 [info] > git config --get commit.template [10ms]
2026-04-16 18:51:32.121 [info] > git for-each-ref --format=%(refname)%00%(upstream:short)%00%(objectname)%00%(upstream:track)%00%(upstream:remotename)%00%(upstream:remoteref) refs/heads/main refs/remotes/main [3ms]
2026-04-16 18:51:32.142 [info] > git for-each-ref --sort -committerdate --format %(refname)%00%(objectname)%00%(*objectname) [4ms]
2026-04-16 18:51:32.261 [info] > git status -z -uall [133ms]
2026-04-16 18:51:33.242 [info] > git check-ignore -v -z --stdin [3ms]
2026-04-16 18:51:37.291 [info] > git config --get commit.template [3ms]
2026-04-16 18:51:37.300 [info] > git for-each-ref --format=%(refname)%00%(upstream:short)%00%(objectname)%00%(upstream:track)%00%(upstream:remotename)%00%(upstream:remoteref) refs/heads/main refs/remotes/main [3ms]
2026-04-16 18:51:37.321 [info] > git for-each-ref --sort -committerdate --format %(refname)%00%(objectname)%00%(*objectname) [4ms]
2026-04-16 18:51:37.434 [info] > git status -z -uall [127ms]
2026-04-16 18:51:38.213 [info] > git check-ignore -v -z --stdin [3ms]
2026-04-16 18:51:42.467 [info] > git config --get commit.template [9ms]
2026-04-16 18:51:42.468 [info] > git for-each-ref --format=%(refname)%00%(upstream:short)%00%(objectname)%00%(upstream:track)%00%(upstream:remotename)%00%(upstream:remoteref) refs/heads/main refs/remotes/main [2ms]
2026-04-16 18:51:42.488 [info] > git for-each-ref --sort -committerdate --format %(refname)%00%(objectname)%00%(*objectname) [4ms]
2026-04-16 18:51:42.603 [info] > git status -z -uall [128ms]
2026-04-16 18:51:43.470 [info] > git check-ignore -v -z --stdin [3ms]
2026-04-16 18:51:56.371 [info] > git config --get commit.template [2ms]
2026-04-16 18:51:56.381 [info] > git for-each-ref --format=%(refname)%00%(upstream:short)%00%(objectname)%00%(upstream:track)%00%(upstream:remotename)%00%(upstream:remoteref) refs/heads/main refs/remotes/main [2ms]
2026-04-16 18:51:56.402 [info] > git for-each-ref --sort -committerdate --format %(refname)%00%(objectname)%00%(*objectname) [4ms]
2026-04-16 18:51:56.517 [info] > git status -z -uall [129ms]
2026-04-16 18:51:58.006 [info] > git check-ignore -v -z --stdin [3ms]
2026-04-16 18:52:18.108 [info] > git config --get commit.template [10ms]
2026-04-16 18:52:18.109 [info] > git for-each-ref --format=%(refname)%00%(upstream:short)%00%(objectname)%00%(upstream:track)%00%(upstream:remotename)%00%(upstream:remoteref) refs/heads/main refs/remotes/main [2ms]
2026-04-16 18:52:18.129 [info] > git for-each-ref --sort -committerdate --format %(refname)%00%(objectname)%00%(*objectname) [4ms]
2026-04-16 18:52:18.244 [info] > git status -z -uall [128ms]
2026-04-16 18:52:19.362 [info] > git check-ignore -v -z --stdin [3ms]
2026-04-16 18:52:23.277 [info] > git config --get commit.template [9ms]
2026-04-16 18:52:23.278 [info] > git for-each-ref --format=%(refname)%00%(upstream:short)%00%(objectname)%00%(upstream:track)%00%(upstream:remotename)%00%(upstream:remoteref) refs/heads/main refs/remotes/main [3ms]
2026-04-16 18:52:23.302 [info] > git for-each-ref --sort -committerdate --format %(refname)%00%(objectname)%00%(*objectname) [5ms]
2026-04-16 18:52:23.420 [info] > git status -z -uall [135ms]
2026-04-16 18:52:24.179 [info] > git check-ignore -v -z --stdin [5ms]
2026-04-16 18:53:21.572 [info] > git config --get commit.template [4ms]
2026-04-16 18:53:21.582 [info] > git for-each-ref --format=%(refname)%00%(upstream:short)%00%(objectname)%00%(upstream:track)%00%(upstream:remotename)%00%(upstream:remoteref) refs/heads/main refs/remotes/main [2ms]
2026-04-16 18:53:21.603 [info] > git for-each-ref --sort -committerdate --format %(refname)%00%(objectname)%00%(*objectname) [4ms]
2026-04-16 18:53:21.721 [info] > git status -z -uall [132ms]
2026-04-16 18:53:22.733 [info] > git check-ignore -v -z --stdin [4ms]
2026-04-16 18:53:28.927 [info] > git config --get commit.template [9ms]
2026-04-16 18:53:28.928 [info] > git for-each-ref --format=%(refname)%00%(upstream:short)%00%(objectname)%00%(upstream:track)%00%(upstream:remotename)%00%(upstream:remoteref) refs/heads/main refs/remotes/main [2ms]
2026-04-16 18:53:28.948 [info] > git for-each-ref --sort -committerdate --format %(refname)%00%(objectname)%00%(*objectname) [4ms]
2026-04-16 18:53:29.063 [info] > git status -z -uall [128ms]
2026-04-16 18:53:29.986 [info] > git check-ignore -v -z --stdin [3ms]
2026-04-16 18:53:34.100 [info] > git config --get commit.template [8ms]
2026-04-16 18:53:34.102 [info] > git for-each-ref --format=%(refname)%00%(upstream:short)%00%(objectname)%00%(upstream:track)%00%(upstream:remotename)%00%(upstream:remoteref) refs/heads/main refs/remotes/main [3ms]
2026-04-16 18:53:34.122 [info] > git for-each-ref --sort -committerdate --format %(refname)%00%(objectname)%00%(*objectname) [4ms]
2026-04-16 18:53:34.236 [info] > git status -z -uall [128ms]
2026-04-16 18:53:35.052 [info] > git check-ignore -v -z --stdin [3ms]
2026-04-16 18:53:39.272 [info] > git config --get commit.template [9ms]
2026-04-16 18:53:39.273 [info] > git for-each-ref --format=%(refname)%00%(upstream:short)%00%(objectname)%00%(upstream:track)%00%(upstream:remotename)%00%(upstream:remoteref) refs/heads/main refs/remotes/main [2ms]
2026-04-16 18:53:39.295 [info] > git for-each-ref --sort -committerdate --format %(refname)%00%(objectname)%00%(*objectname) [4ms]
2026-04-16 18:53:39.409 [info] > git status -z -uall [128ms]
2026-04-16 18:53:42.158 [info] > git check-ignore -v -z --stdin [5ms]
2026-04-16 18:53:44.440 [info] > git config --get commit.template [9ms]
2026-04-16 18:53:44.442 [info] > git for-each-ref --format=%(refname)%00%(upstream:short)%00%(objectname)%00%(upstream:track)%00%(upstream:remotename)%00%(upstream:remoteref) refs/heads/main refs/remotes/main [2ms]
2026-04-16 18:53:44.462 [info] > git for-each-ref --sort -committerdate --format %(refname)%00%(objectname)%00%(*objectname) [4ms]
2026-04-16 18:53:44.581 [info] > git status -z -uall [132ms]
2026-04-16 18:53:47.057 [info] > git check-ignore -v -z --stdin [2ms]
2026-04-16 18:53:49.613 [info] > git config --get commit.template [8ms]
2026-04-16 18:53:49.614 [info] > git for-each-ref --format=%(refname)%00%(upstream:short)%00%(objectname)%00%(upstream:track)%00%(upstream:remotename)%00%(upstream:remoteref) refs/heads/main refs/remotes/main [2ms]
2026-04-16 18:53:49.636 [info] > git for-each-ref --sort -committerdate --format %(refname)%00%(objectname)%00%(*objectname) [5ms]
2026-04-16 18:53:49.752 [info] > git status -z -uall [131ms]
2026-04-16 18:53:52.848 [info] > git check-ignore -v -z --stdin [3ms]
2026-04-16 18:53:55.667 [info] > git config --get commit.template [9ms]
2026-04-16 18:53:55.668 [info] > git for-each-ref --format=%(refname)%00%(upstream:short)%00%(objectname)%00%(upstream:track)%00%(upstream:remotename)%00%(upstream:remoteref) refs/heads/main refs/remotes/main [2ms]
2026-04-16 18:53:55.690 [info] > git for-each-ref --sort -committerdate --format %(refname)%00%(objectname)%00%(*objectname) [5ms]
2026-04-16 18:53:55.804 [info] > git status -z -uall [129ms]
2026-04-16 18:53:57.063 [info] > git check-ignore -v -z --stdin [1ms]
2026-04-16 18:54:02.891 [info] > git config --get commit.template [9ms]
2026-04-16 18:54:02.893 [info] > git for-each-ref --format=%(refname)%00%(upstream:short)%00%(objectname)%00%(upstream:track)%00%(upstream:remotename)%00%(upstream:remoteref) refs/heads/main refs/remotes/main [3ms]
2026-04-16 18:54:02.915 [info] > git for-each-ref --sort -committerdate --format %(refname)%00%(objectname)%00%(*objectname) [6ms]
2026-04-16 18:54:03.030 [info] > git status -z -uall [131ms]
2026-04-16 18:54:04.198 [info] > git check-ignore -v -z --stdin [3ms]
2026-04-16 19:24:13.942 [info] > git for-each-ref --format=%(refname)%00%(upstream:short)%00%(objectname)%00%(upstream:track)%00%(upstream:remotename)%00%(upstream:remoteref) refs/heads/main refs/remotes/main [4ms]
2026-04-16 19:24:13.943 [info] > git config --get commit.template [16ms]
2026-04-16 19:24:13.967 [info] > git for-each-ref --sort -committerdate --format %(refname)%00%(objectname)%00%(*objectname) [5ms]
2026-04-16 19:24:14.099 [info] > git status -z -uall [148ms]
2026-04-16 19:24:15.205 [info] > git check-ignore -v -z --stdin [3ms]
2026-04-16 19:24:19.136 [info] > git config --get commit.template [3ms]
2026-04-16 19:24:19.145 [info] > git for-each-ref --format=%(refname)%00%(upstream:short)%00%(objectname)%00%(upstream:track)%00%(upstream:remotename)%00%(upstream:remoteref) refs/heads/main refs/remotes/main [3ms]
2026-04-16 19:24:19.168 [info] > git for-each-ref --sort -committerdate --format %(refname)%00%(objectname)%00%(*objectname) [7ms]
2026-04-16 19:24:19.292 [info] > git status -z -uall [140ms]
2026-04-16 19:24:24.982 [info] > git check-ignore -v -z --stdin [3ms]
2026-04-16 19:24:36.606 [info] > git check-ignore -v -z --stdin [24ms]
2026-04-16 19:24:38.281 [info] > git check-ignore -v -z --stdin [5ms]
2026-04-16 19:24:50.748 [info] > git config --get commit.template [12ms]
2026-04-16 19:24:50.750 [info] > git for-each-ref --format=%(refname)%00%(upstream:short)%00%(objectname)%00%(upstream:track)%00%(upstream:remotename)%00%(upstream:remoteref) refs/heads/main refs/remotes/main [3ms]
2026-04-16 19:24:50.774 [info] > git for-each-ref --sort -committerdate --format %(refname)%00%(objectname)%00%(*objectname) [4ms]
2026-04-16 19:24:50.892 [info] > git status -z -uall [134ms]
2026-04-16 19:24:52.297 [info] > git check-ignore -v -z --stdin [3ms]
2026-04-16 19:24:53.207 [info] > git check-ignore -v -z --stdin [24ms]
2026-04-16 19:24:54.184 [info] > git check-ignore -v -z --stdin [8ms]
2026-04-16 19:24:55.044 [info] > git check-ignore -v -z --stdin [5ms]
2026-04-16 19:24:55.856 [info] > git check-ignore -v -z --stdin [3ms]
2026-04-16 19:24:56.728 [info] > git check-ignore -v -z --stdin [9ms]
2026-04-16 19:24:57.665 [info] > git check-ignore -v -z --stdin [5ms]
2026-04-16 19:24:58.586 [info] > git check-ignore -v -z --stdin [6ms]
2026-04-16 19:24:59.379 [info] > git check-ignore -v -z --stdin [3ms]
2026-04-16 19:25:00.396 [info] > git check-ignore -v -z --stdin [8ms]
2026-04-16 19:25:08.600 [info] > git check-ignore -v -z --stdin [3ms]
2026-04-16 19:25:09.915 [info] > git check-ignore -v -z --stdin [9ms]
2026-04-16 19:25:11.085 [info] > git check-ignore -v -z --stdin [20ms]
2026-04-16 19:25:15.796 [info] > git config --get commit.template [2ms]
2026-04-16 19:25:15.807 [info] > git for-each-ref --format=%(refname)%00%(upstream:short)%00%(objectname)%00%(upstream:track)%00%(upstream:remotename)%00%(upstream:remoteref) refs/heads/main refs/remotes/main [2ms]
2026-04-16 19:25:15.833 [info] > git for-each-ref --sort -committerdate --format %(refname)%00%(objectname)%00%(*objectname) [6ms]
2026-04-16 19:25:15.948 [info] > git status -z -uall [132ms]
2026-04-16 19:25:18.260 [info] > git check-ignore -v -z --stdin [2ms]
2026-04-16 19:25:20.985 [info] > git config --get commit.template [9ms]
2026-04-16 19:25:20.987 [info] > git for-each-ref --format=%(refname)%00%(upstream:short)%00%(objectname)%00%(upstream:track)%00%(upstream:remotename)%00%(upstream:remoteref) refs/heads/main refs/remotes/main [3ms]
2026-04-16 19:25:21.015 [info] > git for-each-ref --sort -committerdate --format %(refname)%00%(objectname)%00%(*objectname) [10ms]
2026-04-16 19:25:21.129 [info] > git status -z -uall [135ms]
2026-04-16 19:25:22.356 [info] > git check-ignore -v -z --stdin [3ms]
2026-04-16 19:27:54.037 [info] > git config --get commit.template [3ms]
2026-04-16 19:27:54.048 [info] > git for-each-ref --format=%(refname)%00%(upstream:short)%00%(objectname)%00%(upstream:track)%00%(upstream:remotename)%00%(upstream:remoteref) refs/heads/main refs/remotes/main [2ms]
2026-04-16 19:27:54.074 [info] > git for-each-ref --sort -committerdate --format %(refname)%00%(objectname)%00%(*objectname) [5ms]
2026-04-16 19:27:54.194 [info] > git status -z -uall [136ms]
2026-04-16 19:27:55.661 [info] > git check-ignore -v -z --stdin [3ms]
2026-04-16 19:27:59.239 [info] > git config --get commit.template [8ms]
2026-04-16 19:27:59.241 [info] > git for-each-ref --format=%(refname)%00%(upstream:short)%00%(objectname)%00%(upstream:track)%00%(upstream:remotename)%00%(upstream:remoteref) refs/heads/main refs/remotes/main [3ms]
2026-04-16 19:27:59.262 [info] > git for-each-ref --sort -committerdate --format %(refname)%00%(objectname)%00%(*objectname) [5ms]
2026-04-16 19:27:59.380 [info] > git status -z -uall [132ms]
2026-04-16 19:28:01.808 [info] > git check-ignore -v -z --stdin [4ms]
2026-04-16 19:28:07.986 [info] > git config --get commit.template [9ms]
2026-04-16 19:28:07.987 [info] > git for-each-ref --format=%(refname)%00%(upstream:short)%00%(objectname)%00%(upstream:track)%00%(upstream:remotename)%00%(upstream:remoteref) refs/heads/main refs/remotes/main [2ms]
2026-04-16 19:28:08.008 [info] > git for-each-ref --sort -committerdate --format %(refname)%00%(objectname)%00%(*objectname) [3ms]
2026-04-16 19:28:08.122 [info] > git status -z -uall [128ms]
2026-04-16 19:28:09.495 [info] > git check-ignore -v -z --stdin [2ms]
2026-04-16 19:28:13.160 [info] > git config --get commit.template [8ms]
2026-04-16 19:28:13.161 [info] > git for-each-ref --format=%(refname)%00%(upstream:short)%00%(objectname)%00%(upstream:track)%00%(upstream:remotename)%00%(upstream:remoteref) refs/heads/main refs/remotes/main [2ms]
2026-04-16 19:28:13.182 [info] > git for-each-ref --sort -committerdate --format %(refname)%00%(objectname)%00%(*objectname) [4ms]
2026-04-16 19:28:13.296 [info] > git status -z -uall [128ms]
2026-04-16 19:28:14.663 [info] > git check-ignore -v -z --stdin [4ms]
2026-04-16 19:28:23.684 [info] > git config --get commit.template [7ms]
2026-04-16 19:28:23.685 [info] > git for-each-ref --format=%(refname)%00%(upstream:short)%00%(objectname)%00%(upstream:track)%00%(upstream:remotename)%00%(upstream:remoteref) refs/heads/main refs/remotes/main [3ms]
2026-04-16 19:28:23.703 [info] > git for-each-ref --sort -committerdate --format %(refname)%00%(objectname)%00%(*objectname) [4ms]
2026-04-16 19:28:23.817 [info] > git status -z -uall [126ms]
2026-04-16 19:28:24.777 [info] > git check-ignore -v -z --stdin [3ms]
2026-04-16 19:28:28.940 [info] > git config --get commit.template [8ms]
2026-04-16 19:28:28.941 [info] > git for-each-ref --format=%(refname)%00%(upstream:short)%00%(objectname)%00%(upstream:track)%00%(upstream:remotename)%00%(upstream:remoteref) refs/heads/main refs/remotes/main [2ms]
2026-04-16 19:28:28.959 [info] > git for-each-ref --sort -committerdate --format %(refname)%00%(objectname)%00%(*objectname) [2ms]
2026-04-16 19:28:29.075 [info] > git status -z -uall [128ms]
2026-04-16 19:28:29.962 [info] > git check-ignore -v -z --stdin [3ms]
2026-04-16 19:32:06.229 [info] > git config --get commit.template [2ms]
2026-04-16 19:32:06.237 [info] > git for-each-ref --format=%(refname)%00%(upstream:short)%00%(objectname)%00%(upstream:track)%00%(upstream:remotename)%00%(upstream:remoteref) refs/heads/main refs/remotes/main [2ms]
2026-04-16 19:32:06.258 [info] > git for-each-ref --sort -committerdate --format %(refname)%00%(objectname)%00%(*objectname) [3ms]
2026-04-16 19:32:06.375 [info] > git status -z -uall [131ms]
2026-04-16 19:32:07.207 [info] > git check-ignore -v -z --stdin [3ms]
2026-04-16 19:32:11.412 [info] > git config --get commit.template [2ms]
2026-04-16 19:32:11.421 [info] > git for-each-ref --format=%(refname)%00%(upstream:short)%00%(objectname)%00%(upstream:track)%00%(upstream:remotename)%00%(upstream:remoteref) refs/heads/main refs/remotes/main [2ms]
2026-04-16 19:32:11.440 [info] > git for-each-ref --sort -committerdate --format %(refname)%00%(objectname)%00%(*objectname) [4ms]
2026-04-16 19:32:11.555 [info] > git status -z -uall [128ms]
2026-04-16 19:32:12.319 [info] > git check-ignore -v -z --stdin [3ms]
2026-04-16 19:32:16.587 [info] > git config --get commit.template [4ms]
2026-04-16 19:32:16.596 [info] > git for-each-ref --format=%(refname)%00%(upstream:short)%00%(objectname)%00%(upstream:track)%00%(upstream:remotename)%00%(upstream:remoteref) refs/heads/main refs/remotes/main [3ms]
2026-04-16 19:32:16.617 [info] > git for-each-ref --sort -committerdate --format %(refname)%00%(objectname)%00%(*objectname) [5ms]
2026-04-16 19:32:16.737 [info] > git status -z -uall [135ms]
2026-04-16 19:32:17.548 [info] > git check-ignore -v -z --stdin [3ms]
2026-04-16 19:32:36.110 [info] > git config --get commit.template [9ms]
2026-04-16 19:32:36.111 [info] > git for-each-ref --format=%(refname)%00%(upstream:short)%00%(objectname)%00%(upstream:track)%00%(upstream:remotename)%00%(upstream:remoteref) refs/heads/main refs/remotes/main [2ms]
2026-04-16 19:32:36.132 [info] > git for-each-ref --sort -committerdate --format %(refname)%00%(objectname)%00%(*objectname) [5ms]
2026-04-16 19:32:36.248 [info] > git status -z -uall [130ms]
2026-04-16 19:32:37.117 [info] > git check-ignore -v -z --stdin [4ms]
2026-04-16 19:32:41.285 [info] > git config --get commit.template [2ms]
2026-04-16 19:32:41.295 [info] > git for-each-ref --format=%(refname)%00%(upstream:short)%00%(objectname)%00%(upstream:track)%00%(upstream:remotename)%00%(upstream:remoteref) refs/heads/main refs/remotes/main [3ms]
2026-04-16 19:32:41.316 [info] > git for-each-ref --sort -committerdate --format %(refname)%00%(objectname)%00%(*objectname) [3ms]
2026-04-16 19:32:41.433 [info] > git status -z -uall [131ms]
2026-04-16 19:32:42.246 [info] > git check-ignore -v -z --stdin [3ms]
2026-04-16 19:32:50.194 [info] > git config --get commit.template [9ms]
2026-04-16 19:32:50.199 [info] > git for-each-ref --format=%(refname)%00%(upstream:short)%00%(objectname)%00%(upstream:track)%00%(upstream:remotename)%00%(upstream:remoteref) refs/heads/main refs/remotes/main [6ms]
2026-04-16 19:32:50.220 [info] > git for-each-ref --sort -committerdate --format %(refname)%00%(objectname)%00%(*objectname) [4ms]
2026-04-16 19:32:50.332 [info] > git status -z -uall [126ms]
2026-04-16 19:32:51.270 [info] > git check-ignore -v -z --stdin [3ms]
2026-04-16 19:33:32.012 [info] > git config --get commit.template [9ms]
2026-04-16 19:33:32.013 [info] > git for-each-ref --format=%(refname)%00%(upstream:short)%00%(objectname)%00%(upstream:track)%00%(upstream:remotename)%00%(upstream:remoteref) refs/heads/main refs/remotes/main [3ms]
2026-04-16 19:33:32.034 [info] > git for-each-ref --sort -committerdate --format %(refname)%00%(objectname)%00%(*objectname) [4ms]
2026-04-16 19:33:32.150 [info] > git status -z -uall [130ms]
2026-04-16 19:33:33.090 [info] > git check-ignore -v -z --stdin [3ms]
2026-04-16 19:33:37.190 [info] > git config --get commit.template [10ms]
2026-04-16 19:33:37.192 [info] > git for-each-ref --format=%(refname)%00%(upstream:short)%00%(objectname)%00%(upstream:track)%00%(upstream:remotename)%00%(upstream:remoteref) refs/heads/main refs/remotes/main [2ms]
2026-04-16 19:33:37.221 [info] > git for-each-ref --sort -committerdate --format %(refname)%00%(objectname)%00%(*objectname) [10ms]
2026-04-16 19:33:37.341 [info] > git status -z -uall [141ms]
2026-04-16 19:33:38.122 [info] > git check-ignore -v -z --stdin [3ms]
2026-04-16 19:36:25.459 [info] > git config --get commit.template [3ms]
2026-04-16 19:36:25.469 [info] > git for-each-ref --format=%(refname)%00%(upstream:short)%00%(objectname)%00%(upstream:track)%00%(upstream:remotename)%00%(upstream:remoteref) refs/heads/main refs/remotes/main [4ms]
2026-04-16 19:36:25.493 [info] > git for-each-ref --sort -committerdate --format %(refname)%00%(objectname)%00%(*objectname) [7ms]
2026-04-16 19:36:25.611 [info] > git status -z -uall [135ms]
2026-04-16 19:36:26.448 [info] > git check-ignore -v -z --stdin [3ms]
2026-04-16 19:36:30.649 [info] > git config --get commit.template [9ms]
2026-04-16 19:36:30.651 [info] > git for-each-ref --format=%(refname)%00%(upstream:short)%00%(objectname)%00%(upstream:track)%00%(upstream:remotename)%00%(upstream:remoteref) refs/heads/main refs/remotes/main [3ms]
2026-04-16 19:36:30.674 [info] > git for-each-ref --sort -committerdate --format %(refname)%00%(objectname)%00%(*objectname) [4ms]
2026-04-16 19:36:30.787 [info] > git status -z -uall [128ms]
2026-04-16 19:36:31.605 [info] > git check-ignore -v -z --stdin [2ms]
2026-04-16 19:36:32.547 [info] > git check-ignore -v -z --stdin [5ms]
2026-04-16 19:36:36.833 [info] > git check-ignore -v -z --stdin [14ms]
2026-04-16 19:36:40.401 [info] > git check-ignore -v -z --stdin [7ms]
2026-04-16 19:36:41.241 [info] > git check-ignore -v -z --stdin [4ms]
2026-04-16 19:36:48.370 [info] > git config --get commit.template [13ms]
2026-04-16 19:36:48.373 [info] > git for-each-ref --format=%(refname)%00%(upstream:short)%00%(objectname)%00%(upstream:track)%00%(upstream:remotename)%00%(upstream:remoteref) refs/heads/main refs/remotes/main [5ms]
2026-04-16 19:36:48.417 [info] > git for-each-ref --sort -committerdate --format %(refname)%00%(objectname)%00%(*objectname) [7ms]
2026-04-16 19:36:48.563 [info] > git status -z -uall [177ms]
2026-04-16 19:36:49.452 [info] > git check-ignore -v -z --stdin [3ms]
2026-04-16 19:36:54.383 [info] > git config --get commit.template [5ms]
2026-04-16 19:36:54.392 [info] > git for-each-ref --format=%(refname)%00%(upstream:short)%00%(objectname)%00%(upstream:track)%00%(upstream:remotename)%00%(upstream:remoteref) refs/heads/main refs/remotes/main [2ms]
2026-04-16 19:36:54.413 [info] > git for-each-ref --sort -committerdate --format %(refname)%00%(objectname)%00%(*objectname) [3ms]
2026-04-16 19:36:54.527 [info] > git status -z -uall [128ms]
2026-04-16 19:36:55.488 [info] > git check-ignore -v -z --stdin [5ms]
2026-04-16 19:36:59.565 [info] > git config --get commit.template [8ms]
2026-04-16 19:36:59.566 [info] > git for-each-ref --format=%(refname)%00%(upstream:short)%00%(objectname)%00%(upstream:track)%00%(upstream:remotename)%00%(upstream:remoteref) refs/heads/main refs/remotes/main [3ms]
2026-04-16 19:36:59.589 [info] > git for-each-ref --sort -committerdate --format %(refname)%00%(objectname)%00%(*objectname) [3ms]
2026-04-16 19:36:59.703 [info] > git status -z -uall [128ms]
2026-04-16 19:37:00.713 [info] > git check-ignore -v -z --stdin [3ms]
2026-04-16 19:37:04.742 [info] > git config --get commit.template [8ms]
2026-04-16 19:37:04.744 [info] > git for-each-ref --format=%(refname)%00%(upstream:short)%00%(objectname)%00%(upstream:track)%00%(upstream:remotename)%00%(upstream:remoteref) refs/heads/main refs/remotes/main [3ms]
2026-04-16 19:37:04.765 [info] > git for-each-ref --sort -committerdate --format %(refname)%00%(objectname)%00%(*objectname) [2ms]
2026-04-16 19:37:04.886 [info] > git status -z -uall [134ms]
2026-04-16 19:37:05.825 [info] > git check-ignore -v -z --stdin [3ms]
2026-04-16 19:37:58.140 [info] > git config --get commit.template [16ms]
2026-04-16 19:37:58.141 [info] > git for-each-ref --format=%(refname)%00%(upstream:short)%00%(objectname)%00%(upstream:track)%00%(upstream:remotename)%00%(upstream:remoteref) refs/heads/main refs/remotes/main [2ms]
2026-04-16 19:37:58.177 [info] > git for-each-ref --sort -committerdate --format %(refname)%00%(objectname)%00%(*objectname) [3ms]
2026-04-16 19:37:58.301 [info] > git status -z -uall [146ms]
2026-04-16 19:37:59.251 [info] > git check-ignore -v -z --stdin [3ms]
2026-04-16 19:38:03.355 [info] > git config --get commit.template [2ms]
2026-04-16 19:38:03.372 [info] > git for-each-ref --format=%(refname)%00%(upstream:short)%00%(objectname)%00%(upstream:track)%00%(upstream:remotename)%00%(upstream:remoteref) refs/heads/main refs/remotes/main [6ms]
2026-04-16 19:38:03.404 [info] > git for-each-ref --sort -committerdate --format %(refname)%00%(objectname)%00%(*objectname) [3ms]
2026-04-16 19:38:03.515 [info] > git status -z -uall [131ms]
2026-04-16 19:38:04.279 [info] > git check-ignore -v -z --stdin [5ms]
2026-04-16 19:38:12.312 [info] > git config --get commit.template [15ms]
2026-04-16 19:38:12.314 [info] > git for-each-ref --format=%(refname)%00%(upstream:short)%00%(objectname)%00%(upstream:track)%00%(upstream:remotename)%00%(upstream:remoteref) refs/heads/main refs/remotes/main [2ms]
2026-04-16 19:38:12.347 [info] > git for-each-ref --sort -committerdate --format %(refname)%00%(objectname)%00%(*objectname) [4ms]
2026-04-16 19:38:12.457 [info] > git status -z -uall [132ms]
2026-04-16 19:38:13.367 [info] > git check-ignore -v -z --stdin [3ms]
2026-04-16 19:38:35.342 [info] > git config --get commit.template [13ms]
2026-04-16 19:38:35.343 [info] > git for-each-ref --format=%(refname)%00%(upstream:short)%00%(objectname)%00%(upstream:track)%00%(upstream:remotename)%00%(upstream:remoteref) refs/heads/main refs/remotes/main [2ms]
2026-04-16 19:38:35.383 [info] > git for-each-ref --sort -committerdate --format %(refname)%00%(objectname)%00%(*objectname) [3ms]
2026-04-16 19:38:35.491 [info] > git status -z -uall [135ms]
2026-04-16 19:38:36.418 [info] > git check-ignore -v -z --stdin [2ms]
2026-04-16 19:41:08.124 [info] > git config --get commit.template [47ms]
2026-04-16 19:41:08.147 [info] > git for-each-ref --format=%(refname)%00%(upstream:short)%00%(objectname)%00%(upstream:track)%00%(upstream:remotename)%00%(upstream:remoteref) refs/heads/main refs/remotes/main [6ms]
2026-04-16 19:41:08.198 [info] > git for-each-ref --sort -committerdate --format %(refname)%00%(objectname)%00%(*objectname) [12ms]
2026-04-16 19:41:08.699 [info] > git status -z -uall [536ms]
2026-04-16 19:41:09.502 [info] > git check-ignore -v -z --stdin [3ms]
2026-04-16 19:41:13.758 [info] > git config --get commit.template [14ms]
2026-04-16 19:41:13.761 [info] > git for-each-ref --format=%(refname)%00%(upstream:short)%00%(objectname)%00%(upstream:track)%00%(upstream:remotename)%00%(upstream:remoteref) refs/heads/main refs/remotes/main [4ms]
2026-04-16 19:41:13.794 [info] > git for-each-ref --sort -committerdate --format %(refname)%00%(objectname)%00%(*objectname) [3ms]
2026-04-16 19:41:13.904 [info] > git status -z -uall [131ms]
2026-04-16 19:41:14.816 [info] > git check-ignore -v -z --stdin [4ms]
2026-04-16 19:41:19.142 [info] > git check-ignore -v -z --stdin [5ms]
2026-04-16 19:41:23.468 [info] > git config --get commit.template [15ms]
2026-04-16 19:41:23.469 [info] > git for-each-ref --format=%(refname)%00%(upstream:short)%00%(objectname)%00%(upstream:track)%00%(upstream:remotename)%00%(upstream:remoteref) refs/heads/main refs/remotes/main [3ms]
2026-04-16 19:41:23.499 [info] > git for-each-ref --sort -committerdate --format %(refname)%00%(objectname)%00%(*objectname) [4ms]
2026-04-16 19:41:23.612 [info] > git status -z -uall [133ms]
2026-04-16 19:41:24.380 [info] > git check-ignore -v -z --stdin [3ms]
2026-04-16 20:08:27.173 [info] > git config --get commit.template [19ms]
2026-04-16 20:08:27.173 [info] > git for-each-ref --format=%(refname)%00%(upstream:short)%00%(objectname)%00%(upstream:track)%00%(upstream:remotename)%00%(upstream:remoteref) refs/heads/main refs/remotes/main [5ms]
2026-04-16 20:08:27.209 [info] > git for-each-ref --sort -committerdate --format %(refname)%00%(objectname)%00%(*objectname) [4ms]
2026-04-16 20:08:27.339 [info] > git status -z -uall [154ms]
2026-04-16 20:08:49.195 [info] > git check-ignore -v -z --stdin [4ms]
