2026-04-19 19:58:25.572 [info] [main] Log level: Info
2026-04-19 19:58:25.572 [info] [main] Validating found git in: "git"
2026-04-19 19:58:25.572 [info] [main] Using git "2.43.0" from "git"
2026-04-19 19:58:25.572 [info] [Model][doInitialScan] Initial repository scan started
2026-04-19 19:58:25.572 [info] > git rev-parse --show-toplevel [2137ms]
2026-04-19 19:58:25.572 [info] > git rev-parse --git-dir --git-common-dir --show-superproject-working-tree [172ms]
2026-04-19 19:58:29.555 [info] [Model][openRepository] Opened repository (path): /home/rey_miller_chancahuana_almora
2026-04-19 19:58:29.555 [info] [Model][openRepository] Opened repository (real path): /home/rey_miller_chancahuana_almora
2026-04-19 19:58:29.555 [info] [Model][openRepository] Opened repository (kind): repository
2026-04-19 19:58:30.119 [info] > git rev-parse --show-toplevel [97ms]
2026-04-19 19:58:30.132 [info] > git config --get commit.template [115ms]
2026-04-19 19:58:30.232 [info] > git rev-parse --show-toplevel [70ms]
2026-04-19 19:58:30.290 [info] > git rev-parse --show-toplevel [50ms]
2026-04-19 19:58:30.311 [info] > git rev-parse --show-toplevel [2ms]
2026-04-19 19:58:30.326 [info] > git rev-parse --show-toplevel [2ms]
2026-04-19 19:58:30.340 [info] > git rev-parse --show-toplevel [4ms]
2026-04-19 19:58:30.369 [info] > git rev-parse --show-toplevel [12ms]
2026-04-19 19:58:30.371 [info] > git for-each-ref --format=%(refname)%00%(upstream:short)%00%(objectname)%00%(upstream:track)%00%(upstream:remotename)%00%(upstream:remoteref) refs/heads/main refs/remotes/main [151ms]
2026-04-19 19:58:30.388 [info] > git rev-parse --show-toplevel [7ms]
2026-04-19 19:58:30.435 [info] > git rev-parse --show-toplevel [35ms]
2026-04-19 19:58:30.451 [info] > git rev-parse --show-toplevel [5ms]
2026-04-19 19:58:30.467 [info] > git rev-parse --show-toplevel [6ms]
2026-04-19 19:58:30.469 [info] [Model][doInitialScan] Initial repository scan completed - repositories (1), closed repositories (0), parent repositories (0), unsafe repositories (0)
2026-04-19 19:58:30.474 [info] > git for-each-ref --sort -committerdate --format %(refname)%00%(objectname)%00%(*objectname) [44ms]
2026-04-19 19:58:30.689 [info] > git check-ignore -v -z --stdin [10ms]
2026-04-19 19:58:30.788 [info] > git check-ignore -v -z --stdin [18ms]
2026-04-19 19:58:30.832 [info] > git show --textconv :JABA/Code.js [27ms]
2026-04-19 19:58:30.840 [info] > git ls-files --stage -- JABA/Code.js [13ms]
2026-04-19 19:58:30.867 [info] > git cat-file -s 51bfea3d503ae3edabbb6b7835d8edb71387ec1f [5ms]
2026-04-19 19:58:31.213 [info] > git status -z -uall [795ms]
2026-04-19 19:58:31.298 [info] > git for-each-ref --format=%(refname)%00%(upstream:short)%00%(objectname)%00%(upstream:track)%00%(upstream:remotename)%00%(upstream:remoteref) refs/heads/main refs/remotes/main [17ms]
2026-04-19 19:58:31.311 [info] > git config --get commit.template [14ms]
2026-04-19 19:58:31.312 [info] > git config --get --local branch.main.vscode-merge-base [4ms]
2026-04-19 19:58:31.312 [warning] [Git][config] git config failed: Failed to execute git
2026-04-19 19:58:31.600 [info] > git reflog main --grep-reflog=branch: Created from *. [278ms]
2026-04-19 19:58:31.622 [info] > git for-each-ref --format=%(refname)%00%(upstream:short)%00%(objectname)%00%(upstream:track)%00%(upstream:remotename)%00%(upstream:remoteref) refs/heads/main refs/remotes/main [35ms]
2026-04-19 19:58:31.625 [info] > git symbolic-ref --short refs/remotes/origin/HEAD [12ms]
2026-04-19 19:58:31.625 [info] fatal: ref refs/remotes/origin/HEAD is not a symbolic ref
2026-04-19 19:58:31.625 [warning] [Repository][getDefaultBranch] Failed to get default branch details: Failed to execute git.
2026-04-19 19:58:31.668 [info] > git merge-base refs/heads/main refs/remotes/origin/main [32ms]
2026-04-19 19:58:31.687 [info] > git for-each-ref --sort -committerdate --format %(refname)%00%(objectname)%00%(*objectname) [21ms]
2026-04-19 19:58:31.693 [info] > git diff --raw --numstat --diff-filter=ADMR -z --find-renames=50% f9a8faa24ef9e2ddb4dca70a186268a99a5c5817...refs/remotes/origin/main -- [8ms]
2026-04-19 19:58:31.845 [info] > git status -z -uall [197ms]
2026-04-19 19:58:32.300 [info] > git check-ignore -v -z --stdin [4ms]
2026-04-19 19:58:32.328 [info] > git blame --root --incremental f9a8faa24ef9e2ddb4dca70a186268a99a5c5817 -- JABA/Code.js [10ms]
2026-04-19 19:58:33.618 [info] > git check-ignore -v -z --stdin [5ms]
2026-04-19 20:30:20.045 [info] > git for-each-ref --format=%(refname)%00%(upstream:short)%00%(objectname)%00%(upstream:track)%00%(upstream:remotename)%00%(upstream:remoteref) refs/heads/main refs/remotes/main [6ms]
2026-04-19 20:30:20.049 [info] > git config --get commit.template [53ms]
2026-04-19 20:30:20.081 [info] > git for-each-ref --sort -committerdate --format %(refname)%00%(objectname)%00%(*objectname) [6ms]
2026-04-19 20:30:20.280 [info] > git status -z -uall [221ms]
2026-04-19 20:30:22.056 [info] > git check-ignore -v -z --stdin [5ms]
2026-04-19 20:30:25.370 [info] > git config --get commit.template [12ms]
2026-04-19 20:30:25.372 [info] > git for-each-ref --format=%(refname)%00%(upstream:short)%00%(objectname)%00%(upstream:track)%00%(upstream:remotename)%00%(upstream:remoteref) refs/heads/main refs/remotes/main [4ms]
2026-04-19 20:30:25.409 [info] > git for-each-ref --sort -committerdate --format %(refname)%00%(objectname)%00%(*objectname) [7ms]
2026-04-19 20:30:25.535 [info] > git status -z -uall [154ms]
2026-04-19 20:30:27.557 [info] > git check-ignore -v -z --stdin [7ms]
2026-04-19 20:30:38.359 [info] > git config --get commit.template [12ms]
2026-04-19 20:30:38.361 [info] > git for-each-ref --format=%(refname)%00%(upstream:short)%00%(objectname)%00%(upstream:track)%00%(upstream:remotename)%00%(upstream:remoteref) refs/heads/main refs/remotes/main [3ms]
2026-04-19 20:30:38.387 [info] > git for-each-ref --sort -committerdate --format %(refname)%00%(objectname)%00%(*objectname) [4ms]
2026-04-19 20:30:38.531 [info] > git status -z -uall [162ms]
2026-04-19 20:30:39.336 [info] > git check-ignore -v -z --stdin [3ms]
2026-04-19 20:30:43.593 [info] > git config --get commit.template [13ms]
2026-04-19 20:30:43.597 [info] > git for-each-ref --format=%(refname)%00%(upstream:short)%00%(objectname)%00%(upstream:track)%00%(upstream:remotename)%00%(upstream:remoteref) refs/heads/main refs/remotes/main [5ms]
2026-04-19 20:30:43.632 [info] > git for-each-ref --sort -committerdate --format %(refname)%00%(objectname)%00%(*objectname) [7ms]
2026-04-19 20:30:43.765 [info] > git status -z -uall [156ms]
2026-04-19 20:30:45.369 [info] > git check-ignore -v -z --stdin [3ms]
2026-04-19 20:30:48.809 [info] > git config --get commit.template [11ms]
2026-04-19 20:30:48.812 [info] > git for-each-ref --format=%(refname)%00%(upstream:short)%00%(objectname)%00%(upstream:track)%00%(upstream:remotename)%00%(upstream:remoteref) refs/heads/main refs/remotes/main [5ms]
2026-04-19 20:30:48.838 [info] > git for-each-ref --sort -committerdate --format %(refname)%00%(objectname)%00%(*objectname) [5ms]
2026-04-19 20:30:48.967 [info] > git status -z -uall [145ms]
2026-04-19 20:30:49.931 [info] > git check-ignore -v -z --stdin [4ms]
2026-04-19 20:30:57.537 [info] > git config --get commit.template [11ms]
2026-04-19 20:30:57.539 [info] > git for-each-ref --format=%(refname)%00%(upstream:short)%00%(objectname)%00%(upstream:track)%00%(upstream:remotename)%00%(upstream:remoteref) refs/heads/main refs/remotes/main [3ms]
2026-04-19 20:30:57.565 [info] > git for-each-ref --sort -committerdate --format %(refname)%00%(objectname)%00%(*objectname) [5ms]
2026-04-19 20:30:57.700 [info] > git status -z -uall [153ms]
2026-04-19 20:30:59.560 [info] > git check-ignore -v -z --stdin [4ms]
2026-04-19 20:31:07.016 [info] > git config --get commit.template [12ms]
2026-04-19 20:31:07.018 [info] > git for-each-ref --format=%(refname)%00%(upstream:short)%00%(objectname)%00%(upstream:track)%00%(upstream:remotename)%00%(upstream:remoteref) refs/heads/main refs/remotes/main [3ms]
2026-04-19 20:31:07.051 [info] > git for-each-ref --sort -committerdate --format %(refname)%00%(objectname)%00%(*objectname) [6ms]
2026-04-19 20:31:07.181 [info] > git status -z -uall [153ms]
2026-04-19 20:31:08.099 [info] > git check-ignore -v -z --stdin [3ms]
2026-04-19 20:31:12.234 [info] > git config --get commit.template [4ms]
2026-04-19 20:31:12.245 [info] > git for-each-ref --format=%(refname)%00%(upstream:short)%00%(objectname)%00%(upstream:track)%00%(upstream:remotename)%00%(upstream:remoteref) refs/heads/main refs/remotes/main [3ms]
2026-04-19 20:31:12.282 [info] > git for-each-ref --sort -committerdate --format %(refname)%00%(objectname)%00%(*objectname) [15ms]
2026-04-19 20:31:12.403 [info] > git status -z -uall [149ms]
2026-04-19 20:31:13.210 [info] > git check-ignore -v -z --stdin [4ms]
2026-04-19 20:31:18.759 [info] > git config --get commit.template [13ms]
2026-04-19 20:31:18.760 [info] > git for-each-ref --format=%(refname)%00%(upstream:short)%00%(objectname)%00%(upstream:track)%00%(upstream:remotename)%00%(upstream:remoteref) refs/heads/main refs/remotes/main [4ms]
2026-04-19 20:31:18.800 [info] > git for-each-ref --sort -committerdate --format %(refname)%00%(objectname)%00%(*objectname) [3ms]
2026-04-19 20:31:18.923 [info] > git status -z -uall [149ms]
2026-04-19 20:31:19.805 [info] > git check-ignore -v -z --stdin [11ms]
2026-04-19 20:31:23.972 [info] > git config --get commit.template [11ms]
2026-04-19 20:31:23.974 [info] > git for-each-ref --format=%(refname)%00%(upstream:short)%00%(objectname)%00%(upstream:track)%00%(upstream:remotename)%00%(upstream:remoteref) refs/heads/main refs/remotes/main [3ms]
2026-04-19 20:31:23.999 [info] > git for-each-ref --sort -committerdate --format %(refname)%00%(objectname)%00%(*objectname) [3ms]
2026-04-19 20:31:24.130 [info] > git status -z -uall [148ms]
2026-04-19 20:31:24.900 [info] > git check-ignore -v -z --stdin [4ms]
2026-04-19 20:31:30.172 [info] > git config --get commit.template [11ms]
2026-04-19 20:31:30.173 [info] > git for-each-ref --format=%(refname)%00%(upstream:short)%00%(objectname)%00%(upstream:track)%00%(upstream:remotename)%00%(upstream:remoteref) refs/heads/main refs/remotes/main [3ms]
2026-04-19 20:31:30.206 [info] > git for-each-ref --sort -committerdate --format %(refname)%00%(objectname)%00%(*objectname) [6ms]
2026-04-19 20:31:30.341 [info] > git status -z -uall [158ms]
2026-04-19 20:31:31.071 [info] > git check-ignore -v -z --stdin [3ms]
2026-04-19 20:31:31.878 [info] > git check-ignore -v -z --stdin [5ms]
2026-04-19 20:31:57.390 [info] > git config --get commit.template [11ms]
2026-04-19 20:31:57.392 [info] > git for-each-ref --format=%(refname)%00%(upstream:short)%00%(objectname)%00%(upstream:track)%00%(upstream:remotename)%00%(upstream:remoteref) refs/heads/main refs/remotes/main [3ms]
2026-04-19 20:31:57.422 [info] > git for-each-ref --sort -committerdate --format %(refname)%00%(objectname)%00%(*objectname) [9ms]
2026-04-19 20:31:57.556 [info] > git status -z -uall [155ms]
2026-04-19 20:31:58.932 [info] > git check-ignore -v -z --stdin [3ms]
2026-04-19 20:32:02.602 [info] > git config --get commit.template [11ms]
2026-04-19 20:32:02.603 [info] > git for-each-ref --format=%(refname)%00%(upstream:short)%00%(objectname)%00%(upstream:track)%00%(upstream:remotename)%00%(upstream:remoteref) refs/heads/main refs/remotes/main [3ms]
2026-04-19 20:32:02.630 [info] > git for-each-ref --sort -committerdate --format %(refname)%00%(objectname)%00%(*objectname) [4ms]
2026-04-19 20:32:02.757 [info] > git status -z -uall [145ms]
2026-04-19 20:32:04.366 [info] > git check-ignore -v -z --stdin [3ms]
2026-04-19 20:32:07.808 [info] > git config --get commit.template [1ms]
2026-04-19 20:32:07.821 [info] > git for-each-ref --format=%(refname)%00%(upstream:short)%00%(objectname)%00%(upstream:track)%00%(upstream:remotename)%00%(upstream:remoteref) refs/heads/main refs/remotes/main [3ms]
2026-04-19 20:32:07.853 [info] > git for-each-ref --sort -committerdate --format %(refname)%00%(objectname)%00%(*objectname) [5ms]
2026-04-19 20:32:07.980 [info] > git status -z -uall [147ms]
2026-04-19 20:32:08.873 [info] > git check-ignore -v -z --stdin [4ms]
2026-04-19 20:32:37.231 [info] > git config --get commit.template [11ms]
2026-04-19 20:32:37.233 [info] > git for-each-ref --format=%(refname)%00%(upstream:short)%00%(objectname)%00%(upstream:track)%00%(upstream:remotename)%00%(upstream:remoteref) refs/heads/main refs/remotes/main [3ms]
2026-04-19 20:32:37.271 [info] > git for-each-ref --sort -committerdate --format %(refname)%00%(objectname)%00%(*objectname) [6ms]
2026-04-19 20:32:37.395 [info] > git status -z -uall [154ms]
2026-04-19 20:32:38.213 [info] > git check-ignore -v -z --stdin [4ms]
2026-04-19 20:32:41.550 [info] > git check-ignore -v -z --stdin [4ms]
2026-04-19 20:32:42.461 [info] > git config --get commit.template [16ms]
2026-04-19 20:32:42.465 [info] > git for-each-ref --format=%(refname)%00%(upstream:short)%00%(objectname)%00%(upstream:track)%00%(upstream:remotename)%00%(upstream:remoteref) refs/heads/main refs/remotes/main [7ms]
2026-04-19 20:32:42.511 [info] > git for-each-ref --sort -committerdate --format %(refname)%00%(objectname)%00%(*objectname) [7ms]
2026-04-19 20:32:42.662 [info] > git status -z -uall [173ms]
2026-04-19 20:32:43.634 [info] > git check-ignore -v -z --stdin [3ms]
2026-04-19 20:32:44.336 [info] > git check-ignore -v -z --stdin [4ms]
2026-04-19 20:32:47.755 [info] > git config --get commit.template [14ms]
2026-04-19 20:32:47.757 [info] > git for-each-ref --format=%(refname)%00%(upstream:short)%00%(objectname)%00%(upstream:track)%00%(upstream:remotename)%00%(upstream:remoteref) refs/heads/main refs/remotes/main [4ms]
2026-04-19 20:32:47.791 [info] > git for-each-ref --sort -committerdate --format %(refname)%00%(objectname)%00%(*objectname) [6ms]
2026-04-19 20:32:47.924 [info] > git status -z -uall [156ms]
2026-04-19 20:32:48.667 [info] > git check-ignore -v -z --stdin [3ms]
2026-04-19 20:32:52.032 [info] > git check-ignore -v -z --stdin [4ms]
2026-04-19 20:32:52.984 [info] > git config --get commit.template [12ms]
2026-04-19 20:32:52.985 [info] > git for-each-ref --format=%(refname)%00%(upstream:short)%00%(objectname)%00%(upstream:track)%00%(upstream:remotename)%00%(upstream:remoteref) refs/heads/main refs/remotes/main [3ms]
2026-04-19 20:32:53.026 [info] > git for-each-ref --sort -committerdate --format %(refname)%00%(objectname)%00%(*objectname) [7ms]
2026-04-19 20:32:53.199 [info] > git status -z -uall [204ms]
2026-04-19 20:32:53.950 [info] > git check-ignore -v -z --stdin [4ms]
2026-04-19 20:33:18.598 [info] > git config --get commit.template [12ms]
2026-04-19 20:33:18.599 [info] > git for-each-ref --format=%(refname)%00%(upstream:short)%00%(objectname)%00%(upstream:track)%00%(upstream:remotename)%00%(upstream:remoteref) refs/heads/main refs/remotes/main [3ms]
2026-04-19 20:33:18.627 [info] > git for-each-ref --sort -committerdate --format %(refname)%00%(objectname)%00%(*objectname) [5ms]
2026-04-19 20:33:18.765 [info] > git status -z -uall [157ms]
2026-04-19 20:33:19.424 [info] > git check-ignore -v -z --stdin [4ms]
2026-04-19 20:33:23.808 [info] > git config --get commit.template [12ms]
2026-04-19 20:33:23.809 [info] > git for-each-ref --format=%(refname)%00%(upstream:short)%00%(objectname)%00%(upstream:track)%00%(upstream:remotename)%00%(upstream:remoteref) refs/heads/main refs/remotes/main [3ms]
2026-04-19 20:33:23.839 [info] > git for-each-ref --sort -committerdate --format %(refname)%00%(objectname)%00%(*objectname) [5ms]
2026-04-19 20:33:23.966 [info] > git status -z -uall [147ms]
2026-04-19 20:33:24.766 [info] > git check-ignore -v -z --stdin [3ms]
2026-04-19 20:33:29.011 [info] > git config --get commit.template [13ms]
2026-04-19 20:33:29.013 [info] > git for-each-ref --format=%(refname)%00%(upstream:short)%00%(objectname)%00%(upstream:track)%00%(upstream:remotename)%00%(upstream:remoteref) refs/heads/main refs/remotes/main [3ms]
2026-04-19 20:33:29.040 [info] > git for-each-ref --sort -committerdate --format %(refname)%00%(objectname)%00%(*objectname) [5ms]
2026-04-19 20:33:29.174 [info] > git status -z -uall [152ms]
2026-04-19 20:33:31.292 [info] > git check-ignore -v -z --stdin [5ms]
2026-04-19 20:33:34.215 [info] > git config --get commit.template [12ms]
2026-04-19 20:33:34.217 [info] > git for-each-ref --format=%(refname)%00%(upstream:short)%00%(objectname)%00%(upstream:track)%00%(upstream:remotename)%00%(upstream:remoteref) refs/heads/main refs/remotes/main [3ms]
2026-04-19 20:33:34.244 [info] > git for-each-ref --sort -committerdate --format %(refname)%00%(objectname)%00%(*objectname) [4ms]
2026-04-19 20:33:34.384 [info] > git status -z -uall [158ms]
2026-04-19 20:33:35.280 [info] > git check-ignore -v -z --stdin [3ms]
2026-04-19 20:33:39.574 [info] > git config --get commit.template [2ms]
2026-04-19 20:33:39.584 [info] > git for-each-ref --format=%(refname)%00%(upstream:short)%00%(objectname)%00%(upstream:track)%00%(upstream:remotename)%00%(upstream:remoteref) refs/heads/main refs/remotes/main [3ms]
2026-04-19 20:33:39.614 [info] > git for-each-ref --sort -committerdate --format %(refname)%00%(objectname)%00%(*objectname) [10ms]
2026-04-19 20:33:39.741 [info] > git status -z -uall [149ms]
2026-04-19 20:33:40.525 [info] > git check-ignore -v -z --stdin [4ms]
2026-04-19 20:34:02.278 [info] > git config --get commit.template [11ms]
2026-04-19 20:34:02.280 [info] > git for-each-ref --format=%(refname)%00%(upstream:short)%00%(objectname)%00%(upstream:track)%00%(upstream:remotename)%00%(upstream:remoteref) refs/heads/main refs/remotes/main [3ms]
2026-04-19 20:34:02.310 [info] > git for-each-ref --sort -committerdate --format %(refname)%00%(objectname)%00%(*objectname) [5ms]
2026-04-19 20:34:02.449 [info] > git status -z -uall [160ms]
2026-04-19 20:34:04.292 [info] > git check-ignore -v -z --stdin [4ms]
2026-04-19 20:34:14.643 [info] > git config --get commit.template [14ms]
2026-04-19 20:34:14.645 [info] > git for-each-ref --format=%(refname)%00%(upstream:short)%00%(objectname)%00%(upstream:track)%00%(upstream:remotename)%00%(upstream:remoteref) refs/heads/main refs/remotes/main [4ms]
2026-04-19 20:34:14.677 [info] > git for-each-ref --sort -committerdate --format %(refname)%00%(objectname)%00%(*objectname) [6ms]
2026-04-19 20:34:14.814 [info] > git status -z -uall [158ms]
2026-04-19 20:34:15.933 [info] > git check-ignore -v -z --stdin [4ms]
2026-04-19 20:34:21.417 [info] > git config --get commit.template [11ms]
2026-04-19 20:34:21.419 [info] > git for-each-ref --format=%(refname)%00%(upstream:short)%00%(objectname)%00%(upstream:track)%00%(upstream:remotename)%00%(upstream:remoteref) refs/heads/main refs/remotes/main [3ms]
2026-04-19 20:34:21.446 [info] > git for-each-ref --sort -committerdate --format %(refname)%00%(objectname)%00%(*objectname) [5ms]
2026-04-19 20:34:21.585 [info] > git status -z -uall [156ms]
2026-04-19 20:34:22.387 [info] > git check-ignore -v -z --stdin [4ms]
2026-04-19 20:34:25.451 [info] > git check-ignore -v -z --stdin [17ms]
2026-04-19 20:34:26.643 [info] > git config --get commit.template [10ms]
2026-04-19 20:34:26.646 [info] > git for-each-ref --format=%(refname)%00%(upstream:short)%00%(objectname)%00%(upstream:track)%00%(upstream:remotename)%00%(upstream:remoteref) refs/heads/main refs/remotes/main [4ms]
2026-04-19 20:34:26.674 [info] > git for-each-ref --sort -committerdate --format %(refname)%00%(objectname)%00%(*objectname) [4ms]
2026-04-19 20:34:26.809 [info] > git status -z -uall [154ms]
2026-04-19 20:34:27.670 [info] > git check-ignore -v -z --stdin [19ms]
2026-04-19 20:34:37.640 [info] > git config --get commit.template [14ms]
2026-04-19 20:34:37.640 [info] > git for-each-ref --format=%(refname)%00%(upstream:short)%00%(objectname)%00%(upstream:track)%00%(upstream:remotename)%00%(upstream:remoteref) refs/heads/main refs/remotes/main [4ms]
2026-04-19 20:34:37.673 [info] > git for-each-ref --sort -committerdate --format %(refname)%00%(objectname)%00%(*objectname) [5ms]
2026-04-19 20:34:37.809 [info] > git status -z -uall [158ms]
2026-04-19 20:34:39.250 [info] > git check-ignore -v -z --stdin [3ms]
2026-04-19 20:34:42.871 [info] > git config --get commit.template [11ms]
2026-04-19 20:34:42.873 [info] > git for-each-ref --format=%(refname)%00%(upstream:short)%00%(objectname)%00%(upstream:track)%00%(upstream:remotename)%00%(upstream:remoteref) refs/heads/main refs/remotes/main [3ms]
2026-04-19 20:34:42.900 [info] > git for-each-ref --sort -committerdate --format %(refname)%00%(objectname)%00%(*objectname) [5ms]
2026-04-19 20:34:43.029 [info] > git status -z -uall [147ms]
2026-04-19 20:34:43.846 [info] > git check-ignore -v -z --stdin [3ms]
2026-04-19 20:34:49.504 [info] > git config --get commit.template [12ms]
2026-04-19 20:34:49.506 [info] > git for-each-ref --format=%(refname)%00%(upstream:short)%00%(objectname)%00%(upstream:track)%00%(upstream:remotename)%00%(upstream:remoteref) refs/heads/main refs/remotes/main [3ms]
2026-04-19 20:34:49.534 [info] > git for-each-ref --sort -committerdate --format %(refname)%00%(objectname)%00%(*objectname) [4ms]
2026-04-19 20:34:49.665 [info] > git status -z -uall [150ms]
2026-04-19 20:34:50.438 [info] > git check-ignore -v -z --stdin [4ms]
2026-04-19 20:34:54.712 [info] > git config --get commit.template [10ms]
2026-04-19 20:34:54.714 [info] > git for-each-ref --format=%(refname)%00%(upstream:short)%00%(objectname)%00%(upstream:track)%00%(upstream:remotename)%00%(upstream:remoteref) refs/heads/main refs/remotes/main [3ms]
2026-04-19 20:34:54.740 [info] > git for-each-ref --sort -committerdate --format %(refname)%00%(objectname)%00%(*objectname) [5ms]
2026-04-19 20:34:54.864 [info] > git status -z -uall [141ms]
2026-04-19 20:34:55.685 [info] > git check-ignore -v -z --stdin [32ms]
2026-04-19 20:35:03.590 [info] > git check-ignore -v -z --stdin [8ms]
2026-04-19 20:35:05.738 [info] > git check-ignore -v -z --stdin [23ms]
2026-04-19 20:35:08.687 [info] > git config --get commit.template [12ms]
2026-04-19 20:35:08.689 [info] > git for-each-ref --format=%(refname)%00%(upstream:short)%00%(objectname)%00%(upstream:track)%00%(upstream:remotename)%00%(upstream:remoteref) refs/heads/main refs/remotes/main [4ms]
2026-04-19 20:35:08.715 [info] > git for-each-ref --sort -committerdate --format %(refname)%00%(objectname)%00%(*objectname) [5ms]
2026-04-19 20:35:08.842 [info] > git status -z -uall [144ms]
2026-04-19 20:35:09.815 [info] > git check-ignore -v -z --stdin [3ms]
2026-04-19 20:35:13.882 [info] > git config --get commit.template [3ms]
2026-04-19 20:35:13.893 [info] > git for-each-ref --format=%(refname)%00%(upstream:short)%00%(objectname)%00%(upstream:track)%00%(upstream:remotename)%00%(upstream:remoteref) refs/heads/main refs/remotes/main [2ms]
2026-04-19 20:35:13.921 [info] > git for-each-ref --sort -committerdate --format %(refname)%00%(objectname)%00%(*objectname) [6ms]
2026-04-19 20:35:14.053 [info] > git status -z -uall [152ms]
2026-04-19 20:35:14.991 [info] > git check-ignore -v -z --stdin [3ms]
2026-04-19 20:35:19.091 [info] > git config --get commit.template [10ms]
2026-04-19 20:35:19.093 [info] > git for-each-ref --format=%(refname)%00%(upstream:short)%00%(objectname)%00%(upstream:track)%00%(upstream:remotename)%00%(upstream:remoteref) refs/heads/main refs/remotes/main [4ms]
2026-04-19 20:35:19.118 [info] > git for-each-ref --sort -committerdate --format %(refname)%00%(objectname)%00%(*objectname) [5ms]
2026-04-19 20:35:19.252 [info] > git status -z -uall [151ms]
2026-04-19 20:35:20.060 [info] > git check-ignore -v -z --stdin [4ms]
2026-04-19 20:36:51.629 [info] > git config --get commit.template [15ms]
2026-04-19 20:36:51.631 [info] > git for-each-ref --format=%(refname)%00%(upstream:short)%00%(objectname)%00%(upstream:track)%00%(upstream:remotename)%00%(upstream:remoteref) refs/heads/main refs/remotes/main [4ms]
2026-04-19 20:36:51.667 [info] > git for-each-ref --sort -committerdate --format %(refname)%00%(objectname)%00%(*objectname) [6ms]
2026-04-19 20:36:51.809 [info] > git status -z -uall [165ms]
2026-04-19 20:36:52.662 [info] > git check-ignore -v -z --stdin [3ms]
2026-04-19 20:37:10.657 [info] > git config --get commit.template [11ms]
2026-04-19 20:37:10.659 [info] > git for-each-ref --format=%(refname)%00%(upstream:short)%00%(objectname)%00%(upstream:track)%00%(upstream:remotename)%00%(upstream:remoteref) refs/heads/main refs/remotes/main [3ms]
2026-04-19 20:37:10.687 [info] > git for-each-ref --sort -committerdate --format %(refname)%00%(objectname)%00%(*objectname) [7ms]
2026-04-19 20:37:10.824 [info] > git status -z -uall [157ms]
2026-04-19 20:37:11.607 [info] > git check-ignore -v -z --stdin [3ms]
2026-04-19 20:37:15.870 [info] > git config --get commit.template [3ms]
2026-04-19 20:37:15.881 [info] > git for-each-ref --format=%(refname)%00%(upstream:short)%00%(objectname)%00%(upstream:track)%00%(upstream:remotename)%00%(upstream:remoteref) refs/heads/main refs/remotes/main [3ms]
2026-04-19 20:37:15.907 [info] > git for-each-ref --sort -committerdate --format %(refname)%00%(objectname)%00%(*objectname) [5ms]
2026-04-19 20:37:16.072 [info] > git status -z -uall [183ms]
2026-04-19 20:37:16.964 [info] > git check-ignore -v -z --stdin [4ms]
2026-04-19 20:37:26.765 [info] > git config --get commit.template [11ms]
2026-04-19 20:37:26.767 [info] > git for-each-ref --format=%(refname)%00%(upstream:short)%00%(objectname)%00%(upstream:track)%00%(upstream:remotename)%00%(upstream:remoteref) refs/heads/main refs/remotes/main [3ms]
2026-04-19 20:37:26.799 [info] > git for-each-ref --sort -committerdate --format %(refname)%00%(objectname)%00%(*objectname) [8ms]
2026-04-19 20:37:26.929 [info] > git status -z -uall [153ms]
2026-04-19 20:37:27.674 [info] > git check-ignore -v -z --stdin [4ms]
2026-04-19 20:37:31.981 [info] > git config --get commit.template [11ms]
2026-04-19 20:37:31.983 [info] > git for-each-ref --format=%(refname)%00%(upstream:short)%00%(objectname)%00%(upstream:track)%00%(upstream:remotename)%00%(upstream:remoteref) refs/heads/main refs/remotes/main [3ms]
2026-04-19 20:37:32.010 [info] > git for-each-ref --sort -committerdate --format %(refname)%00%(objectname)%00%(*objectname) [5ms]
2026-04-19 20:37:32.141 [info] > git status -z -uall [149ms]
2026-04-19 20:37:32.853 [info] > git check-ignore -v -z --stdin [4ms]
2026-04-19 20:37:42.948 [info] > git config --get commit.template [13ms]
2026-04-19 20:37:42.950 [info] > git for-each-ref --format=%(refname)%00%(upstream:short)%00%(objectname)%00%(upstream:track)%00%(upstream:remotename)%00%(upstream:remoteref) refs/heads/main refs/remotes/main [4ms]
2026-04-19 20:37:42.985 [info] > git for-each-ref --sort -committerdate --format %(refname)%00%(objectname)%00%(*objectname) [11ms]
2026-04-19 20:37:43.120 [info] > git status -z -uall [161ms]
2026-04-19 20:37:43.839 [info] > git check-ignore -v -z --stdin [3ms]
2026-04-19 20:37:48.175 [info] > git config --get commit.template [3ms]
2026-04-19 20:37:48.185 [info] > git for-each-ref --format=%(refname)%00%(upstream:short)%00%(objectname)%00%(upstream:track)%00%(upstream:remotename)%00%(upstream:remoteref) refs/heads/main refs/remotes/main [2ms]
2026-04-19 20:37:48.210 [info] > git for-each-ref --sort -committerdate --format %(refname)%00%(objectname)%00%(*objectname) [4ms]
2026-04-19 20:37:48.348 [info] > git status -z -uall [154ms]
2026-04-19 20:37:49.825 [info] > git check-ignore -v -z --stdin [4ms]
2026-04-19 20:37:54.894 [info] > git config --get commit.template [12ms]
2026-04-19 20:37:54.895 [info] > git for-each-ref --format=%(refname)%00%(upstream:short)%00%(objectname)%00%(upstream:track)%00%(upstream:remotename)%00%(upstream:remoteref) refs/heads/main refs/remotes/main [3ms]
2026-04-19 20:37:54.924 [info] > git for-each-ref --sort -committerdate --format %(refname)%00%(objectname)%00%(*objectname) [6ms]
2026-04-19 20:37:55.057 [info] > git status -z -uall [152ms]
2026-04-19 20:37:55.842 [info] > git check-ignore -v -z --stdin [5ms]
2026-04-19 20:38:00.105 [info] > git config --get commit.template [11ms]
2026-04-19 20:38:00.107 [info] > git for-each-ref --format=%(refname)%00%(upstream:short)%00%(objectname)%00%(upstream:track)%00%(upstream:remotename)%00%(upstream:remoteref) refs/heads/main refs/remotes/main [3ms]
2026-04-19 20:38:00.136 [info] > git for-each-ref --sort -committerdate --format %(refname)%00%(objectname)%00%(*objectname) [7ms]
2026-04-19 20:38:00.275 [info] > git status -z -uall [158ms]
2026-04-19 20:38:01.822 [info] > git check-ignore -v -z --stdin [3ms]
2026-04-19 20:38:03.608 [info] > git check-ignore -v -z --stdin [7ms]
2026-04-19 20:38:05.321 [info] > git for-each-ref --format=%(refname)%00%(upstream:short)%00%(objectname)%00%(upstream:track)%00%(upstream:remotename)%00%(upstream:remoteref) refs/heads/main refs/remotes/main [6ms]
2026-04-19 20:38:05.322 [info] > git config --get commit.template [16ms]
2026-04-19 20:38:05.350 [info] > git for-each-ref --sort -committerdate --format %(refname)%00%(objectname)%00%(*objectname) [5ms]
2026-04-19 20:38:05.488 [info] > git status -z -uall [156ms]
2026-04-19 20:38:06.283 [info] > git check-ignore -v -z --stdin [3ms]
2026-04-19 20:38:14.916 [info] > git config --get commit.template [12ms]
2026-04-19 20:38:14.917 [info] > git for-each-ref --format=%(refname)%00%(upstream:short)%00%(objectname)%00%(upstream:track)%00%(upstream:remotename)%00%(upstream:remoteref) refs/heads/main refs/remotes/main [3ms]
2026-04-19 20:38:14.947 [info] > git for-each-ref --sort -committerdate --format %(refname)%00%(objectname)%00%(*objectname) [8ms]
2026-04-19 20:38:15.076 [info] > git status -z -uall [150ms]
2026-04-19 20:38:15.853 [info] > git check-ignore -v -z --stdin [3ms]
2026-04-19 20:38:33.889 [info] > git config --get commit.template [3ms]
2026-04-19 20:38:33.900 [info] > git for-each-ref --format=%(refname)%00%(upstream:short)%00%(objectname)%00%(upstream:track)%00%(upstream:remotename)%00%(upstream:remoteref) refs/heads/main refs/remotes/main [3ms]
2026-04-19 20:38:33.927 [info] > git for-each-ref --sort -committerdate --format %(refname)%00%(objectname)%00%(*objectname) [6ms]
2026-04-19 20:38:34.102 [info] > git status -z -uall [193ms]
2026-04-19 20:38:34.910 [info] > git check-ignore -v -z --stdin [3ms]
2026-04-19 20:47:02.104 [info] > git config --get commit.template [4ms]
2026-04-19 20:47:02.122 [info] > git for-each-ref --format=%(refname)%00%(upstream:short)%00%(objectname)%00%(upstream:track)%00%(upstream:remotename)%00%(upstream:remoteref) refs/heads/main refs/remotes/main [4ms]
2026-04-19 20:47:02.158 [info] > git for-each-ref --sort -committerdate --format %(refname)%00%(objectname)%00%(*objectname) [7ms]
2026-04-19 20:47:02.295 [info] > git status -z -uall [162ms]
2026-04-19 20:47:04.546 [info] > git check-ignore -v -z --stdin [4ms]
2026-04-19 20:47:20.509 [info] > git for-each-ref --format=%(refname)%00%(upstream:short)%00%(objectname)%00%(upstream:track)%00%(upstream:remotename)%00%(upstream:remoteref) refs/heads/main refs/remotes/main [6ms]
2026-04-19 20:47:20.510 [info] > git config --get commit.template [21ms]
2026-04-19 20:47:20.544 [info] > git for-each-ref --sort -committerdate --format %(refname)%00%(objectname)%00%(*objectname) [6ms]
2026-04-19 20:47:20.679 [info] > git status -z -uall [157ms]
2026-04-19 20:47:22.695 [info] > git check-ignore -v -z --stdin [10ms]
2026-04-19 20:47:37.699 [info] > git config --get commit.template [11ms]
2026-04-19 20:47:37.701 [info] > git for-each-ref --format=%(refname)%00%(upstream:short)%00%(objectname)%00%(upstream:track)%00%(upstream:remotename)%00%(upstream:remoteref) refs/heads/main refs/remotes/main [3ms]
2026-04-19 20:47:37.730 [info] > git for-each-ref --sort -committerdate --format %(refname)%00%(objectname)%00%(*objectname) [4ms]
2026-04-19 20:47:37.863 [info] > git status -z -uall [153ms]
2026-04-19 20:47:39.552 [info] > git check-ignore -v -z --stdin [3ms]
2026-04-19 20:51:39.121 [info] > git config --get commit.template [12ms]
2026-04-19 20:51:39.122 [info] > git for-each-ref --format=%(refname)%00%(upstream:short)%00%(objectname)%00%(upstream:track)%00%(upstream:remotename)%00%(upstream:remoteref) refs/heads/main refs/remotes/main [3ms]
2026-04-19 20:51:39.155 [info] > git for-each-ref --sort -committerdate --format %(refname)%00%(objectname)%00%(*objectname) [7ms]
2026-04-19 20:51:39.288 [info] > git status -z -uall [154ms]
2026-04-19 20:51:40.584 [info] > git check-ignore -v -z --stdin [4ms]
2026-04-19 20:56:49.434 [info] > git config --get commit.template [4ms]
2026-04-19 20:56:49.445 [info] > git for-each-ref --format=%(refname)%00%(upstream:short)%00%(objectname)%00%(upstream:track)%00%(upstream:remotename)%00%(upstream:remoteref) refs/heads/main refs/remotes/main [3ms]
2026-04-19 20:56:49.473 [info] > git for-each-ref --sort -committerdate --format %(refname)%00%(objectname)%00%(*objectname) [5ms]
2026-04-19 20:56:49.606 [info] > git status -z -uall [151ms]
2026-04-19 20:56:51.197 [info] > git check-ignore -v -z --stdin [5ms]
2026-04-19 20:56:54.668 [info] > git config --get commit.template [12ms]
2026-04-19 20:56:54.670 [info] > git for-each-ref --format=%(refname)%00%(upstream:short)%00%(objectname)%00%(upstream:track)%00%(upstream:remotename)%00%(upstream:remoteref) refs/heads/main refs/remotes/main [3ms]
2026-04-19 20:56:54.697 [info] > git for-each-ref --sort -committerdate --format %(refname)%00%(objectname)%00%(*objectname) [5ms]
2026-04-19 20:56:54.829 [info] > git status -z -uall [150ms]
2026-04-19 20:56:56.288 [info] > git check-ignore -v -z --stdin [3ms]
2026-04-19 20:56:59.186 [info] > git check-ignore -v -z --stdin [4ms]
2026-04-19 20:56:59.873 [info] > git config --get commit.template [10ms]
2026-04-19 20:56:59.875 [info] > git for-each-ref --format=%(refname)%00%(upstream:short)%00%(objectname)%00%(upstream:track)%00%(upstream:remotename)%00%(upstream:remoteref) refs/heads/main refs/remotes/main [3ms]
2026-04-19 20:56:59.923 [info] > git for-each-ref --sort -committerdate --format %(refname)%00%(objectname)%00%(*objectname) [24ms]
2026-04-19 20:57:00.041 [info] > git status -z -uall [156ms]
2026-04-19 20:57:00.867 [info] > git check-ignore -v -z --stdin [13ms]
2026-04-19 20:57:01.281 [info] > git check-ignore -v -z --stdin [3ms]
2026-04-19 20:57:01.721 [info] > git check-ignore -v -z --stdin [14ms]
2026-04-19 20:57:07.267 [info] > git config --get commit.template [11ms]
2026-04-19 20:57:07.269 [info] > git for-each-ref --format=%(refname)%00%(upstream:short)%00%(objectname)%00%(upstream:track)%00%(upstream:remotename)%00%(upstream:remoteref) refs/heads/main refs/remotes/main [3ms]
2026-04-19 20:57:07.295 [info] > git for-each-ref --sort -committerdate --format %(refname)%00%(objectname)%00%(*objectname) [3ms]
2026-04-19 20:57:07.423 [info] > git status -z -uall [144ms]
2026-04-19 20:57:09.604 [info] > git check-ignore -v -z --stdin [4ms]
2026-04-19 20:57:14.546 [info] > git config --get commit.template [11ms]
2026-04-19 20:57:14.548 [info] > git for-each-ref --format=%(refname)%00%(upstream:short)%00%(objectname)%00%(upstream:track)%00%(upstream:remotename)%00%(upstream:remoteref) refs/heads/main refs/remotes/main [3ms]
2026-04-19 20:57:14.575 [info] > git for-each-ref --sort -committerdate --format %(refname)%00%(objectname)%00%(*objectname) [4ms]
2026-04-19 20:57:14.707 [info] > git status -z -uall [150ms]
2026-04-19 20:57:15.550 [info] > git check-ignore -v -z --stdin [3ms]
2026-04-19 20:57:21.282 [info] > git config --get commit.template [15ms]
2026-04-19 20:57:21.284 [info] > git for-each-ref --format=%(refname)%00%(upstream:short)%00%(objectname)%00%(upstream:track)%00%(upstream:remotename)%00%(upstream:remoteref) refs/heads/main refs/remotes/main [3ms]
2026-04-19 20:57:21.325 [info] > git for-each-ref --sort -committerdate --format %(refname)%00%(objectname)%00%(*objectname) [7ms]
2026-04-19 20:57:21.464 [info] > git status -z -uall [170ms]
2026-04-19 20:57:23.060 [info] > git check-ignore -v -z --stdin [3ms]
2026-04-19 20:57:30.279 [info] > git config --get commit.template [11ms]
2026-04-19 20:57:30.280 [info] > git for-each-ref --format=%(refname)%00%(upstream:short)%00%(objectname)%00%(upstream:track)%00%(upstream:remotename)%00%(upstream:remoteref) refs/heads/main refs/remotes/main [3ms]
2026-04-19 20:57:30.309 [info] > git for-each-ref --sort -committerdate --format %(refname)%00%(objectname)%00%(*objectname) [4ms]
2026-04-19 20:57:30.491 [info] > git status -z -uall [199ms]
2026-04-19 20:57:31.295 [info] > git check-ignore -v -z --stdin [3ms]
2026-04-19 20:57:35.520 [info] > git config --get commit.template [2ms]
2026-04-19 20:57:35.531 [info] > git for-each-ref --format=%(refname)%00%(upstream:short)%00%(objectname)%00%(upstream:track)%00%(upstream:remotename)%00%(upstream:remoteref) refs/heads/main refs/remotes/main [2ms]
2026-04-19 20:57:35.560 [info] > git for-each-ref --sort -committerdate --format %(refname)%00%(objectname)%00%(*objectname) [6ms]
2026-04-19 20:57:35.704 [info] > git status -z -uall [163ms]
2026-04-19 20:57:36.863 [info] > git check-ignore -v -z --stdin [4ms]
2026-04-19 20:57:44.293 [info] > git config --get commit.template [11ms]
2026-04-19 20:57:44.296 [info] > git for-each-ref --format=%(refname)%00%(upstream:short)%00%(objectname)%00%(upstream:track)%00%(upstream:remotename)%00%(upstream:remoteref) refs/heads/main refs/remotes/main [2ms]
2026-04-19 20:57:44.328 [info] > git for-each-ref --sort -committerdate --format %(refname)%00%(objectname)%00%(*objectname) [3ms]
2026-04-19 20:57:44.457 [info] > git status -z -uall [147ms]
2026-04-19 20:57:45.300 [info] > git check-ignore -v -z --stdin [4ms]
2026-04-19 20:57:49.498 [info] > git config --get commit.template [11ms]
2026-04-19 20:57:49.499 [info] > git for-each-ref --format=%(refname)%00%(upstream:short)%00%(objectname)%00%(upstream:track)%00%(upstream:remotename)%00%(upstream:remoteref) refs/heads/main refs/remotes/main [3ms]
2026-04-19 20:57:49.542 [info] > git for-each-ref --sort -committerdate --format %(refname)%00%(objectname)%00%(*objectname) [21ms]
2026-04-19 20:57:50.093 [info] > git status -z -uall [580ms]
2026-04-19 20:57:51.624 [info] > git check-ignore -v -z --stdin [3ms]
2026-04-19 20:57:55.169 [info] > git config --get commit.template [12ms]
2026-04-19 20:57:55.171 [info] > git for-each-ref --format=%(refname)%00%(upstream:short)%00%(objectname)%00%(upstream:track)%00%(upstream:remotename)%00%(upstream:remoteref) refs/heads/main refs/remotes/main [3ms]
2026-04-19 20:57:55.200 [info] > git for-each-ref --sort -committerdate --format %(refname)%00%(objectname)%00%(*objectname) [4ms]
2026-04-19 20:57:55.328 [info] > git status -z -uall [147ms]
2026-04-19 20:57:56.223 [info] > git check-ignore -v -z --stdin [4ms]
2026-04-19 20:58:05.713 [info] > git config --get commit.template [12ms]
2026-04-19 20:58:05.715 [info] > git for-each-ref --format=%(refname)%00%(upstream:short)%00%(objectname)%00%(upstream:track)%00%(upstream:remotename)%00%(upstream:remoteref) refs/heads/main refs/remotes/main [3ms]
2026-04-19 20:58:05.747 [info] > git for-each-ref --sort -committerdate --format %(refname)%00%(objectname)%00%(*objectname) [5ms]
2026-04-19 20:58:05.880 [info] > git status -z -uall [155ms]
2026-04-19 20:58:08.342 [info] > git check-ignore -v -z --stdin [3ms]
2026-04-19 21:01:29.604 [info] > git config --get commit.template [16ms]
2026-04-19 21:01:29.606 [info] > git for-each-ref --format=%(refname)%00%(upstream:short)%00%(objectname)%00%(upstream:track)%00%(upstream:remotename)%00%(upstream:remoteref) refs/heads/main refs/remotes/main [5ms]
2026-04-19 21:01:29.644 [info] > git for-each-ref --sort -committerdate --format %(refname)%00%(objectname)%00%(*objectname) [5ms]
2026-04-19 21:01:29.769 [info] > git status -z -uall [149ms]
2026-04-19 21:01:31.271 [info] > git check-ignore -v -z --stdin [3ms]
2026-04-19 21:01:33.364 [info] > git check-ignore -v -z --stdin [4ms]
2026-04-19 21:01:34.822 [info] > git config --get commit.template [4ms]
2026-04-19 21:01:34.839 [info] > git for-each-ref --format=%(refname)%00%(upstream:short)%00%(objectname)%00%(upstream:track)%00%(upstream:remotename)%00%(upstream:remoteref) refs/heads/main refs/remotes/main [4ms]
2026-04-19 21:01:34.880 [info] > git for-each-ref --sort -committerdate --format %(refname)%00%(objectname)%00%(*objectname) [6ms]
2026-04-19 21:01:35.005 [info] > git status -z -uall [152ms]
2026-04-19 21:01:35.809 [info] > git check-ignore -v -z --stdin [3ms]
2026-04-19 21:01:36.193 [info] > git check-ignore -v -z --stdin [5ms]
2026-04-19 21:24:03.876 [info] > git config --get commit.template [66ms]
2026-04-19 21:24:03.886 [info] > git for-each-ref --format=%(refname)%00%(upstream:short)%00%(objectname)%00%(upstream:track)%00%(upstream:remotename)%00%(upstream:remoteref) refs/heads/main refs/remotes/main [12ms]
2026-04-19 21:24:03.926 [info] > git for-each-ref --sort -committerdate --format %(refname)%00%(objectname)%00%(*objectname) [7ms]
2026-04-19 21:24:04.149 [info] > git status -z -uall [250ms]
2026-04-19 21:24:05.687 [info] > git check-ignore -v -z --stdin [4ms]
2026-04-19 21:24:09.216 [info] > git config --get commit.template [16ms]
2026-04-19 21:24:09.218 [info] > git for-each-ref --format=%(refname)%00%(upstream:short)%00%(objectname)%00%(upstream:track)%00%(upstream:remotename)%00%(upstream:remoteref) refs/heads/main refs/remotes/main [3ms]
2026-04-19 21:24:09.256 [info] > git for-each-ref --sort -committerdate --format %(refname)%00%(objectname)%00%(*objectname) [5ms]
2026-04-19 21:24:09.382 [info] > git status -z -uall [151ms]
2026-04-19 21:24:10.512 [info] > git check-ignore -v -z --stdin [4ms]
2026-04-19 21:24:16.757 [info] > git config --get commit.template [21ms]
2026-04-19 21:24:16.758 [info] > git for-each-ref --format=%(refname)%00%(upstream:short)%00%(objectname)%00%(upstream:track)%00%(upstream:remotename)%00%(upstream:remoteref) refs/heads/main refs/remotes/main [3ms]
2026-04-19 21:24:16.795 [info] > git for-each-ref --sort -committerdate --format %(refname)%00%(objectname)%00%(*objectname) [5ms]
2026-04-19 21:24:16.919 [info] > git status -z -uall [147ms]
2026-04-19 21:24:17.801 [info] > git check-ignore -v -z --stdin [3ms]
2026-04-19 21:24:25.438 [info] > git config --get commit.template [3ms]
2026-04-19 21:24:25.454 [info] > git for-each-ref --format=%(refname)%00%(upstream:short)%00%(objectname)%00%(upstream:track)%00%(upstream:remotename)%00%(upstream:remoteref) refs/heads/main refs/remotes/main [3ms]
2026-04-19 21:24:25.494 [info] > git for-each-ref --sort -committerdate --format %(refname)%00%(objectname)%00%(*objectname) [7ms]
2026-04-19 21:24:25.619 [info] > git status -z -uall [151ms]
2026-04-19 21:24:26.458 [info] > git check-ignore -v -z --stdin [4ms]
2026-04-19 21:24:30.679 [info] > git config --get commit.template [15ms]
2026-04-19 21:24:30.681 [info] > git for-each-ref --format=%(refname)%00%(upstream:short)%00%(objectname)%00%(upstream:track)%00%(upstream:remotename)%00%(upstream:remoteref) refs/heads/main refs/remotes/main [3ms]
2026-04-19 21:24:30.718 [info] > git for-each-ref --sort -committerdate --format %(refname)%00%(objectname)%00%(*objectname) [5ms]
2026-04-19 21:24:30.840 [info] > git status -z -uall [147ms]
2026-04-19 21:24:32.583 [info] > git check-ignore -v -z --stdin [4ms]
2026-04-19 21:24:53.052 [info] > git config --get commit.template [16ms]
2026-04-19 21:24:53.054 [info] > git for-each-ref --format=%(refname)%00%(upstream:short)%00%(objectname)%00%(upstream:track)%00%(upstream:remotename)%00%(upstream:remoteref) refs/heads/main refs/remotes/main [3ms]
2026-04-19 21:24:53.093 [info] > git for-each-ref --sort -committerdate --format %(refname)%00%(objectname)%00%(*objectname) [4ms]
2026-04-19 21:24:53.215 [info] > git status -z -uall [147ms]
2026-04-19 21:24:54.055 [info] > git check-ignore -v -z --stdin [3ms]
2026-04-19 21:25:03.338 [info] > git for-each-ref --format=%(refname)%00%(upstream:short)%00%(objectname)%00%(upstream:track)%00%(upstream:remotename)%00%(upstream:remoteref) refs/heads/main refs/remotes/main [6ms]
2026-04-19 21:25:03.339 [info] > git config --get commit.template [24ms]
2026-04-19 21:25:03.384 [info] > git for-each-ref --sort -committerdate --format %(refname)%00%(objectname)%00%(*objectname) [6ms]
2026-04-19 21:25:03.531 [info] > git status -z -uall [176ms]
2026-04-19 21:25:04.393 [info] > git check-ignore -v -z --stdin [4ms]
2026-04-19 21:25:08.136 [info] > git check-ignore -v -z --stdin [8ms]
2026-04-19 21:25:08.600 [info] > git config --get commit.template [16ms]
2026-04-19 21:25:08.602 [info] > git for-each-ref --format=%(refname)%00%(upstream:short)%00%(objectname)%00%(upstream:track)%00%(upstream:remotename)%00%(upstream:remoteref) refs/heads/main refs/remotes/main [3ms]
2026-04-19 21:25:08.641 [info] > git for-each-ref --sort -committerdate --format %(refname)%00%(objectname)%00%(*objectname) [8ms]
2026-04-19 21:25:08.765 [info] > git status -z -uall [150ms]
2026-04-19 21:25:09.540 [info] > git check-ignore -v -z --stdin [9ms]
2026-04-19 21:25:35.749 [info] > git config --get commit.template [15ms]
2026-04-19 21:25:35.751 [info] > git for-each-ref --format=%(refname)%00%(upstream:short)%00%(objectname)%00%(upstream:track)%00%(upstream:remotename)%00%(upstream:remoteref) refs/heads/main refs/remotes/main [3ms]
2026-04-19 21:25:35.789 [info] > git for-each-ref --sort -committerdate --format %(refname)%00%(objectname)%00%(*objectname) [3ms]
2026-04-19 21:25:35.912 [info] > git status -z -uall [147ms]
2026-04-19 21:25:36.936 [info] > git check-ignore -v -z --stdin [4ms]
2026-04-19 22:01:35.542 [info] > git config --get commit.template [3ms]
2026-04-19 22:01:35.560 [info] > git for-each-ref --format=%(refname)%00%(upstream:short)%00%(objectname)%00%(upstream:track)%00%(upstream:remotename)%00%(upstream:remoteref) refs/heads/main refs/remotes/main [2ms]
2026-04-19 22:01:35.600 [info] > git for-each-ref --sort -committerdate --format %(refname)%00%(objectname)%00%(*objectname) [4ms]
2026-04-19 22:01:35.738 [info] > git status -z -uall [163ms]
2026-04-19 22:01:37.215 [info] > git check-ignore -v -z --stdin [3ms]
2026-04-19 22:01:40.812 [info] > git config --get commit.template [16ms]
2026-04-19 22:01:40.814 [info] > git for-each-ref --format=%(refname)%00%(upstream:short)%00%(objectname)%00%(upstream:track)%00%(upstream:remotename)%00%(upstream:remoteref) refs/heads/main refs/remotes/main [3ms]
2026-04-19 22:01:40.852 [info] > git for-each-ref --sort -committerdate --format %(refname)%00%(objectname)%00%(*objectname) [4ms]
2026-04-19 22:01:40.974 [info] > git status -z -uall [147ms]
2026-04-19 22:01:42.465 [info] > git check-ignore -v -z --stdin [4ms]
2026-04-19 22:01:51.248 [info] > git config --get commit.template [16ms]
2026-04-19 22:01:51.250 [info] > git for-each-ref --format=%(refname)%00%(upstream:short)%00%(objectname)%00%(upstream:track)%00%(upstream:remotename)%00%(upstream:remoteref) refs/heads/main refs/remotes/main [2ms]
2026-04-19 22:01:51.289 [info] > git for-each-ref --sort -committerdate --format %(refname)%00%(objectname)%00%(*objectname) [4ms]
2026-04-19 22:01:51.415 [info] > git status -z -uall [151ms]
2026-04-19 22:01:52.325 [info] > git check-ignore -v -z --stdin [4ms]
2026-04-19 22:01:56.480 [info] > git config --get commit.template [17ms]
2026-04-19 22:01:56.483 [info] > git for-each-ref --format=%(refname)%00%(upstream:short)%00%(objectname)%00%(upstream:track)%00%(upstream:remotename)%00%(upstream:remoteref) refs/heads/main refs/remotes/main [4ms]
2026-04-19 22:01:56.523 [info] > git for-each-ref --sort -committerdate --format %(refname)%00%(objectname)%00%(*objectname) [4ms]
2026-04-19 22:01:56.644 [info] > git status -z -uall [147ms]
2026-04-19 22:01:57.388 [info] > git check-ignore -v -z --stdin [4ms]
2026-04-19 22:01:58.042 [info] > git check-ignore -v -z --stdin [4ms]
2026-04-19 22:02:28.703 [info] > git config --get commit.template [16ms]
2026-04-19 22:02:28.705 [info] > git for-each-ref --format=%(refname)%00%(upstream:short)%00%(objectname)%00%(upstream:track)%00%(upstream:remotename)%00%(upstream:remoteref) refs/heads/main refs/remotes/main [3ms]
2026-04-19 22:02:28.748 [info] > git for-each-ref --sort -committerdate --format %(refname)%00%(objectname)%00%(*objectname) [6ms]
2026-04-19 22:02:28.868 [info] > git status -z -uall [150ms]
2026-04-19 22:02:30.429 [info] > git check-ignore -v -z --stdin [4ms]
2026-04-19 22:02:33.915 [info] > git config --get commit.template [3ms]
2026-04-19 22:02:33.936 [info] > git for-each-ref --format=%(refname)%00%(upstream:short)%00%(objectname)%00%(upstream:track)%00%(upstream:remotename)%00%(upstream:remoteref) refs/heads/main refs/remotes/main [7ms]
2026-04-19 22:02:33.975 [info] > git for-each-ref --sort -committerdate --format %(refname)%00%(objectname)%00%(*objectname) [5ms]
2026-04-19 22:02:34.110 [info] > git status -z -uall [161ms]
2026-04-19 22:02:34.991 [info] > git check-ignore -v -z --stdin [5ms]
2026-04-19 22:02:39.161 [info] > git config --get commit.template [16ms]
2026-04-19 22:02:39.164 [info] > git for-each-ref --format=%(refname)%00%(upstream:short)%00%(objectname)%00%(upstream:track)%00%(upstream:remotename)%00%(upstream:remoteref) refs/heads/main refs/remotes/main [4ms]
2026-04-19 22:02:39.202 [info] > git for-each-ref --sort -committerdate --format %(refname)%00%(objectname)%00%(*objectname) [3ms]
2026-04-19 22:02:39.335 [info] > git status -z -uall [157ms]
2026-04-19 22:02:40.695 [info] > git check-ignore -v -z --stdin [4ms]
2026-04-19 22:02:45.750 [info] > git config --get commit.template [4ms]
2026-04-19 22:02:45.766 [info] > git for-each-ref --format=%(refname)%00%(upstream:short)%00%(objectname)%00%(upstream:track)%00%(upstream:remotename)%00%(upstream:remoteref) refs/heads/main refs/remotes/main [3ms]
2026-04-19 22:02:45.804 [info] > git for-each-ref --sort -committerdate --format %(refname)%00%(objectname)%00%(*objectname) [4ms]
2026-04-19 22:02:45.933 [info] > git status -z -uall [154ms]
2026-04-19 22:02:46.877 [info] > git check-ignore -v -z --stdin [4ms]
2026-04-19 22:02:54.743 [info] > git config --get commit.template [18ms]
2026-04-19 22:02:54.744 [info] > git for-each-ref --format=%(refname)%00%(upstream:short)%00%(objectname)%00%(upstream:track)%00%(upstream:remotename)%00%(upstream:remoteref) refs/heads/main refs/remotes/main [3ms]
2026-04-19 22:02:54.783 [info] > git for-each-ref --sort -committerdate --format %(refname)%00%(objectname)%00%(*objectname) [4ms]
2026-04-19 22:02:54.908 [info] > git status -z -uall [150ms]
2026-04-19 22:02:55.717 [info] > git check-ignore -v -z --stdin [4ms]
2026-04-19 22:02:59.947 [info] > git config --get commit.template [6ms]
2026-04-19 22:02:59.966 [info] > git for-each-ref --format=%(refname)%00%(upstream:short)%00%(objectname)%00%(upstream:track)%00%(upstream:remotename)%00%(upstream:remoteref) refs/heads/main refs/remotes/main [3ms]
2026-04-19 22:03:00.015 [info] > git for-each-ref --sort -committerdate --format %(refname)%00%(objectname)%00%(*objectname) [6ms]
2026-04-19 22:03:00.136 [info] > git status -z -uall [152ms]
2026-04-19 22:03:01.006 [info] > git check-ignore -v -z --stdin [4ms]
2026-04-19 22:03:09.693 [info] > git config --get commit.template [20ms]
2026-04-19 22:03:09.696 [info] > git for-each-ref --format=%(refname)%00%(upstream:short)%00%(objectname)%00%(upstream:track)%00%(upstream:remotename)%00%(upstream:remoteref) refs/heads/main refs/remotes/main [4ms]
2026-04-19 22:03:09.751 [info] > git for-each-ref --sort -committerdate --format %(refname)%00%(objectname)%00%(*objectname) [7ms]
2026-04-19 22:03:09.883 [info] > git status -z -uall [168ms]
2026-04-19 22:03:11.652 [info] > git check-ignore -v -z --stdin [3ms]
2026-04-19 22:03:12.738 [info] > git check-ignore -v -z --stdin [3ms]
2026-04-19 22:03:21.600 [info] > git config --get commit.template [11ms]
2026-04-19 22:03:21.602 [info] > git for-each-ref --format=%(refname)%00%(upstream:short)%00%(objectname)%00%(upstream:track)%00%(upstream:remotename)%00%(upstream:remoteref) refs/heads/main refs/remotes/main [3ms]
2026-04-19 22:03:21.630 [info] > git for-each-ref --sort -committerdate --format %(refname)%00%(objectname)%00%(*objectname) [5ms]
2026-04-19 22:03:21.762 [info] > git status -z -uall [150ms]
2026-04-19 22:03:24.469 [info] > git check-ignore -v -z --stdin [4ms]
2026-04-19 22:03:29.788 [info] > git config --get commit.template [14ms]
2026-04-19 22:03:29.790 [info] > git for-each-ref --format=%(refname)%00%(upstream:short)%00%(objectname)%00%(upstream:track)%00%(upstream:remotename)%00%(upstream:remoteref) refs/heads/main refs/remotes/main [5ms]
2026-04-19 22:03:29.819 [info] > git for-each-ref --sort -committerdate --format %(refname)%00%(objectname)%00%(*objectname) [4ms]
2026-04-19 22:03:29.954 [info] > git status -z -uall [154ms]
2026-04-19 22:03:30.824 [info] > git check-ignore -v -z --stdin [3ms]
2026-04-19 22:03:35.006 [info] > git config --get commit.template [12ms]
2026-04-19 22:03:35.008 [info] > git for-each-ref --format=%(refname)%00%(upstream:short)%00%(objectname)%00%(upstream:track)%00%(upstream:remotename)%00%(upstream:remoteref) refs/heads/main refs/remotes/main [4ms]
2026-04-19 22:03:35.034 [info] > git for-each-ref --sort -committerdate --format %(refname)%00%(objectname)%00%(*objectname) [4ms]
2026-04-19 22:03:35.163 [info] > git status -z -uall [147ms]
2026-04-19 22:03:36.032 [info] > git check-ignore -v -z --stdin [5ms]
2026-04-19 22:03:40.196 [info] > git config --get commit.template [7ms]
2026-04-19 22:03:40.206 [info] > git for-each-ref --format=%(refname)%00%(upstream:short)%00%(objectname)%00%(upstream:track)%00%(upstream:remotename)%00%(upstream:remoteref) refs/heads/main refs/remotes/main [2ms]
2026-04-19 22:03:40.234 [info] > git for-each-ref --sort -committerdate --format %(refname)%00%(objectname)%00%(*objectname) [4ms]
2026-04-19 22:03:40.367 [info] > git status -z -uall [151ms]
2026-04-19 22:03:41.147 [info] > git check-ignore -v -z --stdin [3ms]
2026-04-19 22:03:45.406 [info] > git config --get commit.template [10ms]
2026-04-19 22:03:45.408 [info] > git for-each-ref --format=%(refname)%00%(upstream:short)%00%(objectname)%00%(upstream:track)%00%(upstream:remotename)%00%(upstream:remoteref) refs/heads/main refs/remotes/main [3ms]
2026-04-19 22:03:45.435 [info] > git for-each-ref --sort -committerdate --format %(refname)%00%(objectname)%00%(*objectname) [5ms]
2026-04-19 22:03:45.575 [info] > git status -z -uall [158ms]
2026-04-19 22:03:47.193 [info] > git check-ignore -v -z --stdin [4ms]
2026-04-19 22:03:52.585 [info] > git check-ignore -v -z --stdin [5ms]
2026-04-19 22:04:14.779 [info] > git config --get commit.template [12ms]
2026-04-19 22:04:14.781 [info] > git for-each-ref --format=%(refname)%00%(upstream:short)%00%(objectname)%00%(upstream:track)%00%(upstream:remotename)%00%(upstream:remoteref) refs/heads/main refs/remotes/main [3ms]
2026-04-19 22:04:14.813 [info] > git for-each-ref --sort -committerdate --format %(refname)%00%(objectname)%00%(*objectname) [7ms]
2026-04-19 22:04:14.947 [info] > git status -z -uall [158ms]
2026-04-19 22:04:16.058 [info] > git check-ignore -v -z --stdin [4ms]
2026-04-19 22:04:19.977 [info] > git config --get commit.template [2ms]
2026-04-19 22:04:19.991 [info] > git for-each-ref --format=%(refname)%00%(upstream:short)%00%(objectname)%00%(upstream:track)%00%(upstream:remotename)%00%(upstream:remoteref) refs/heads/main refs/remotes/main [5ms]
2026-04-19 22:04:20.044 [info] > git for-each-ref --sort -committerdate --format %(refname)%00%(objectname)%00%(*objectname) [9ms]
2026-04-19 22:04:20.166 [info] > git status -z -uall [152ms]
2026-04-19 22:04:21.147 [info] > git check-ignore -v -z --stdin [3ms]
2026-04-19 22:04:33.891 [info] > git config --get commit.template [11ms]
2026-04-19 22:04:33.893 [info] > git for-each-ref --format=%(refname)%00%(upstream:short)%00%(objectname)%00%(upstream:track)%00%(upstream:remotename)%00%(upstream:remoteref) refs/heads/main refs/remotes/main [3ms]
2026-04-19 22:04:33.924 [info] > git for-each-ref --sort -committerdate --format %(refname)%00%(objectname)%00%(*objectname) [7ms]
2026-04-19 22:04:34.048 [info] > git status -z -uall [146ms]
2026-04-19 22:04:34.875 [info] > git check-ignore -v -z --stdin [4ms]
2026-04-19 22:04:39.097 [info] > git config --get commit.template [10ms]
2026-04-19 22:04:39.099 [info] > git for-each-ref --format=%(refname)%00%(upstream:short)%00%(objectname)%00%(upstream:track)%00%(upstream:remotename)%00%(upstream:remoteref) refs/heads/main refs/remotes/main [3ms]
2026-04-19 22:04:39.125 [info] > git for-each-ref --sort -committerdate --format %(refname)%00%(objectname)%00%(*objectname) [6ms]
2026-04-19 22:04:39.249 [info] > git status -z -uall [141ms]
2026-04-19 22:04:40.828 [info] > git check-ignore -v -z --stdin [3ms]
2026-04-19 22:04:51.249 [info] > git config --get commit.template [11ms]
2026-04-19 22:04:51.251 [info] > git for-each-ref --format=%(refname)%00%(upstream:short)%00%(objectname)%00%(upstream:track)%00%(upstream:remotename)%00%(upstream:remoteref) refs/heads/main refs/remotes/main [3ms]
2026-04-19 22:04:51.277 [info] > git for-each-ref --sort -committerdate --format %(refname)%00%(objectname)%00%(*objectname) [6ms]
2026-04-19 22:04:51.403 [info] > git status -z -uall [144ms]
2026-04-19 22:04:52.278 [info] > git check-ignore -v -z --stdin [3ms]
2026-04-19 22:04:56.445 [info] > git config --get commit.template [10ms]
2026-04-19 22:04:56.447 [info] > git for-each-ref --format=%(refname)%00%(upstream:short)%00%(objectname)%00%(upstream:track)%00%(upstream:remotename)%00%(upstream:remoteref) refs/heads/main refs/remotes/main [4ms]
2026-04-19 22:04:56.481 [info] > git for-each-ref --sort -committerdate --format %(refname)%00%(objectname)%00%(*objectname) [5ms]
2026-04-19 22:04:56.607 [info] > git status -z -uall [152ms]
2026-04-19 22:04:57.426 [info] > git check-ignore -v -z --stdin [7ms]
2026-04-19 22:05:04.362 [info] > git config --get commit.template [4ms]
2026-04-19 22:05:04.375 [info] > git for-each-ref --format=%(refname)%00%(upstream:short)%00%(objectname)%00%(upstream:track)%00%(upstream:remotename)%00%(upstream:remoteref) refs/heads/main refs/remotes/main [3ms]
2026-04-19 22:05:04.402 [info] > git for-each-ref --sort -committerdate --format %(refname)%00%(objectname)%00%(*objectname) [5ms]
2026-04-19 22:05:04.536 [info] > git status -z -uall [152ms]
2026-04-19 22:05:05.302 [info] > git check-ignore -v -z --stdin [4ms]
2026-04-19 22:05:10.713 [info] > git config --get commit.template [11ms]
2026-04-19 22:05:10.715 [info] > git for-each-ref --format=%(refname)%00%(upstream:short)%00%(objectname)%00%(upstream:track)%00%(upstream:remotename)%00%(upstream:remoteref) refs/heads/main refs/remotes/main [3ms]
2026-04-19 22:05:10.742 [info] > git for-each-ref --sort -committerdate --format %(refname)%00%(objectname)%00%(*objectname) [4ms]
2026-04-19 22:05:10.872 [info] > git status -z -uall [149ms]
2026-04-19 22:05:11.594 [info] > git check-ignore -v -z --stdin [4ms]
2026-04-19 22:05:32.035 [info] > git config --get commit.template [13ms]
2026-04-19 22:05:32.036 [info] > git for-each-ref --format=%(refname)%00%(upstream:short)%00%(objectname)%00%(upstream:track)%00%(upstream:remotename)%00%(upstream:remoteref) refs/heads/main refs/remotes/main [4ms]
2026-04-19 22:05:32.064 [info] > git for-each-ref --sort -committerdate --format %(refname)%00%(objectname)%00%(*objectname) [7ms]
2026-04-19 22:05:32.190 [info] > git status -z -uall [146ms]
2026-04-19 22:05:32.909 [info] > git check-ignore -v -z --stdin [4ms]
2026-04-19 22:05:37.243 [info] > git config --get commit.template [3ms]
2026-04-19 22:05:37.253 [info] > git for-each-ref --format=%(refname)%00%(upstream:short)%00%(objectname)%00%(upstream:track)%00%(upstream:remotename)%00%(upstream:remoteref) refs/heads/main refs/remotes/main [3ms]
2026-04-19 22:05:37.280 [info] > git for-each-ref --sort -committerdate --format %(refname)%00%(objectname)%00%(*objectname) [5ms]
2026-04-19 22:05:37.418 [info] > git status -z -uall [156ms]
2026-04-19 22:05:38.089 [info] > git check-ignore -v -z --stdin [4ms]
2026-04-19 22:05:43.063 [info] > git config --get commit.template [11ms]
2026-04-19 22:05:43.065 [info] > git for-each-ref --format=%(refname)%00%(upstream:short)%00%(objectname)%00%(upstream:track)%00%(upstream:remotename)%00%(upstream:remoteref) refs/heads/main refs/remotes/main [2ms]
2026-04-19 22:05:43.090 [info] > git for-each-ref --sort -committerdate --format %(refname)%00%(objectname)%00%(*objectname) [3ms]
2026-04-19 22:05:43.215 [info] > git status -z -uall [142ms]
2026-04-19 22:05:43.898 [info] > git check-ignore -v -z --stdin [7ms]
2026-04-19 22:05:54.306 [info] > git config --get commit.template [11ms]
2026-04-19 22:05:54.308 [info] > git for-each-ref --format=%(refname)%00%(upstream:short)%00%(objectname)%00%(upstream:track)%00%(upstream:remotename)%00%(upstream:remoteref) refs/heads/main refs/remotes/main [3ms]
2026-04-19 22:05:54.334 [info] > git for-each-ref --sort -committerdate --format %(refname)%00%(objectname)%00%(*objectname) [4ms]
2026-04-19 22:05:54.461 [info] > git status -z -uall [144ms]
2026-04-19 22:05:55.163 [info] > git check-ignore -v -z --stdin [4ms]
2026-04-19 22:05:59.499 [info] > git config --get commit.template [10ms]
2026-04-19 22:05:59.502 [info] > git for-each-ref --format=%(refname)%00%(upstream:short)%00%(objectname)%00%(upstream:track)%00%(upstream:remotename)%00%(upstream:remoteref) refs/heads/main refs/remotes/main [4ms]
2026-04-19 22:05:59.528 [info] > git for-each-ref --sort -committerdate --format %(refname)%00%(objectname)%00%(*objectname) [6ms]
2026-04-19 22:05:59.660 [info] > git status -z -uall [150ms]
2026-04-19 22:06:00.747 [info] > git check-ignore -v -z --stdin [3ms]
2026-04-19 22:06:19.320 [info] > git config --get commit.template [12ms]
2026-04-19 22:06:19.322 [info] > git for-each-ref --format=%(refname)%00%(upstream:short)%00%(objectname)%00%(upstream:track)%00%(upstream:remotename)%00%(upstream:remoteref) refs/heads/main refs/remotes/main [3ms]
2026-04-19 22:06:19.348 [info] > git for-each-ref --sort -committerdate --format %(refname)%00%(objectname)%00%(*objectname) [4ms]
2026-04-19 22:06:19.475 [info] > git status -z -uall [145ms]
2026-04-19 22:06:20.259 [info] > git check-ignore -v -z --stdin [6ms]
2026-04-19 22:06:24.539 [info] > git config --get commit.template [14ms]
2026-04-19 22:06:24.542 [info] > git for-each-ref --format=%(refname)%00%(upstream:short)%00%(objectname)%00%(upstream:track)%00%(upstream:remotename)%00%(upstream:remoteref) refs/heads/main refs/remotes/main [7ms]
2026-04-19 22:06:24.577 [info] > git for-each-ref --sort -committerdate --format %(refname)%00%(objectname)%00%(*objectname) [8ms]
2026-04-19 22:06:24.711 [info] > git status -z -uall [159ms]
2026-04-19 22:06:25.517 [info] > git check-ignore -v -z --stdin [4ms]
2026-04-19 22:06:30.079 [info] > git check-ignore -v -z --stdin [15ms]
2026-04-19 22:06:34.159 [info] > git config --get commit.template [9ms]
2026-04-19 22:06:34.161 [info] > git for-each-ref --format=%(refname)%00%(upstream:short)%00%(objectname)%00%(upstream:track)%00%(upstream:remotename)%00%(upstream:remoteref) refs/heads/main refs/remotes/main [4ms]
2026-04-19 22:06:34.189 [info] > git for-each-ref --sort -committerdate --format %(refname)%00%(objectname)%00%(*objectname) [4ms]
2026-04-19 22:06:34.314 [info] > git status -z -uall [144ms]
2026-04-19 22:06:35.466 [info] > git check-ignore -v -z --stdin [4ms]
2026-04-19 22:06:39.655 [info] > git config --get commit.template [12ms]
2026-04-19 22:06:39.656 [info] > git for-each-ref --format=%(refname)%00%(upstream:short)%00%(objectname)%00%(upstream:track)%00%(upstream:remotename)%00%(upstream:remoteref) refs/heads/main refs/remotes/main [3ms]
2026-04-19 22:06:39.684 [info] > git for-each-ref --sort -committerdate --format %(refname)%00%(objectname)%00%(*objectname) [7ms]
2026-04-19 22:06:39.812 [info] > git status -z -uall [146ms]
2026-04-19 22:06:40.830 [info] > git check-ignore -v -z --stdin [3ms]
2026-04-19 22:13:59.910 [info] > git config --get commit.template [1ms]
2026-04-19 22:13:59.922 [info] > git for-each-ref --format=%(refname)%00%(upstream:short)%00%(objectname)%00%(upstream:track)%00%(upstream:remotename)%00%(upstream:remoteref) refs/heads/main refs/remotes/main [3ms]
2026-04-19 22:13:59.948 [info] > git for-each-ref --sort -committerdate --format %(refname)%00%(objectname)%00%(*objectname) [5ms]
2026-04-19 22:14:00.084 [info] > git status -z -uall [154ms]
2026-04-19 22:14:01.671 [info] > git check-ignore -v -z --stdin [3ms]
2026-04-19 22:14:05.140 [info] > git config --get commit.template [10ms]
2026-04-19 22:14:05.143 [info] > git for-each-ref --format=%(refname)%00%(upstream:short)%00%(objectname)%00%(upstream:track)%00%(upstream:remotename)%00%(upstream:remoteref) refs/heads/main refs/remotes/main [3ms]
2026-04-19 22:14:05.177 [info] > git for-each-ref --sort -committerdate --format %(refname)%00%(objectname)%00%(*objectname) [5ms]
2026-04-19 22:14:05.305 [info] > git status -z -uall [152ms]
2026-04-19 22:14:06.279 [info] > git check-ignore -v -z --stdin [2ms]
2026-04-19 22:14:08.568 [info] > git check-ignore -v -z --stdin [11ms]
2026-04-19 22:14:08.973 [info] > git check-ignore -v -z --stdin [13ms]
2026-04-19 22:14:21.503 [info] > git config --get commit.template [12ms]
2026-04-19 22:14:21.506 [info] > git for-each-ref --format=%(refname)%00%(upstream:short)%00%(objectname)%00%(upstream:track)%00%(upstream:remotename)%00%(upstream:remoteref) refs/heads/main refs/remotes/main [4ms]
2026-04-19 22:14:21.533 [info] > git for-each-ref --sort -committerdate --format %(refname)%00%(objectname)%00%(*objectname) [6ms]
2026-04-19 22:14:21.661 [info] > git status -z -uall [147ms]
2026-04-19 22:14:22.452 [info] > git check-ignore -v -z --stdin [6ms]
2026-04-19 22:14:24.750 [info] > git check-ignore -v -z --stdin [32ms]
2026-04-19 22:14:43.156 [info] > git config --get commit.template [15ms]
2026-04-19 22:14:43.156 [info] > git for-each-ref --format=%(refname)%00%(upstream:short)%00%(objectname)%00%(upstream:track)%00%(upstream:remotename)%00%(upstream:remoteref) refs/heads/main refs/remotes/main [5ms]
2026-04-19 22:14:43.182 [info] > git for-each-ref --sort -committerdate --format %(refname)%00%(objectname)%00%(*objectname) [4ms]
2026-04-19 22:14:43.313 [info] > git status -z -uall [148ms]
2026-04-19 22:14:44.100 [info] > git check-ignore -v -z --stdin [3ms]
2026-04-19 22:14:48.359 [info] > git config --get commit.template [4ms]
2026-04-19 22:14:48.371 [info] > git for-each-ref --format=%(refname)%00%(upstream:short)%00%(objectname)%00%(upstream:track)%00%(upstream:remotename)%00%(upstream:remoteref) refs/heads/main refs/remotes/main [3ms]
2026-04-19 22:14:48.397 [info] > git for-each-ref --sort -committerdate --format %(refname)%00%(objectname)%00%(*objectname) [5ms]
2026-04-19 22:14:48.540 [info] > git status -z -uall [161ms]
2026-04-19 22:14:49.262 [info] > git check-ignore -v -z --stdin [6ms]
2026-04-19 22:15:04.628 [info] > git config --get commit.template [11ms]
2026-04-19 22:15:04.630 [info] > git for-each-ref --format=%(refname)%00%(upstream:short)%00%(objectname)%00%(upstream:track)%00%(upstream:remotename)%00%(upstream:remoteref) refs/heads/main refs/remotes/main [3ms]
2026-04-19 22:15:04.658 [info] > git for-each-ref --sort -committerdate --format %(refname)%00%(objectname)%00%(*objectname) [4ms]
2026-04-19 22:15:04.786 [info] > git status -z -uall [147ms]
2026-04-19 22:15:05.519 [info] > git check-ignore -v -z --stdin [4ms]
2026-04-19 22:15:12.099 [info] > git config --get commit.template [17ms]
2026-04-19 22:15:12.101 [info] > git for-each-ref --format=%(refname)%00%(upstream:short)%00%(objectname)%00%(upstream:track)%00%(upstream:remotename)%00%(upstream:remoteref) refs/heads/main refs/remotes/main [3ms]
2026-04-19 22:15:12.137 [info] > git for-each-ref --sort -committerdate --format %(refname)%00%(objectname)%00%(*objectname) [7ms]
2026-04-19 22:15:12.273 [info] > git status -z -uall [159ms]
2026-04-19 22:15:12.980 [info] > git check-ignore -v -z --stdin [3ms]
2026-04-19 22:15:17.330 [info] > git config --get commit.template [6ms]
2026-04-19 22:15:17.347 [info] > git for-each-ref --format=%(refname)%00%(upstream:short)%00%(objectname)%00%(upstream:track)%00%(upstream:remotename)%00%(upstream:remoteref) refs/heads/main refs/remotes/main [5ms]
2026-04-19 22:15:17.389 [info] > git for-each-ref --sort -committerdate --format %(refname)%00%(objectname)%00%(*objectname) [7ms]
2026-04-19 22:15:17.517 [info] > git status -z -uall [151ms]
2026-04-19 22:15:18.889 [info] > git check-ignore -v -z --stdin [3ms]
2026-04-19 22:15:22.434 [info] > git check-ignore -v -z --stdin [6ms]
2026-04-19 22:15:22.586 [info] > git config --get commit.template [23ms]
2026-04-19 22:15:22.589 [info] > git for-each-ref --format=%(refname)%00%(upstream:short)%00%(objectname)%00%(upstream:track)%00%(upstream:remotename)%00%(upstream:remoteref) refs/heads/main refs/remotes/main [4ms]
2026-04-19 22:15:22.637 [info] > git for-each-ref --sort -committerdate --format %(refname)%00%(objectname)%00%(*objectname) [5ms]
2026-04-19 22:15:22.918 [info] > git status -z -uall [303ms]
2026-04-19 22:15:23.818 [info] > git check-ignore -v -z --stdin [7ms]
2026-04-19 22:16:03.930 [info] > git config --get commit.template [12ms]
2026-04-19 22:16:03.932 [info] > git for-each-ref --format=%(refname)%00%(upstream:short)%00%(objectname)%00%(upstream:track)%00%(upstream:remotename)%00%(upstream:remoteref) refs/heads/main refs/remotes/main [3ms]
2026-04-19 22:16:03.959 [info] > git for-each-ref --sort -committerdate --format %(refname)%00%(objectname)%00%(*objectname) [5ms]
2026-04-19 22:16:04.090 [info] > git status -z -uall [150ms]
2026-04-19 22:16:04.935 [info] > git check-ignore -v -z --stdin [5ms]
