2026-04-16 20:47:14.721 [info] [main] Log level: Info
2026-04-16 20:47:14.721 [info] [main] Validating found git in: "git"
2026-04-16 20:47:14.721 [info] [main] Using git "2.43.0" from "git"
2026-04-16 20:47:14.721 [info] [Model][doInitialScan] Initial repository scan started
2026-04-16 20:47:14.721 [info] > git rev-parse --show-toplevel [29ms]
2026-04-16 20:47:14.721 [info] > git rev-parse --git-dir --git-common-dir --show-superproject-working-tree [14ms]
2026-04-16 20:47:15.855 [info] [Model][openRepository] Opened repository (path): /home/rey_miller_chancahuana_almora
2026-04-16 20:47:15.855 [info] [Model][openRepository] Opened repository (real path): /home/rey_miller_chancahuana_almora
2026-04-16 20:47:15.855 [info] [Model][openRepository] Opened repository (kind): repository
2026-04-16 20:47:15.979 [info] > git config --get commit.template [39ms]
2026-04-16 20:47:16.077 [info] > git rev-parse --show-toplevel [120ms]
2026-04-16 20:47:16.134 [info] > git rev-parse --show-toplevel [3ms]
2026-04-16 20:47:16.142 [info] > git rev-parse --show-toplevel [2ms]
2026-04-16 20:47:16.150 [info] > git rev-parse --show-toplevel [2ms]
2026-04-16 20:47:16.170 [info] > git rev-parse --show-toplevel [8ms]
2026-04-16 20:47:16.193 [info] > git rev-parse --show-toplevel [5ms]
2026-04-16 20:47:16.215 [info] > git rev-parse --show-toplevel [5ms]
2026-04-16 20:47:16.232 [info] > git rev-parse --show-toplevel [7ms]
2026-04-16 20:47:16.246 [info] > git rev-parse --show-toplevel [2ms]
2026-04-16 20:47:16.254 [info] > git rev-parse --show-toplevel [2ms]
2026-04-16 20:47:16.255 [info] [Model][doInitialScan] Initial repository scan completed - repositories (1), closed repositories (0), parent repositories (0), unsafe repositories (0)
2026-04-16 20:47:16.289 [info] > git for-each-ref --format=%(refname)%00%(upstream:short)%00%(objectname)%00%(upstream:track)%00%(upstream:remotename)%00%(upstream:remoteref) refs/heads/main refs/remotes/main [178ms]
2026-04-16 20:47:16.436 [info] > git for-each-ref --sort -committerdate --format %(refname)%00%(objectname)%00%(*objectname) [83ms]
2026-04-16 20:47:18.748 [info] > git status -z -uall [2432ms]
2026-04-16 20:47:18.749 [info] > git check-ignore -v -z --stdin [585ms]
2026-04-16 20:47:20.707 [info] > git check-ignore -v -z --stdin [445ms]
2026-04-16 20:47:20.751 [info] > git for-each-ref --format=%(refname)%00%(upstream:short)%00%(objectname)%00%(upstream:track)%00%(upstream:remotename)%00%(upstream:remoteref) refs/heads/main refs/remotes/main [1520ms]
2026-04-16 20:47:20.845 [info] > git check-ignore -v -z --stdin [525ms]
2026-04-16 20:47:20.849 [info] > git config --get --local branch.main.vscode-merge-base [65ms]
2026-04-16 20:47:20.849 [warning] [Git][config] git config failed: Failed to execute git
2026-04-16 20:47:20.869 [info] > git config --get commit.template [521ms]
2026-04-16 20:47:20.908 [info] > git reflog main --grep-reflog=branch: Created from *. [39ms]
2026-04-16 20:47:20.919 [info] > git for-each-ref --format=%(refname)%00%(upstream:short)%00%(objectname)%00%(upstream:track)%00%(upstream:remotename)%00%(upstream:remoteref) refs/heads/main refs/remotes/main [12ms]
2026-04-16 20:47:20.979 [info] > git symbolic-ref --short refs/remotes/origin/HEAD [60ms]
2026-04-16 20:47:20.979 [info] fatal: ref refs/remotes/origin/HEAD is not a symbolic ref
2026-04-16 20:47:20.979 [warning] [Repository][getDefaultBranch] Failed to get default branch details: Failed to execute git.
2026-04-16 20:47:21.009 [info] > git merge-base refs/heads/main refs/remotes/origin/main [5ms]
2026-04-16 20:47:21.017 [info] > git for-each-ref --sort -committerdate --format %(refname)%00%(objectname)%00%(*objectname) [44ms]
2026-04-16 20:47:21.025 [info] > git diff --raw --numstat --diff-filter=ADMR -z --find-renames=50% f9a8faa24ef9e2ddb4dca70a186268a99a5c5817...refs/remotes/origin/main -- [8ms]
2026-04-16 20:47:21.498 [info] > git status -z -uall [550ms]
2026-04-16 20:47:26.615 [info] > git show --textconv :JABA/Code.js [139ms]
2026-04-16 20:47:26.633 [info] > git ls-files --stage -- JABA/Code.js [118ms]
2026-04-16 20:47:26.681 [info] > git cat-file -s 51bfea3d503ae3edabbb6b7835d8edb71387ec1f [33ms]
2026-04-16 20:47:28.863 [info] > git check-ignore -v -z --stdin [6ms]
2026-04-16 20:47:28.894 [info] > git blame --root --incremental f9a8faa24ef9e2ddb4dca70a186268a99a5c5817 -- JABA/Code.js [13ms]
2026-04-16 20:47:39.806 [info] > git config --get commit.template [19ms]
2026-04-16 20:47:39.852 [info] > git for-each-ref --format=%(refname)%00%(upstream:short)%00%(objectname)%00%(upstream:track)%00%(upstream:remotename)%00%(upstream:remoteref) refs/heads/main refs/remotes/main [8ms]
2026-04-16 20:47:39.972 [info] > git for-each-ref --sort -committerdate --format %(refname)%00%(objectname)%00%(*objectname) [25ms]
2026-04-16 20:47:40.527 [info] > git status -z -uall [631ms]
2026-04-16 20:47:43.509 [info] > git check-ignore -v -z --stdin [78ms]
2026-04-16 20:47:45.816 [info] > git config --get commit.template [100ms]
2026-04-16 20:47:45.837 [info] > git for-each-ref --format=%(refname)%00%(upstream:short)%00%(objectname)%00%(upstream:track)%00%(upstream:remotename)%00%(upstream:remoteref) refs/heads/main refs/remotes/main [22ms]
2026-04-16 20:47:46.028 [info] > git for-each-ref --sort -committerdate --format %(refname)%00%(objectname)%00%(*objectname) [39ms]
2026-04-16 20:47:47.228 [info] > git status -z -uall [1333ms]
2026-04-16 20:47:48.753 [info] > git check-ignore -v -z --stdin [85ms]
2026-04-16 20:47:51.614 [info] > git check-ignore -v -z --stdin [26ms]
2026-04-16 20:47:55.008 [info] > git config --get commit.template [4ms]
2026-04-16 20:47:55.046 [info] > git for-each-ref --format=%(refname)%00%(upstream:short)%00%(objectname)%00%(upstream:track)%00%(upstream:remotename)%00%(upstream:remoteref) refs/heads/main refs/remotes/main [11ms]
2026-04-16 20:47:55.139 [info] > git for-each-ref --sort -committerdate --format %(refname)%00%(objectname)%00%(*objectname) [40ms]
2026-04-16 20:47:55.371 [info] > git status -z -uall [307ms]
2026-04-16 20:47:57.279 [info] > git check-ignore -v -z --stdin [6ms]
2026-04-16 20:48:00.455 [info] > git config --get commit.template [20ms]
2026-04-16 20:48:00.459 [info] > git for-each-ref --format=%(refname)%00%(upstream:short)%00%(objectname)%00%(upstream:track)%00%(upstream:remotename)%00%(upstream:remoteref) refs/heads/main refs/remotes/main [5ms]
2026-04-16 20:48:00.526 [info] > git for-each-ref --sort -committerdate --format %(refname)%00%(objectname)%00%(*objectname) [10ms]
2026-04-16 20:48:00.803 [info] > git status -z -uall [325ms]
2026-04-16 20:48:03.284 [info] > git check-ignore -v -z --stdin [4ms]
