0 verbose cli /usr/local/nvm/versions/node/v24.14.1/bin/node /usr/local/nvm/versions/node/v24.14.1/bin/npm
1 info using npm@11.12.1
2 info using node@v24.14.1
3 silly config load:file:/usr/local/nvm/versions/node/v24.14.1/lib/node_modules/npm/npmrc
4 silly config load:file:/home/rey_miller_chancahuana_almora/.cache/typescript/5.9/.npmrc
5 silly config load:file:/home/rey_miller_chancahuana_almora/.npmrc
6 silly config load:file:/usr/local/nvm/versions/node/v24.14.1/etc/npmrc
7 verbose title npm install types-registry@latest
8 verbose argv "install" "--ignore-scripts" "types-registry@latest"
9 verbose logfile logs-max:10 dir:/home/rey_miller_chancahuana_almora/.npm/_logs/2026-04-05T18_15_41_055Z-
10 verbose logfile /home/rey_miller_chancahuana_almora/.npm/_logs/2026-04-05T18_15_41_055Z-debug-0.log
11 silly logfile start cleaning logs, removing 3 files
12 silly packumentCache heap:2348810240 maxSize:587202560 maxEntrySize:293601280
13 silly logfile done cleaning log files
14 silly packumentCache corgi:https://registry.npmjs.org/types-registry cache-miss
15 verbose shrinkwrap failed to load node_modules/.package-lock.json out of date, updated: node_modules
16 http fetch GET 200 https://registry.npmjs.org/types-registry 259ms (cache revalidated)
17 silly packumentCache corgi:https://registry.npmjs.org/types-registry set size:621582 disposed:false
18 silly idealTree buildDeps
19 silly fetch manifest types-registry@0.1.764
20 silly packumentCache full:https://registry.npmjs.org/types-registry cache-miss
21 http fetch GET 200 https://registry.npmjs.org/types-registry 139ms (cache revalidated)
22 silly packumentCache full:https://registry.npmjs.org/types-registry set size:1342268 disposed:false
23 silly placeDep ROOT types-registry@0.1.764 REPLACE for:  want: 0.1.764
24 silly reify moves {}
25 silly audit bulk request {
25 silly audit   '@types/react': [ '19.2.14' ],
25 silly audit   csstype: [ '3.2.3' ],
25 silly audit   'types-registry': [ '0.1.764' ]
25 silly audit }
26 http fetch POST 200 https://registry.npmjs.org/-/npm/v1/security/advisories/bulk 179ms
27 silly audit report {}
28 verbose cwd /home/rey_miller_chancahuana_almora/.cache/typescript/5.9
29 verbose os Linux 6.6.123+
30 verbose node v24.14.1
31 verbose npm  v11.12.1
32 verbose exit 0
33 info ok
