2026-04-16 18:35:47.290 [info] [main] Log level: Info
2026-04-16 18:35:47.290 [info] [main] Validating found git in: "git"
2026-04-16 18:35:47.290 [info] [main] Using git "2.43.0" from "git"
2026-04-16 18:35:47.290 [info] [Model][doInitialScan] Initial repository scan started
2026-04-16 18:35:47.290 [info] > git rev-parse --show-toplevel [2ms]
2026-04-16 18:35:47.290 [info] > git rev-parse --git-dir --git-common-dir --show-superproject-working-tree [4ms]
2026-04-16 18:35:47.348 [info] [Model][openRepository] Opened repository (path): /home/rey_miller_chancahuana_almora
2026-04-16 18:35:47.348 [info] [Model][openRepository] Opened repository (real path): /home/rey_miller_chancahuana_almora
2026-04-16 18:35:47.348 [info] [Model][openRepository] Opened repository (kind): repository
2026-04-16 18:35:47.395 [info] > git config --get commit.template [8ms]
2026-04-16 18:35:47.396 [info] > git rev-parse --show-toplevel [5ms]
2026-04-16 18:35:47.413 [info] > git rev-parse --show-toplevel [4ms]
2026-04-16 18:35:47.419 [info] > git rev-parse --show-toplevel [2ms]
2026-04-16 18:35:47.426 [info] > git rev-parse --show-toplevel [3ms]
2026-04-16 18:35:47.432 [info] > git rev-parse --show-toplevel [2ms]
2026-04-16 18:35:47.437 [info] > git rev-parse --show-toplevel [2ms]
2026-04-16 18:35:47.442 [info] > git rev-parse --show-toplevel [1ms]
2026-04-16 18:35:47.447 [info] > git rev-parse --show-toplevel [2ms]
2026-04-16 18:35:47.456 [info] > git rev-parse --show-toplevel [2ms]
2026-04-16 18:35:47.464 [info] > git rev-parse --show-toplevel [2ms]
2026-04-16 18:35:47.464 [info] [Model][doInitialScan] Initial repository scan completed - repositories (1), closed repositories (0), parent repositories (0), unsafe repositories (0)
2026-04-16 18:35:47.497 [info] > git for-each-ref --format=%(refname)%00%(upstream:short)%00%(objectname)%00%(upstream:track)%00%(upstream:remotename)%00%(upstream:remoteref) refs/heads/main refs/remotes/main [96ms]
2026-04-16 18:35:49.132 [info] > git status -z -uall [1625ms]
2026-04-16 18:35:49.133 [info] > git check-ignore -v -z --stdin [27ms]
2026-04-16 18:35:49.139 [info] > git for-each-ref --sort -committerdate --format %(refname)%00%(objectname)%00%(*objectname) [1627ms]
2026-04-16 18:35:49.495 [info] > git for-each-ref --format=%(refname)%00%(upstream:short)%00%(objectname)%00%(upstream:track)%00%(upstream:remotename)%00%(upstream:remoteref) refs/heads/main refs/remotes/main [286ms]
2026-04-16 18:35:49.660 [info] > git config --get --local branch.main.vscode-merge-base [160ms]
2026-04-16 18:35:49.660 [warning] [Git][config] git config failed: Failed to execute git
2026-04-16 18:35:49.665 [info] > git config --get commit.template [173ms]
2026-04-16 18:35:51.859 [info] > git reflog main --grep-reflog=branch: Created from *. [2194ms]
2026-04-16 18:35:52.140 [info] > git for-each-ref --format=%(refname)%00%(upstream:short)%00%(objectname)%00%(upstream:track)%00%(upstream:remotename)%00%(upstream:remoteref) refs/heads/main refs/remotes/main [508ms]
2026-04-16 18:35:52.277 [info] > git symbolic-ref --short refs/remotes/origin/HEAD [414ms]
2026-04-16 18:35:52.277 [info] fatal: ref refs/remotes/origin/HEAD is not a symbolic ref
2026-04-16 18:35:52.278 [warning] [Repository][getDefaultBranch] Failed to get default branch details: Failed to execute git.
2026-04-16 18:35:52.304 [info] > git check-ignore -v -z --stdin [8ms]
2026-04-16 18:35:52.304 [info] > git merge-base refs/heads/main refs/remotes/origin/main [18ms]
2026-04-16 18:35:52.364 [info] > git diff --raw --numstat --diff-filter=ADMR -z --find-renames=50% f9a8faa24ef9e2ddb4dca70a186268a99a5c5817...refs/remotes/origin/main -- [51ms]
2026-04-16 18:35:52.370 [info] > git for-each-ref --sort -committerdate --format %(refname)%00%(objectname)%00%(*objectname) [20ms]
2026-04-16 18:35:52.605 [info] > git status -z -uall [266ms]
2026-04-16 18:35:54.207 [info] > git config --get commit.template [40ms]
2026-04-16 18:35:54.249 [info] > git for-each-ref --format=%(refname)%00%(upstream:short)%00%(objectname)%00%(upstream:track)%00%(upstream:remotename)%00%(upstream:remoteref) refs/heads/main refs/remotes/main [12ms]
2026-04-16 18:35:54.302 [info] > git for-each-ref --sort -committerdate --format %(refname)%00%(objectname)%00%(*objectname) [13ms]
2026-04-16 18:35:54.566 [info] > git status -z -uall [293ms]
2026-04-16 18:35:57.310 [info] > git check-ignore -v -z --stdin [29ms]
2026-04-16 18:35:57.487 [info] > git ls-files --stage -- JABA/Code.js [14ms]
2026-04-16 18:35:57.519 [info] > git show --textconv :JABA/Code.js [80ms]
2026-04-16 18:35:57.535 [info] > git cat-file -s 51bfea3d503ae3edabbb6b7835d8edb71387ec1f [16ms]
2026-04-16 18:35:59.654 [info] > git config --get commit.template [4ms]
2026-04-16 18:35:59.693 [info] > git for-each-ref --format=%(refname)%00%(upstream:short)%00%(objectname)%00%(upstream:track)%00%(upstream:remotename)%00%(upstream:remoteref) refs/heads/main refs/remotes/main [24ms]
2026-04-16 18:35:59.918 [info] > git for-each-ref --sort -committerdate --format %(refname)%00%(objectname)%00%(*objectname) [41ms]
2026-04-16 18:36:00.704 [info] > git status -z -uall [912ms]
2026-04-16 18:36:04.302 [info] > git check-ignore -v -z --stdin [14ms]
2026-04-16 18:36:07.468 [info] > git config --get commit.template [15ms]
2026-04-16 18:36:07.497 [info] > git for-each-ref --format=%(refname)%00%(upstream:short)%00%(objectname)%00%(upstream:track)%00%(upstream:remotename)%00%(upstream:remoteref) refs/heads/main refs/remotes/main [8ms]
2026-04-16 18:36:07.601 [info] > git for-each-ref --sort -committerdate --format %(refname)%00%(objectname)%00%(*objectname) [16ms]
2026-04-16 18:36:08.050 [info] > git status -z -uall [506ms]
2026-04-16 18:36:09.463 [info] > git check-ignore -v -z --stdin [18ms]
2026-04-16 18:36:13.200 [info] > git config --get commit.template [7ms]
2026-04-16 18:36:13.256 [info] > git for-each-ref --format=%(refname)%00%(upstream:short)%00%(objectname)%00%(upstream:track)%00%(upstream:remotename)%00%(upstream:remoteref) refs/heads/main refs/remotes/main [10ms]
2026-04-16 18:36:13.430 [info] > git for-each-ref --sort -committerdate --format %(refname)%00%(objectname)%00%(*objectname) [44ms]
2026-04-16 18:36:14.051 [info] > git status -z -uall [737ms]
2026-04-16 18:36:17.167 [info] > git check-ignore -v -z --stdin [18ms]
2026-04-16 18:36:19.415 [info] > git config --get commit.template [8ms]
2026-04-16 18:36:19.457 [info] > git for-each-ref --format=%(refname)%00%(upstream:short)%00%(objectname)%00%(upstream:track)%00%(upstream:remotename)%00%(upstream:remoteref) refs/heads/main refs/remotes/main [23ms]
2026-04-16 18:36:19.527 [info] > git for-each-ref --sort -committerdate --format %(refname)%00%(objectname)%00%(*objectname) [5ms]
2026-04-16 18:36:19.752 [info] > git status -z -uall [278ms]
2026-04-16 18:36:20.565 [info] > git check-ignore -v -z --stdin [3ms]
2026-04-16 18:36:24.828 [info] > git config --get commit.template [20ms]
2026-04-16 18:36:24.830 [info] > git for-each-ref --format=%(refname)%00%(upstream:short)%00%(objectname)%00%(upstream:track)%00%(upstream:remotename)%00%(upstream:remoteref) refs/heads/main refs/remotes/main [7ms]
2026-04-16 18:36:24.872 [info] > git for-each-ref --sort -committerdate --format %(refname)%00%(objectname)%00%(*objectname) [8ms]
2026-04-16 18:36:25.041 [info] > git status -z -uall [195ms]
2026-04-16 18:36:26.015 [info] > git check-ignore -v -z --stdin [6ms]
2026-04-16 18:36:34.938 [info] > git config --get commit.template [2ms]
2026-04-16 18:36:34.951 [info] > git for-each-ref --format=%(refname)%00%(upstream:short)%00%(objectname)%00%(upstream:track)%00%(upstream:remotename)%00%(upstream:remoteref) refs/heads/main refs/remotes/main [2ms]
2026-04-16 18:36:34.980 [info] > git for-each-ref --sort -committerdate --format %(refname)%00%(objectname)%00%(*objectname) [4ms]
2026-04-16 18:36:35.090 [info] > git status -z -uall [129ms]
2026-04-16 18:36:35.908 [info] > git check-ignore -v -z --stdin [3ms]
