2026-04-16 08:34:21.336 [info] [main] Log level: Info
2026-04-16 08:34:21.336 [info] [main] Validating found git in: "git"
2026-04-16 08:34:21.336 [info] [main] Using git "2.43.0" from "git"
2026-04-16 08:34:21.336 [info] [Model][doInitialScan] Initial repository scan started
2026-04-16 08:34:21.336 [info] > git rev-parse --show-toplevel [4ms]
2026-04-16 08:34:21.336 [info] [Model][doInitialScan] Initial repository scan completed - repositories (0), closed repositories (0), parent repositories (1), unsafe repositories (0)
2026-04-16 08:34:21.970 [info] > git rev-parse --show-toplevel [4ms]
2026-04-16 08:35:29.349 [info] > git rev-parse --show-toplevel [6ms]
2026-04-16 08:50:30.417 [info] > git rev-parse --show-toplevel [2ms]
2026-04-16 08:50:30.432 [info] > git rev-parse --git-dir --git-common-dir --show-superproject-working-tree [7ms]
2026-04-16 08:50:30.586 [info] [Model][openRepository] Opened repository (path): /home/rey_miller_chancahuana_almora
2026-04-16 08:50:30.586 [info] [Model][openRepository] Opened repository (real path): /home/rey_miller_chancahuana_almora
2026-04-16 08:50:30.586 [info] [Model][openRepository] Opened repository (kind): repository
2026-04-16 08:50:30.617 [info] > git config --get commit.template [12ms]
2026-04-16 08:50:30.749 [info] > git for-each-ref --format=%(refname)%00%(upstream:short)%00%(objectname)%00%(upstream:track)%00%(upstream:remotename)%00%(upstream:remoteref) refs/heads/main refs/remotes/main [135ms]
2026-04-16 08:50:30.811 [info] > git for-each-ref --sort -committerdate --format %(refname)%00%(objectname)%00%(*objectname) [40ms]
2026-04-16 08:50:31.538 [info] > git status -z -uall [779ms]
2026-04-16 08:50:31.651 [info] > git for-each-ref --format=%(refname)%00%(upstream:short)%00%(objectname)%00%(upstream:track)%00%(upstream:remotename)%00%(upstream:remoteref) refs/heads/main refs/remotes/main [25ms]
2026-04-16 08:50:31.925 [info] > git config --get --local branch.main.vscode-merge-base [257ms]
2026-04-16 08:50:31.925 [warning] [Git][config] git config failed: Failed to execute git
2026-04-16 08:50:31.940 [info] > git config --get commit.template [294ms]
2026-04-16 08:50:31.961 [info] > git reflog main --grep-reflog=branch: Created from *. [22ms]
2026-04-16 08:50:31.973 [info] > git for-each-ref --format=%(refname)%00%(upstream:short)%00%(objectname)%00%(upstream:track)%00%(upstream:remotename)%00%(upstream:remoteref) refs/heads/main refs/remotes/main [15ms]
2026-04-16 08:50:32.020 [info] > git symbolic-ref --short refs/remotes/origin/HEAD [44ms]
2026-04-16 08:50:32.020 [info] fatal: ref refs/remotes/origin/HEAD is not a symbolic ref
2026-04-16 08:50:32.021 [warning] [Repository][getDefaultBranch] Failed to get default branch details: Failed to execute git.
2026-04-16 08:50:32.049 [info] > git for-each-ref --sort -committerdate --format %(refname)%00%(objectname)%00%(*objectname) [35ms]
2026-04-16 08:50:32.052 [info] > git merge-base refs/heads/main refs/remotes/origin/main [6ms]
2026-04-16 08:50:32.083 [info] > git diff --raw --numstat --diff-filter=ADMR -z --find-renames=50% f9a8faa24ef9e2ddb4dca70a186268a99a5c5817...refs/remotes/origin/main -- [11ms]
2026-04-16 08:50:32.224 [info] > git status -z -uall [237ms]
2026-04-16 08:50:34.869 [info] > git check-ignore -v -z --stdin [4ms]
2026-04-16 08:50:35.476 [info] > git check-ignore -v -z --stdin [7ms]
2026-04-16 08:50:35.507 [info] > git check-ignore -v -z --stdin [4ms]
2026-04-16 08:50:35.648 [info] > git show --textconv :JABA/Code.js [15ms]
2026-04-16 08:50:35.649 [info] > git config --get commit.template [36ms]
2026-04-16 08:50:35.654 [info] > git for-each-ref --format=%(refname)%00%(upstream:short)%00%(objectname)%00%(upstream:track)%00%(upstream:remotename)%00%(upstream:remoteref) refs/heads/main refs/remotes/main [32ms]
2026-04-16 08:50:35.656 [info] > git ls-files --stage -- JABA/Code.js [9ms]
2026-04-16 08:50:35.703 [info] > git cat-file -s 51bfea3d503ae3edabbb6b7835d8edb71387ec1f [37ms]
2026-04-16 08:50:35.708 [info] > git for-each-ref --sort -committerdate --format %(refname)%00%(objectname)%00%(*objectname) [9ms]
2026-04-16 08:50:35.906 [info] > git status -z -uall [227ms]
2026-04-16 08:50:36.147 [info] > git log --format=%H%n%aN%n%aE%n%at%n%ct%n%P%n%D%n%B -z --shortstat --diff-merges=first-parent -n50 --skip=0 --topo-order --decorate=full --stdin [1179ms]
2026-04-16 08:50:36.891 [info] > git check-ignore -v -z --stdin [4ms]
2026-04-16 08:50:37.216 [info] > git merge-base main origin/main [3ms]
2026-04-16 08:50:37.651 [info] > git check-ignore -v -z --stdin [4ms]
2026-04-16 08:50:40.953 [info] > git config --get commit.template [3ms]
2026-04-16 08:50:40.963 [info] > git for-each-ref --format=%(refname)%00%(upstream:short)%00%(objectname)%00%(upstream:track)%00%(upstream:remotename)%00%(upstream:remoteref) refs/heads/main refs/remotes/main [3ms]
2026-04-16 08:50:40.992 [info] > git for-each-ref --sort -committerdate --format %(refname)%00%(objectname)%00%(*objectname) [6ms]
2026-04-16 08:50:41.140 [info] > git status -z -uall [166ms]
2026-04-16 08:50:42.353 [info] > git check-ignore -v -z --stdin [4ms]
2026-04-16 08:50:46.625 [info] > git config --get commit.template [4ms]
2026-04-16 08:50:46.635 [info] > git for-each-ref --format=%(refname)%00%(upstream:short)%00%(objectname)%00%(upstream:track)%00%(upstream:remotename)%00%(upstream:remoteref) refs/heads/main refs/remotes/main [3ms]
2026-04-16 08:50:46.659 [info] > git for-each-ref --sort -committerdate --format %(refname)%00%(objectname)%00%(*objectname) [6ms]
2026-04-16 08:50:46.780 [info] > git status -z -uall [138ms]
2026-04-16 08:50:47.909 [info] > git check-ignore -v -z --stdin [3ms]
2026-04-16 08:50:51.808 [info] > git config --get commit.template [3ms]
2026-04-16 08:50:51.820 [info] > git for-each-ref --format=%(refname)%00%(upstream:short)%00%(objectname)%00%(upstream:track)%00%(upstream:remotename)%00%(upstream:remoteref) refs/heads/main refs/remotes/main [3ms]
2026-04-16 08:50:51.849 [info] > git for-each-ref --sort -committerdate --format %(refname)%00%(objectname)%00%(*objectname) [5ms]
2026-04-16 08:50:51.968 [info] > git status -z -uall [139ms]
2026-04-16 08:50:53.012 [info] > git check-ignore -v -z --stdin [5ms]
2026-04-16 08:50:57.007 [info] > git config --get commit.template [9ms]
2026-04-16 08:50:57.009 [info] > git for-each-ref --format=%(refname)%00%(upstream:short)%00%(objectname)%00%(upstream:track)%00%(upstream:remotename)%00%(upstream:remoteref) refs/heads/main refs/remotes/main [4ms]
2026-04-16 08:50:57.033 [info] > git for-each-ref --sort -committerdate --format %(refname)%00%(objectname)%00%(*objectname) [5ms]
2026-04-16 08:50:57.164 [info] > git status -z -uall [147ms]
2026-04-16 08:50:58.215 [info] > git check-ignore -v -z --stdin [4ms]
2026-04-16 08:51:02.204 [info] > git config --get commit.template [11ms]
2026-04-16 08:51:02.204 [info] > git for-each-ref --format=%(refname)%00%(upstream:short)%00%(objectname)%00%(upstream:track)%00%(upstream:remotename)%00%(upstream:remoteref) refs/heads/main refs/remotes/main [2ms]
2026-04-16 08:51:02.233 [info] > git for-each-ref --sort -committerdate --format %(refname)%00%(objectname)%00%(*objectname) [5ms]
2026-04-16 08:51:02.359 [info] > git status -z -uall [143ms]
2026-04-16 08:51:03.393 [info] > git check-ignore -v -z --stdin [3ms]
2026-04-16 08:51:07.414 [info] > git config --get commit.template [13ms]
2026-04-16 08:51:07.415 [info] > git for-each-ref --format=%(refname)%00%(upstream:short)%00%(objectname)%00%(upstream:track)%00%(upstream:remotename)%00%(upstream:remoteref) refs/heads/main refs/remotes/main [3ms]
2026-04-16 08:51:07.450 [info] > git for-each-ref --sort -committerdate --format %(refname)%00%(objectname)%00%(*objectname) [4ms]
2026-04-16 08:51:07.572 [info] > git status -z -uall [141ms]
2026-04-16 08:51:08.583 [info] > git check-ignore -v -z --stdin [3ms]
2026-04-16 08:51:12.613 [info] > git config --get commit.template [11ms]
2026-04-16 08:51:12.615 [info] > git for-each-ref --format=%(refname)%00%(upstream:short)%00%(objectname)%00%(upstream:track)%00%(upstream:remotename)%00%(upstream:remoteref) refs/heads/main refs/remotes/main [3ms]
2026-04-16 08:51:12.649 [info] > git for-each-ref --sort -committerdate --format %(refname)%00%(objectname)%00%(*objectname) [5ms]
2026-04-16 08:51:12.770 [info] > git status -z -uall [145ms]
2026-04-16 08:51:13.893 [info] > git check-ignore -v -z --stdin [4ms]
2026-04-16 08:51:17.806 [info] > git config --get commit.template [11ms]
2026-04-16 08:51:17.808 [info] > git for-each-ref --format=%(refname)%00%(upstream:short)%00%(objectname)%00%(upstream:track)%00%(upstream:remotename)%00%(upstream:remoteref) refs/heads/main refs/remotes/main [3ms]
2026-04-16 08:51:17.835 [info] > git for-each-ref --sort -committerdate --format %(refname)%00%(objectname)%00%(*objectname) [6ms]
2026-04-16 08:51:17.954 [info] > git status -z -uall [137ms]
2026-04-16 08:51:18.979 [info] > git check-ignore -v -z --stdin [5ms]
2026-04-16 08:51:23.002 [info] > git config --get commit.template [10ms]
2026-04-16 08:51:23.004 [info] > git for-each-ref --format=%(refname)%00%(upstream:short)%00%(objectname)%00%(upstream:track)%00%(upstream:remotename)%00%(upstream:remoteref) refs/heads/main refs/remotes/main [3ms]
2026-04-16 08:51:23.027 [info] > git for-each-ref --sort -committerdate --format %(refname)%00%(objectname)%00%(*objectname) [5ms]
2026-04-16 08:51:23.149 [info] > git status -z -uall [138ms]
2026-04-16 08:51:24.333 [info] > git check-ignore -v -z --stdin [4ms]
2026-04-16 08:51:28.195 [info] > git config --get commit.template [12ms]
2026-04-16 08:51:28.197 [info] > git for-each-ref --format=%(refname)%00%(upstream:short)%00%(objectname)%00%(upstream:track)%00%(upstream:remotename)%00%(upstream:remoteref) refs/heads/main refs/remotes/main [3ms]
2026-04-16 08:51:28.224 [info] > git for-each-ref --sort -committerdate --format %(refname)%00%(objectname)%00%(*objectname) [4ms]
2026-04-16 08:51:28.348 [info] > git status -z -uall [142ms]
2026-04-16 08:51:29.193 [info] > git check-ignore -v -z --stdin [5ms]
2026-04-16 08:51:33.387 [info] > git config --get commit.template [10ms]
2026-04-16 08:51:33.389 [info] > git for-each-ref --format=%(refname)%00%(upstream:short)%00%(objectname)%00%(upstream:track)%00%(upstream:remotename)%00%(upstream:remoteref) refs/heads/main refs/remotes/main [3ms]
2026-04-16 08:51:33.413 [info] > git for-each-ref --sort -committerdate --format %(refname)%00%(objectname)%00%(*objectname) [5ms]
2026-04-16 08:51:33.539 [info] > git status -z -uall [141ms]
2026-04-16 08:51:34.351 [info] > git check-ignore -v -z --stdin [4ms]
2026-04-16 08:51:38.582 [info] > git config --get commit.template [11ms]
2026-04-16 08:51:38.593 [info] > git for-each-ref --format=%(refname)%00%(upstream:short)%00%(objectname)%00%(upstream:track)%00%(upstream:remotename)%00%(upstream:remoteref) refs/heads/main refs/remotes/main [13ms]
2026-04-16 08:51:38.621 [info] > git for-each-ref --sort -committerdate --format %(refname)%00%(objectname)%00%(*objectname) [4ms]
2026-04-16 08:51:38.756 [info] > git status -z -uall [154ms]
2026-04-16 08:51:39.845 [info] > git check-ignore -v -z --stdin [5ms]
2026-04-16 08:51:43.806 [info] > git config --get commit.template [9ms]
2026-04-16 08:51:43.808 [info] > git for-each-ref --format=%(refname)%00%(upstream:short)%00%(objectname)%00%(upstream:track)%00%(upstream:remotename)%00%(upstream:remoteref) refs/heads/main refs/remotes/main [3ms]
2026-04-16 08:51:43.831 [info] > git for-each-ref --sort -committerdate --format %(refname)%00%(objectname)%00%(*objectname) [5ms]
2026-04-16 08:51:43.950 [info] > git status -z -uall [134ms]
2026-04-16 08:51:44.721 [info] > git check-ignore -v -z --stdin [4ms]
2026-04-16 08:51:48.990 [info] > git config --get commit.template [10ms]
2026-04-16 08:51:48.992 [info] > git for-each-ref --format=%(refname)%00%(upstream:short)%00%(objectname)%00%(upstream:track)%00%(upstream:remotename)%00%(upstream:remoteref) refs/heads/main refs/remotes/main [3ms]
2026-04-16 08:51:49.017 [info] > git for-each-ref --sort -committerdate --format %(refname)%00%(objectname)%00%(*objectname) [5ms]
2026-04-16 08:51:49.150 [info] > git status -z -uall [150ms]
2026-04-16 08:51:49.965 [info] > git check-ignore -v -z --stdin [4ms]
2026-04-16 08:51:54.188 [info] > git config --get commit.template [10ms]
2026-04-16 08:51:54.191 [info] > git for-each-ref --format=%(refname)%00%(upstream:short)%00%(objectname)%00%(upstream:track)%00%(upstream:remotename)%00%(upstream:remoteref) refs/heads/main refs/remotes/main [4ms]
2026-04-16 08:51:54.215 [info] > git for-each-ref --sort -committerdate --format %(refname)%00%(objectname)%00%(*objectname) [5ms]
2026-04-16 08:51:54.335 [info] > git status -z -uall [137ms]
2026-04-16 08:51:55.216 [info] > git check-ignore -v -z --stdin [4ms]
2026-04-16 08:51:59.383 [info] > git config --get commit.template [12ms]
2026-04-16 08:51:59.385 [info] > git for-each-ref --format=%(refname)%00%(upstream:short)%00%(objectname)%00%(upstream:track)%00%(upstream:remotename)%00%(upstream:remoteref) refs/heads/main refs/remotes/main [3ms]
2026-04-16 08:51:59.415 [info] > git for-each-ref --sort -committerdate --format %(refname)%00%(objectname)%00%(*objectname) [4ms]
2026-04-16 08:51:59.536 [info] > git status -z -uall [142ms]
2026-04-16 08:52:00.404 [info] > git check-ignore -v -z --stdin [4ms]
2026-04-16 08:52:04.580 [info] > git config --get commit.template [11ms]
2026-04-16 08:52:04.582 [info] > git for-each-ref --format=%(refname)%00%(upstream:short)%00%(objectname)%00%(upstream:track)%00%(upstream:remotename)%00%(upstream:remoteref) refs/heads/main refs/remotes/main [3ms]
2026-04-16 08:52:04.608 [info] > git for-each-ref --sort -committerdate --format %(refname)%00%(objectname)%00%(*objectname) [6ms]
2026-04-16 08:52:04.728 [info] > git status -z -uall [138ms]
2026-04-16 08:52:05.662 [info] > git check-ignore -v -z --stdin [4ms]
2026-04-16 08:52:09.759 [info] > git config --get commit.template [3ms]
2026-04-16 08:52:09.769 [info] > git for-each-ref --format=%(refname)%00%(upstream:short)%00%(objectname)%00%(upstream:track)%00%(upstream:remotename)%00%(upstream:remoteref) refs/heads/main refs/remotes/main [3ms]
2026-04-16 08:52:09.793 [info] > git for-each-ref --sort -committerdate --format %(refname)%00%(objectname)%00%(*objectname) [5ms]
2026-04-16 08:52:09.918 [info] > git status -z -uall [141ms]
2026-04-16 08:52:10.813 [info] > git check-ignore -v -z --stdin [5ms]
2026-04-16 08:52:14.953 [info] > git config --get commit.template [10ms]
2026-04-16 08:52:14.956 [info] > git for-each-ref --format=%(refname)%00%(upstream:short)%00%(objectname)%00%(upstream:track)%00%(upstream:remotename)%00%(upstream:remoteref) refs/heads/main refs/remotes/main [3ms]
2026-04-16 08:52:14.979 [info] > git for-each-ref --sort -committerdate --format %(refname)%00%(objectname)%00%(*objectname) [5ms]
2026-04-16 08:52:15.100 [info] > git status -z -uall [137ms]
2026-04-16 08:52:15.991 [info] > git check-ignore -v -z --stdin [4ms]
2026-04-16 08:52:20.138 [info] > git config --get commit.template [9ms]
2026-04-16 08:52:20.140 [info] > git for-each-ref --format=%(refname)%00%(upstream:short)%00%(objectname)%00%(upstream:track)%00%(upstream:remotename)%00%(upstream:remoteref) refs/heads/main refs/remotes/main [3ms]
2026-04-16 08:52:20.164 [info] > git for-each-ref --sort -committerdate --format %(refname)%00%(objectname)%00%(*objectname) [5ms]
2026-04-16 08:52:20.287 [info] > git status -z -uall [138ms]
2026-04-16 08:52:21.205 [info] > git check-ignore -v -z --stdin [3ms]
2026-04-16 08:52:25.312 [info] > git config --get commit.template [2ms]
2026-04-16 08:52:25.322 [info] > git for-each-ref --format=%(refname)%00%(upstream:short)%00%(objectname)%00%(upstream:track)%00%(upstream:remotename)%00%(upstream:remoteref) refs/heads/main refs/remotes/main [3ms]
2026-04-16 08:52:25.346 [info] > git for-each-ref --sort -committerdate --format %(refname)%00%(objectname)%00%(*objectname) [5ms]
2026-04-16 08:52:25.466 [info] > git status -z -uall [137ms]
2026-04-16 08:52:26.645 [info] > git check-ignore -v -z --stdin [4ms]
2026-04-16 08:52:30.522 [info] > git config --get commit.template [14ms]
2026-04-16 08:52:30.523 [info] > git for-each-ref --format=%(refname)%00%(upstream:short)%00%(objectname)%00%(upstream:track)%00%(upstream:remotename)%00%(upstream:remoteref) refs/heads/main refs/remotes/main [3ms]
2026-04-16 08:52:30.551 [info] > git for-each-ref --sort -committerdate --format %(refname)%00%(objectname)%00%(*objectname) [4ms]
2026-04-16 08:52:30.669 [info] > git status -z -uall [137ms]
2026-04-16 08:52:31.868 [info] > git check-ignore -v -z --stdin [4ms]
2026-04-16 08:52:35.708 [info] > git config --get commit.template [4ms]
2026-04-16 08:52:35.722 [info] > git for-each-ref --format=%(refname)%00%(upstream:short)%00%(objectname)%00%(upstream:track)%00%(upstream:remotename)%00%(upstream:remoteref) refs/heads/main refs/remotes/main [3ms]
2026-04-16 08:52:35.754 [info] > git for-each-ref --sort -committerdate --format %(refname)%00%(objectname)%00%(*objectname) [9ms]
2026-04-16 08:52:35.878 [info] > git status -z -uall [146ms]
2026-04-16 08:52:36.638 [info] > git check-ignore -v -z --stdin [3ms]
2026-04-16 08:52:40.917 [info] > git config --get commit.template [11ms]
2026-04-16 08:52:40.919 [info] > git for-each-ref --format=%(refname)%00%(upstream:short)%00%(objectname)%00%(upstream:track)%00%(upstream:remotename)%00%(upstream:remoteref) refs/heads/main refs/remotes/main [4ms]
2026-04-16 08:52:40.949 [info] > git for-each-ref --sort -committerdate --format %(refname)%00%(objectname)%00%(*objectname) [7ms]
2026-04-16 08:52:41.074 [info] > git status -z -uall [146ms]
2026-04-16 08:52:41.938 [info] > git check-ignore -v -z --stdin [30ms]
2026-04-16 08:52:46.140 [info] > git config --get commit.template [11ms]
2026-04-16 08:52:46.142 [info] > git for-each-ref --format=%(refname)%00%(upstream:short)%00%(objectname)%00%(upstream:track)%00%(upstream:remotename)%00%(upstream:remoteref) refs/heads/main refs/remotes/main [3ms]
2026-04-16 08:52:46.172 [info] > git for-each-ref --sort -committerdate --format %(refname)%00%(objectname)%00%(*objectname) [6ms]
2026-04-16 08:52:46.299 [info] > git status -z -uall [148ms]
2026-04-16 08:52:47.194 [info] > git check-ignore -v -z --stdin [4ms]
2026-04-16 08:52:51.339 [info] > git config --get commit.template [10ms]
2026-04-16 08:52:51.342 [info] > git for-each-ref --format=%(refname)%00%(upstream:short)%00%(objectname)%00%(upstream:track)%00%(upstream:remotename)%00%(upstream:remoteref) refs/heads/main refs/remotes/main [5ms]
2026-04-16 08:52:51.385 [info] > git for-each-ref --sort -committerdate --format %(refname)%00%(objectname)%00%(*objectname) [11ms]
2026-04-16 08:52:51.501 [info] > git status -z -uall [151ms]
2026-04-16 08:52:52.543 [info] > git check-ignore -v -z --stdin [3ms]
2026-04-16 08:52:56.539 [info] > git config --get commit.template [10ms]
2026-04-16 08:52:56.541 [info] > git for-each-ref --format=%(refname)%00%(upstream:short)%00%(objectname)%00%(upstream:track)%00%(upstream:remotename)%00%(upstream:remoteref) refs/heads/main refs/remotes/main [3ms]
2026-04-16 08:52:56.569 [info] > git for-each-ref --sort -committerdate --format %(refname)%00%(objectname)%00%(*objectname) [6ms]
2026-04-16 08:52:56.692 [info] > git status -z -uall [141ms]
2026-04-16 08:52:57.465 [info] > git check-ignore -v -z --stdin [3ms]
2026-04-16 08:53:01.728 [info] > git config --get commit.template [9ms]
2026-04-16 08:53:01.730 [info] > git for-each-ref --format=%(refname)%00%(upstream:short)%00%(objectname)%00%(upstream:track)%00%(upstream:remotename)%00%(upstream:remoteref) refs/heads/main refs/remotes/main [3ms]
2026-04-16 08:53:01.755 [info] > git for-each-ref --sort -committerdate --format %(refname)%00%(objectname)%00%(*objectname) [4ms]
2026-04-16 08:53:01.878 [info] > git status -z -uall [141ms]
2026-04-16 08:53:04.957 [info] > git check-ignore -v -z --stdin [5ms]
2026-04-16 08:53:06.908 [info] > git config --get commit.template [9ms]
2026-04-16 08:53:06.911 [info] > git for-each-ref --format=%(refname)%00%(upstream:short)%00%(objectname)%00%(upstream:track)%00%(upstream:remotename)%00%(upstream:remoteref) refs/heads/main refs/remotes/main [3ms]
2026-04-16 08:53:06.932 [info] > git for-each-ref --sort -committerdate --format %(refname)%00%(objectname)%00%(*objectname) [4ms]
2026-04-16 08:53:07.056 [info] > git status -z -uall [138ms]
2026-04-16 08:53:07.996 [info] > git check-ignore -v -z --stdin [3ms]
2026-04-16 08:53:12.092 [info] > git config --get commit.template [10ms]
2026-04-16 08:53:12.094 [info] > git for-each-ref --format=%(refname)%00%(upstream:short)%00%(objectname)%00%(upstream:track)%00%(upstream:remotename)%00%(upstream:remoteref) refs/heads/main refs/remotes/main [3ms]
2026-04-16 08:53:12.119 [info] > git for-each-ref --sort -committerdate --format %(refname)%00%(objectname)%00%(*objectname) [5ms]
2026-04-16 08:53:12.251 [info] > git status -z -uall [149ms]
2026-04-16 08:53:13.104 [info] > git check-ignore -v -z --stdin [3ms]
2026-04-16 08:53:17.276 [info] > git config --get commit.template [2ms]
2026-04-16 08:53:17.286 [info] > git for-each-ref --format=%(refname)%00%(upstream:short)%00%(objectname)%00%(upstream:track)%00%(upstream:remotename)%00%(upstream:remoteref) refs/heads/main refs/remotes/main [2ms]
2026-04-16 08:53:17.314 [info] > git for-each-ref --sort -committerdate --format %(refname)%00%(objectname)%00%(*objectname) [5ms]
2026-04-16 08:53:17.434 [info] > git status -z -uall [139ms]
2026-04-16 08:53:18.092 [info] > git check-ignore -v -z --stdin [4ms]
2026-04-16 08:53:22.472 [info] > git config --get commit.template [10ms]
2026-04-16 08:53:22.474 [info] > git for-each-ref --format=%(refname)%00%(upstream:short)%00%(objectname)%00%(upstream:track)%00%(upstream:remotename)%00%(upstream:remoteref) refs/heads/main refs/remotes/main [3ms]
2026-04-16 08:53:22.502 [info] > git for-each-ref --sort -committerdate --format %(refname)%00%(objectname)%00%(*objectname) [6ms]
2026-04-16 08:53:22.628 [info] > git status -z -uall [146ms]
2026-04-16 08:53:23.312 [info] > git check-ignore -v -z --stdin [4ms]
2026-04-16 08:53:27.668 [info] > git config --get commit.template [14ms]
2026-04-16 08:53:27.670 [info] > git for-each-ref --format=%(refname)%00%(upstream:short)%00%(objectname)%00%(upstream:track)%00%(upstream:remotename)%00%(upstream:remoteref) refs/heads/main refs/remotes/main [4ms]
2026-04-16 08:53:27.705 [info] > git for-each-ref --sort -committerdate --format %(refname)%00%(objectname)%00%(*objectname) [7ms]
2026-04-16 08:53:27.825 [info] > git status -z -uall [143ms]
2026-04-16 08:53:28.485 [info] > git check-ignore -v -z --stdin [4ms]
2026-04-16 08:53:32.861 [info] > git config --get commit.template [12ms]
2026-04-16 08:53:32.863 [info] > git for-each-ref --format=%(refname)%00%(upstream:short)%00%(objectname)%00%(upstream:track)%00%(upstream:remotename)%00%(upstream:remoteref) refs/heads/main refs/remotes/main [3ms]
2026-04-16 08:53:32.890 [info] > git for-each-ref --sort -committerdate --format %(refname)%00%(objectname)%00%(*objectname) [4ms]
2026-04-16 08:53:33.027 [info] > git status -z -uall [156ms]
2026-04-16 08:53:35.279 [info] > git check-ignore -v -z --stdin [4ms]
2026-04-16 08:53:38.058 [info] > git config --get commit.template [10ms]
2026-04-16 08:53:38.060 [info] > git for-each-ref --format=%(refname)%00%(upstream:short)%00%(objectname)%00%(upstream:track)%00%(upstream:remotename)%00%(upstream:remoteref) refs/heads/main refs/remotes/main [3ms]
2026-04-16 08:53:38.088 [info] > git for-each-ref --sort -committerdate --format %(refname)%00%(objectname)%00%(*objectname) [6ms]
2026-04-16 08:53:38.208 [info] > git status -z -uall [139ms]
2026-04-16 08:53:39.013 [info] > git check-ignore -v -z --stdin [3ms]
2026-04-16 08:53:43.245 [info] > git config --get commit.template [12ms]
2026-04-16 08:53:43.247 [info] > git for-each-ref --format=%(refname)%00%(upstream:short)%00%(objectname)%00%(upstream:track)%00%(upstream:remotename)%00%(upstream:remoteref) refs/heads/main refs/remotes/main [3ms]
2026-04-16 08:53:43.282 [info] > git for-each-ref --sort -committerdate --format %(refname)%00%(objectname)%00%(*objectname) [4ms]
2026-04-16 08:53:43.405 [info] > git status -z -uall [143ms]
2026-04-16 08:53:45.928 [info] > git check-ignore -v -z --stdin [3ms]
2026-04-16 08:53:48.439 [info] > git config --get commit.template [10ms]
2026-04-16 08:53:48.442 [info] > git for-each-ref --format=%(refname)%00%(upstream:short)%00%(objectname)%00%(upstream:track)%00%(upstream:remotename)%00%(upstream:remoteref) refs/heads/main refs/remotes/main [5ms]
2026-04-16 08:53:48.475 [info] > git for-each-ref --sort -committerdate --format %(refname)%00%(objectname)%00%(*objectname) [5ms]
2026-04-16 08:53:48.597 [info] > git status -z -uall [146ms]
2026-04-16 08:53:51.757 [info] > git check-ignore -v -z --stdin [3ms]
2026-04-16 08:53:53.623 [info] > git config --get commit.template [5ms]
2026-04-16 08:53:53.634 [info] > git for-each-ref --format=%(refname)%00%(upstream:short)%00%(objectname)%00%(upstream:track)%00%(upstream:remotename)%00%(upstream:remoteref) refs/heads/main refs/remotes/main [3ms]
2026-04-16 08:53:53.660 [info] > git for-each-ref --sort -committerdate --format %(refname)%00%(objectname)%00%(*objectname) [6ms]
2026-04-16 08:53:53.791 [info] > git status -z -uall [148ms]
2026-04-16 08:53:54.585 [info] > git check-ignore -v -z --stdin [4ms]
2026-04-16 08:53:58.816 [info] > git config --get commit.template [3ms]
2026-04-16 08:53:58.827 [info] > git for-each-ref --format=%(refname)%00%(upstream:short)%00%(objectname)%00%(upstream:track)%00%(upstream:remotename)%00%(upstream:remoteref) refs/heads/main refs/remotes/main [3ms]
2026-04-16 08:53:58.852 [info] > git for-each-ref --sort -committerdate --format %(refname)%00%(objectname)%00%(*objectname) [4ms]
2026-04-16 08:53:58.970 [info] > git status -z -uall [136ms]
2026-04-16 08:53:59.668 [info] > git check-ignore -v -z --stdin [3ms]
2026-04-16 08:54:04.004 [info] > git config --get commit.template [10ms]
2026-04-16 08:54:04.006 [info] > git for-each-ref --format=%(refname)%00%(upstream:short)%00%(objectname)%00%(upstream:track)%00%(upstream:remotename)%00%(upstream:remoteref) refs/heads/main refs/remotes/main [3ms]
2026-04-16 08:54:04.031 [info] > git for-each-ref --sort -committerdate --format %(refname)%00%(objectname)%00%(*objectname) [5ms]
2026-04-16 08:54:04.152 [info] > git status -z -uall [138ms]
2026-04-16 08:54:05.020 [info] > git check-ignore -v -z --stdin [4ms]
2026-04-16 08:54:09.175 [info] > git config --get commit.template [3ms]
2026-04-16 08:54:09.185 [info] > git for-each-ref --format=%(refname)%00%(upstream:short)%00%(objectname)%00%(upstream:track)%00%(upstream:remotename)%00%(upstream:remoteref) refs/heads/main refs/remotes/main [2ms]
2026-04-16 08:54:09.214 [info] > git for-each-ref --sort -committerdate --format %(refname)%00%(objectname)%00%(*objectname) [5ms]
2026-04-16 08:54:09.337 [info] > git status -z -uall [144ms]
2026-04-16 08:54:10.028 [info] > git check-ignore -v -z --stdin [3ms]
2026-04-16 08:54:14.363 [info] > git config --get commit.template [2ms]
2026-04-16 08:54:14.374 [info] > git for-each-ref --format=%(refname)%00%(upstream:short)%00%(objectname)%00%(upstream:track)%00%(upstream:remotename)%00%(upstream:remoteref) refs/heads/main refs/remotes/main [3ms]
2026-04-16 08:54:14.400 [info] > git for-each-ref --sort -committerdate --format %(refname)%00%(objectname)%00%(*objectname) [5ms]
2026-04-16 08:54:14.519 [info] > git status -z -uall [137ms]
2026-04-16 08:54:15.427 [info] > git check-ignore -v -z --stdin [3ms]
2026-04-16 08:54:19.548 [info] > git config --get commit.template [10ms]
2026-04-16 08:54:19.550 [info] > git for-each-ref --format=%(refname)%00%(upstream:short)%00%(objectname)%00%(upstream:track)%00%(upstream:remotename)%00%(upstream:remoteref) refs/heads/main refs/remotes/main [3ms]
2026-04-16 08:54:19.574 [info] > git for-each-ref --sort -committerdate --format %(refname)%00%(objectname)%00%(*objectname) [6ms]
2026-04-16 08:54:19.695 [info] > git status -z -uall [138ms]
2026-04-16 08:54:20.485 [info] > git check-ignore -v -z --stdin [4ms]
2026-04-16 08:54:24.725 [info] > git config --get commit.template [9ms]
2026-04-16 08:54:24.727 [info] > git for-each-ref --format=%(refname)%00%(upstream:short)%00%(objectname)%00%(upstream:track)%00%(upstream:remotename)%00%(upstream:remoteref) refs/heads/main refs/remotes/main [3ms]
2026-04-16 08:54:24.758 [info] > git for-each-ref --sort -committerdate --format %(refname)%00%(objectname)%00%(*objectname) [5ms]
2026-04-16 08:54:24.880 [info] > git status -z -uall [143ms]
2026-04-16 08:54:25.648 [info] > git check-ignore -v -z --stdin [3ms]
2026-04-16 08:54:30.205 [info] > git config --get commit.template [10ms]
2026-04-16 08:54:30.208 [info] > git for-each-ref --format=%(refname)%00%(upstream:short)%00%(objectname)%00%(upstream:track)%00%(upstream:remotename)%00%(upstream:remoteref) refs/heads/main refs/remotes/main [4ms]
2026-04-16 08:54:30.232 [info] > git for-each-ref --sort -committerdate --format %(refname)%00%(objectname)%00%(*objectname) [5ms]
2026-04-16 08:54:30.357 [info] > git status -z -uall [142ms]
2026-04-16 08:54:30.940 [info] > git check-ignore -v -z --stdin [4ms]
2026-04-16 08:54:31.178 [info] > git check-ignore -v -z --stdin [4ms]
2026-04-16 08:54:35.382 [info] > git config --get commit.template [3ms]
2026-04-16 08:54:35.392 [info] > git for-each-ref --format=%(refname)%00%(upstream:short)%00%(objectname)%00%(upstream:track)%00%(upstream:remotename)%00%(upstream:remoteref) refs/heads/main refs/remotes/main [3ms]
2026-04-16 08:54:35.420 [info] > git for-each-ref --sort -committerdate --format %(refname)%00%(objectname)%00%(*objectname) [5ms]
2026-04-16 08:54:35.542 [info] > git status -z -uall [138ms]
2026-04-16 08:54:36.888 [info] > git check-ignore -v -z --stdin [4ms]
2026-04-16 08:54:40.565 [info] > git config --get commit.template [3ms]
2026-04-16 08:54:40.575 [info] > git for-each-ref --format=%(refname)%00%(upstream:short)%00%(objectname)%00%(upstream:track)%00%(upstream:remotename)%00%(upstream:remoteref) refs/heads/main refs/remotes/main [2ms]
2026-04-16 08:54:40.599 [info] > git for-each-ref --sort -committerdate --format %(refname)%00%(objectname)%00%(*objectname) [5ms]
2026-04-16 08:54:40.717 [info] > git status -z -uall [134ms]
2026-04-16 08:54:41.429 [info] > git check-ignore -v -z --stdin [3ms]
2026-04-16 08:54:45.748 [info] > git config --get commit.template [10ms]
2026-04-16 08:54:45.749 [info] > git for-each-ref --format=%(refname)%00%(upstream:short)%00%(objectname)%00%(upstream:track)%00%(upstream:remotename)%00%(upstream:remoteref) refs/heads/main refs/remotes/main [3ms]
2026-04-16 08:54:45.774 [info] > git for-each-ref --sort -committerdate --format %(refname)%00%(objectname)%00%(*objectname) [5ms]
2026-04-16 08:54:45.899 [info] > git status -z -uall [141ms]
2026-04-16 08:54:46.911 [info] > git check-ignore -v -z --stdin [4ms]
2026-04-16 08:54:50.932 [info] > git config --get commit.template [11ms]
2026-04-16 08:54:50.934 [info] > git for-each-ref --format=%(refname)%00%(upstream:short)%00%(objectname)%00%(upstream:track)%00%(upstream:remotename)%00%(upstream:remoteref) refs/heads/main refs/remotes/main [3ms]
2026-04-16 08:54:50.958 [info] > git for-each-ref --sort -committerdate --format %(refname)%00%(objectname)%00%(*objectname) [5ms]
2026-04-16 08:54:51.079 [info] > git status -z -uall [138ms]
2026-04-16 08:54:51.729 [info] > git check-ignore -v -z --stdin [3ms]
2026-04-16 08:54:56.125 [info] > git config --get commit.template [12ms]
2026-04-16 08:54:56.127 [info] > git for-each-ref --format=%(refname)%00%(upstream:short)%00%(objectname)%00%(upstream:track)%00%(upstream:remotename)%00%(upstream:remoteref) refs/heads/main refs/remotes/main [3ms]
2026-04-16 08:54:56.151 [info] > git for-each-ref --sort -committerdate --format %(refname)%00%(objectname)%00%(*objectname) [5ms]
2026-04-16 08:54:56.277 [info] > git status -z -uall [142ms]
2026-04-16 08:54:58.633 [info] > git check-ignore -v -z --stdin [4ms]
2026-04-16 08:55:01.310 [info] > git config --get commit.template [11ms]
2026-04-16 08:55:01.312 [info] > git for-each-ref --format=%(refname)%00%(upstream:short)%00%(objectname)%00%(upstream:track)%00%(upstream:remotename)%00%(upstream:remoteref) refs/heads/main refs/remotes/main [3ms]
2026-04-16 08:55:01.342 [info] > git for-each-ref --sort -committerdate --format %(refname)%00%(objectname)%00%(*objectname) [5ms]
2026-04-16 08:55:01.465 [info] > git status -z -uall [145ms]
2026-04-16 08:55:02.567 [info] > git check-ignore -v -z --stdin [5ms]
2026-04-16 08:55:22.268 [info] > git config --get commit.template [13ms]
2026-04-16 08:55:22.270 [info] > git for-each-ref --format=%(refname)%00%(upstream:short)%00%(objectname)%00%(upstream:track)%00%(upstream:remotename)%00%(upstream:remoteref) refs/heads/main refs/remotes/main [3ms]
2026-04-16 08:55:22.303 [info] > git for-each-ref --sort -committerdate --format %(refname)%00%(objectname)%00%(*objectname) [5ms]
2026-04-16 08:55:22.423 [info] > git status -z -uall [137ms]
2026-04-16 08:55:23.022 [info] > git check-ignore -v -z --stdin [7ms]
2026-04-16 08:55:23.163 [info] > git log --format=%H%n%aN%n%aE%n%at%n%ct%n%P%n%D%n%B -z --shortstat --diff-merges=first-parent -n50 --skip=0 --topo-order --decorate=full --stdin [672ms]
2026-04-16 08:55:23.270 [info] > git merge-base main origin/main [11ms]
2026-04-16 08:55:23.272 [info] > git check-ignore -v -z --stdin [4ms]
2026-04-16 08:55:27.453 [info] > git config --get commit.template [2ms]
2026-04-16 08:55:27.464 [info] > git for-each-ref --format=%(refname)%00%(upstream:short)%00%(objectname)%00%(upstream:track)%00%(upstream:remotename)%00%(upstream:remoteref) refs/heads/main refs/remotes/main [3ms]
2026-04-16 08:55:27.489 [info] > git for-each-ref --sort -committerdate --format %(refname)%00%(objectname)%00%(*objectname) [7ms]
2026-04-16 08:55:27.603 [info] > git status -z -uall [132ms]
2026-04-16 08:55:28.323 [info] > git check-ignore -v -z --stdin [3ms]
2026-04-16 08:55:32.041 [info] > git check-ignore -v -z --stdin [4ms]
2026-04-16 08:55:32.635 [info] > git config --get commit.template [5ms]
2026-04-16 08:55:32.646 [info] > git for-each-ref --format=%(refname)%00%(upstream:short)%00%(objectname)%00%(upstream:track)%00%(upstream:remotename)%00%(upstream:remoteref) refs/heads/main refs/remotes/main [3ms]
2026-04-16 08:55:32.677 [info] > git for-each-ref --sort -committerdate --format %(refname)%00%(objectname)%00%(*objectname) [6ms]
2026-04-16 08:55:32.796 [info] > git status -z -uall [140ms]
2026-04-16 08:55:33.849 [info] > git check-ignore -v -z --stdin [3ms]
2026-04-16 08:55:37.829 [info] > git config --get commit.template [3ms]
2026-04-16 08:55:37.840 [info] > git for-each-ref --format=%(refname)%00%(upstream:short)%00%(objectname)%00%(upstream:track)%00%(upstream:remotename)%00%(upstream:remoteref) refs/heads/main refs/remotes/main [3ms]
2026-04-16 08:55:37.869 [info] > git for-each-ref --sort -committerdate --format %(refname)%00%(objectname)%00%(*objectname) [4ms]
2026-04-16 08:55:37.989 [info] > git status -z -uall [140ms]
2026-04-16 08:55:39.858 [info] > git check-ignore -v -z --stdin [4ms]
2026-04-16 08:55:43.033 [info] > git config --get commit.template [12ms]
2026-04-16 08:55:43.035 [info] > git for-each-ref --format=%(refname)%00%(upstream:short)%00%(objectname)%00%(upstream:track)%00%(upstream:remotename)%00%(upstream:remoteref) refs/heads/main refs/remotes/main [4ms]
2026-04-16 08:55:43.065 [info] > git for-each-ref --sort -committerdate --format %(refname)%00%(objectname)%00%(*objectname) [5ms]
2026-04-16 08:55:43.187 [info] > git status -z -uall [141ms]
2026-04-16 08:55:46.050 [info] > git check-ignore -v -z --stdin [4ms]
2026-04-16 08:55:48.227 [info] > git config --get commit.template [11ms]
2026-04-16 08:55:48.229 [info] > git for-each-ref --format=%(refname)%00%(upstream:short)%00%(objectname)%00%(upstream:track)%00%(upstream:remotename)%00%(upstream:remoteref) refs/heads/main refs/remotes/main [3ms]
2026-04-16 08:55:48.262 [info] > git for-each-ref --sort -committerdate --format %(refname)%00%(objectname)%00%(*objectname) [7ms]
2026-04-16 08:55:48.391 [info] > git status -z -uall [153ms]
2026-04-16 08:55:53.421 [info] > git config --get commit.template [3ms]
2026-04-16 08:55:53.433 [info] > git for-each-ref --format=%(refname)%00%(upstream:short)%00%(objectname)%00%(upstream:track)%00%(upstream:remotename)%00%(upstream:remoteref) refs/heads/main refs/remotes/main [3ms]
2026-04-16 08:55:53.464 [info] > git for-each-ref --sort -committerdate --format %(refname)%00%(objectname)%00%(*objectname) [6ms]
2026-04-16 08:55:53.583 [info] > git status -z -uall [139ms]
2026-04-16 08:56:14.402 [info] > git check-ignore -v -z --stdin [4ms]
2026-04-16 08:56:14.965 [info] > git config --get commit.template [10ms]
2026-04-16 08:56:14.967 [info] > git for-each-ref --format=%(refname)%00%(upstream:short)%00%(objectname)%00%(upstream:track)%00%(upstream:remotename)%00%(upstream:remoteref) refs/heads/main refs/remotes/main [3ms]
2026-04-16 08:56:14.991 [info] > git for-each-ref --sort -committerdate --format %(refname)%00%(objectname)%00%(*objectname) [6ms]
2026-04-16 08:56:15.108 [info] > git status -z -uall [134ms]
2026-04-16 08:56:20.735 [info] > git check-ignore -v -z --stdin [4ms]
2026-04-16 08:56:21.063 [info] > git check-ignore -v -z --stdin [16ms]
2026-04-16 08:56:21.252 [info] > git check-ignore -v -z --stdin [3ms]
2026-04-16 08:56:22.468 [info] > git config --get commit.template [14ms]
2026-04-16 08:56:22.471 [info] > git for-each-ref --format=%(refname)%00%(upstream:short)%00%(objectname)%00%(upstream:track)%00%(upstream:remotename)%00%(upstream:remoteref) refs/heads/main refs/remotes/main [4ms]
2026-04-16 08:56:22.499 [info] > git for-each-ref --sort -committerdate --format %(refname)%00%(objectname)%00%(*objectname) [7ms]
2026-04-16 08:56:22.617 [info] > git status -z -uall [138ms]
2026-04-16 08:56:24.349 [info] > git check-ignore -v -z --stdin [9ms]
2026-04-16 08:56:53.815 [info] > git check-ignore -v -z --stdin [4ms]
